<?xml version="1.0" encoding="ISO-8859-1" ?>
<link_info>
   <banner>MSP430 Linker PC v21.6.1.LTS</banner>
   <copyright>Copyright (c) 2003-2018 Texas Instruments Incorporated</copyright>
   <link_time>0x69a68b7f</link_time>
   <link_errors>0x0</link_errors>
   <output_file>8TX4RX_L.out</output_file>
   <entry_point>
      <name>_c_int00_noargs</name>
      <address>0xe20c</address>
   </entry_point>
   <input_file_list>
      <input_file id="fl-2">
         <path>.\</path>
         <kind>object</kind>
         <file>main.obj</file>
         <name>main.obj</name>
      </input_file>
      <input_file id="fl-3">
         <path>.\captivate\ADVANCED\</path>
         <kind>object</kind>
         <file>CAPT_Manager.obj</file>
         <name>CAPT_Manager.obj</name>
      </input_file>
      <input_file id="fl-4">
         <path>.\captivate\BASE\</path>
         <kind>object</kind>
         <file>CAPT_ISR.obj</file>
         <name>CAPT_ISR.obj</name>
      </input_file>
      <input_file id="fl-5">
         <path>.\captivate\COMM\</path>
         <kind>object</kind>
         <file>CAPT_Interface.obj</file>
         <name>CAPT_Interface.obj</name>
      </input_file>
      <input_file id="fl-6">
         <path>.\captivate\COMM\</path>
         <kind>object</kind>
         <file>FunctionTimer.obj</file>
         <name>FunctionTimer.obj</name>
      </input_file>
      <input_file id="fl-7">
         <path>.\captivate\COMM\</path>
         <kind>object</kind>
         <file>I2CSlave.obj</file>
         <name>I2CSlave.obj</name>
      </input_file>
      <input_file id="fl-8">
         <path>.\captivate\COMM\</path>
         <kind>object</kind>
         <file>UART.obj</file>
         <name>UART.obj</name>
      </input_file>
      <input_file id="fl-9">
         <path>.\captivate_app\</path>
         <kind>object</kind>
         <file>CAPT_App.obj</file>
         <name>CAPT_App.obj</name>
      </input_file>
      <input_file id="fl-a">
         <path>.\captivate_app\</path>
         <kind>object</kind>
         <file>CAPT_BSP.obj</file>
         <name>CAPT_BSP.obj</name>
      </input_file>
      <input_file id="fl-b">
         <path>.\captivate_config\</path>
         <kind>object</kind>
         <file>CAPT_UserConfig.obj</file>
         <name>CAPT_UserConfig.obj</name>
      </input_file>
      <input_file id="fl-c">
         <path>.\mymodule\</path>
         <kind>object</kind>
         <file>mymodule.obj</file>
         <name>mymodule.obj</name>
      </input_file>
      <input_file id="fl-1c">
         <kind>object</kind>
         <file>&lt;internal&gt;</file>
         <name>&lt;internal&gt;</name>
      </input_file>
      <input_file id="fl-1d">
         <path>..\captivate\BASE\libraries\</path>
         <kind>archive</kind>
         <file>captivate_fr2633_family.lib</file>
         <name>CAPT_Calibration.o</name>
      </input_file>
      <input_file id="fl-1e">
         <path>..\captivate\BASE\libraries\</path>
         <kind>archive</kind>
         <file>captivate_fr2633_family.lib</file>
         <name>CAPT_EMC.o</name>
      </input_file>
      <input_file id="fl-1f">
         <path>..\captivate\BASE\libraries\</path>
         <kind>archive</kind>
         <file>captivate_fr2633_family.lib</file>
         <name>CAPT_HAL.o</name>
      </input_file>
      <input_file id="fl-20">
         <path>..\captivate\BASE\libraries\</path>
         <kind>archive</kind>
         <file>captivate_fr2633_family.lib</file>
         <name>CAPT_Touch.o</name>
      </input_file>
      <input_file id="fl-21">
         <path>..\driverlib\MSP430FR2xx_4xx\libraries\</path>
         <kind>archive</kind>
         <file>driverlib_fr2633_family.lib</file>
         <name>cs.o</name>
      </input_file>
      <input_file id="fl-22">
         <path>..\driverlib\MSP430FR2xx_4xx\libraries\</path>
         <kind>archive</kind>
         <file>driverlib_fr2633_family.lib</file>
         <name>framctl.o</name>
      </input_file>
      <input_file id="fl-47">
         <path>C:\ti\ccs2041\ccs\tools\compiler\ti-cgt-msp430_21.6.1.LTS\lib\</path>
         <kind>archive</kind>
         <file>rts430x_sc_sd_eabi.lib</file>
         <name>div16s.asm.obj</name>
      </input_file>
      <input_file id="fl-48">
         <path>C:\ti\ccs2041\ccs\tools\compiler\ti-cgt-msp430_21.6.1.LTS\lib\</path>
         <kind>archive</kind>
         <file>rts430x_sc_sd_eabi.lib</file>
         <name>div16u.asm.obj</name>
      </input_file>
      <input_file id="fl-49">
         <path>C:\ti\ccs2041\ccs\tools\compiler\ti-cgt-msp430_21.6.1.LTS\lib\</path>
         <kind>archive</kind>
         <file>rts430x_sc_sd_eabi.lib</file>
         <name>div32s.asm.obj</name>
      </input_file>
      <input_file id="fl-4a">
         <path>C:\ti\ccs2041\ccs\tools\compiler\ti-cgt-msp430_21.6.1.LTS\lib\</path>
         <kind>archive</kind>
         <file>rts430x_sc_sd_eabi.lib</file>
         <name>div32u.asm.obj</name>
      </input_file>
      <input_file id="fl-4b">
         <path>C:\ti\ccs2041\ccs\tools\compiler\ti-cgt-msp430_21.6.1.LTS\lib\</path>
         <kind>archive</kind>
         <file>rts430x_sc_sd_eabi.lib</file>
         <name>int41.asm.obj</name>
      </input_file>
      <input_file id="fl-4c">
         <path>C:\ti\ccs2041\ccs\tools\compiler\ti-cgt-msp430_21.6.1.LTS\lib\</path>
         <kind>archive</kind>
         <file>rts430x_sc_sd_eabi.lib</file>
         <name>int42.asm.obj</name>
      </input_file>
      <input_file id="fl-4d">
         <path>C:\ti\ccs2041\ccs\tools\compiler\ti-cgt-msp430_21.6.1.LTS\lib\</path>
         <kind>archive</kind>
         <file>rts430x_sc_sd_eabi.lib</file>
         <name>int43.asm.obj</name>
      </input_file>
      <input_file id="fl-4e">
         <path>C:\ti\ccs2041\ccs\tools\compiler\ti-cgt-msp430_21.6.1.LTS\lib\</path>
         <kind>archive</kind>
         <file>rts430x_sc_sd_eabi.lib</file>
         <name>int44.asm.obj</name>
      </input_file>
      <input_file id="fl-4f">
         <path>C:\ti\ccs2041\ccs\tools\compiler\ti-cgt-msp430_21.6.1.LTS\lib\</path>
         <kind>archive</kind>
         <file>rts430x_sc_sd_eabi.lib</file>
         <name>int45.asm.obj</name>
      </input_file>
      <input_file id="fl-50">
         <path>C:\ti\ccs2041\ccs\tools\compiler\ti-cgt-msp430_21.6.1.LTS\lib\</path>
         <kind>archive</kind>
         <file>rts430x_sc_sd_eabi.lib</file>
         <name>int47.asm.obj</name>
      </input_file>
      <input_file id="fl-51">
         <path>C:\ti\ccs2041\ccs\tools\compiler\ti-cgt-msp430_21.6.1.LTS\lib\</path>
         <kind>archive</kind>
         <file>rts430x_sc_sd_eabi.lib</file>
         <name>int48.asm.obj</name>
      </input_file>
      <input_file id="fl-52">
         <path>C:\ti\ccs2041\ccs\tools\compiler\ti-cgt-msp430_21.6.1.LTS\lib\</path>
         <kind>archive</kind>
         <file>rts430x_sc_sd_eabi.lib</file>
         <name>int49.asm.obj</name>
      </input_file>
      <input_file id="fl-53">
         <path>C:\ti\ccs2041\ccs\tools\compiler\ti-cgt-msp430_21.6.1.LTS\lib\</path>
         <kind>archive</kind>
         <file>rts430x_sc_sd_eabi.lib</file>
         <name>int50.asm.obj</name>
      </input_file>
      <input_file id="fl-54">
         <path>C:\ti\ccs2041\ccs\tools\compiler\ti-cgt-msp430_21.6.1.LTS\lib\</path>
         <kind>archive</kind>
         <file>rts430x_sc_sd_eabi.lib</file>
         <name>int51.asm.obj</name>
      </input_file>
      <input_file id="fl-55">
         <path>C:\ti\ccs2041\ccs\tools\compiler\ti-cgt-msp430_21.6.1.LTS\lib\</path>
         <kind>archive</kind>
         <file>rts430x_sc_sd_eabi.lib</file>
         <name>int52.asm.obj</name>
      </input_file>
      <input_file id="fl-56">
         <path>C:\ti\ccs2041\ccs\tools\compiler\ti-cgt-msp430_21.6.1.LTS\lib\</path>
         <kind>archive</kind>
         <file>rts430x_sc_sd_eabi.lib</file>
         <name>int53.asm.obj</name>
      </input_file>
      <input_file id="fl-57">
         <path>C:\ti\ccs2041\ccs\tools\compiler\ti-cgt-msp430_21.6.1.LTS\lib\</path>
         <kind>archive</kind>
         <file>rts430x_sc_sd_eabi.lib</file>
         <name>int54.asm.obj</name>
      </input_file>
      <input_file id="fl-58">
         <path>C:\ti\ccs2041\ccs\tools\compiler\ti-cgt-msp430_21.6.1.LTS\lib\</path>
         <kind>archive</kind>
         <file>rts430x_sc_sd_eabi.lib</file>
         <name>int55.asm.obj</name>
      </input_file>
      <input_file id="fl-59">
         <path>C:\ti\ccs2041\ccs\tools\compiler\ti-cgt-msp430_21.6.1.LTS\lib\</path>
         <kind>archive</kind>
         <file>rts430x_sc_sd_eabi.lib</file>
         <name>int56.asm.obj</name>
      </input_file>
      <input_file id="fl-5a">
         <path>C:\ti\ccs2041\ccs\tools\compiler\ti-cgt-msp430_21.6.1.LTS\lib\</path>
         <kind>archive</kind>
         <file>rts430x_sc_sd_eabi.lib</file>
         <name>int57.asm.obj</name>
      </input_file>
      <input_file id="fl-5b">
         <path>C:\ti\ccs2041\ccs\tools\compiler\ti-cgt-msp430_21.6.1.LTS\lib\</path>
         <kind>archive</kind>
         <file>rts430x_sc_sd_eabi.lib</file>
         <name>int58.asm.obj</name>
      </input_file>
      <input_file id="fl-5c">
         <path>C:\ti\ccs2041\ccs\tools\compiler\ti-cgt-msp430_21.6.1.LTS\lib\</path>
         <kind>archive</kind>
         <file>rts430x_sc_sd_eabi.lib</file>
         <name>isr_trap.asm.obj</name>
      </input_file>
      <input_file id="fl-5d">
         <path>C:\ti\ccs2041\ccs\tools\compiler\ti-cgt-msp430_21.6.1.LTS\lib\</path>
         <kind>archive</kind>
         <file>rts430x_sc_sd_eabi.lib</file>
         <name>lsl16.asm.obj</name>
      </input_file>
      <input_file id="fl-5e">
         <path>C:\ti\ccs2041\ccs\tools\compiler\ti-cgt-msp430_21.6.1.LTS\lib\</path>
         <kind>archive</kind>
         <file>rts430x_sc_sd_eabi.lib</file>
         <name>lsl32.asm.obj</name>
      </input_file>
      <input_file id="fl-5f">
         <path>C:\ti\ccs2041\ccs\tools\compiler\ti-cgt-msp430_21.6.1.LTS\lib\</path>
         <kind>archive</kind>
         <file>rts430x_sc_sd_eabi.lib</file>
         <name>lsr16.asm.obj</name>
      </input_file>
      <input_file id="fl-60">
         <path>C:\ti\ccs2041\ccs\tools\compiler\ti-cgt-msp430_21.6.1.LTS\lib\</path>
         <kind>archive</kind>
         <file>rts430x_sc_sd_eabi.lib</file>
         <name>lsr32.asm.obj</name>
      </input_file>
      <input_file id="fl-61">
         <path>C:\ti\ccs2041\ccs\tools\compiler\ti-cgt-msp430_21.6.1.LTS\lib\</path>
         <kind>archive</kind>
         <file>rts430x_sc_sd_eabi.lib</file>
         <name>mult16_f5hw.asm.obj</name>
      </input_file>
      <input_file id="fl-62">
         <path>C:\ti\ccs2041\ccs\tools\compiler\ti-cgt-msp430_21.6.1.LTS\lib\</path>
         <kind>archive</kind>
         <file>rts430x_sc_sd_eabi.lib</file>
         <name>mult1632.asm.obj</name>
      </input_file>
      <input_file id="fl-63">
         <path>C:\ti\ccs2041\ccs\tools\compiler\ti-cgt-msp430_21.6.1.LTS\lib\</path>
         <kind>archive</kind>
         <file>rts430x_sc_sd_eabi.lib</file>
         <name>mult1632_f5hw.asm.obj</name>
      </input_file>
      <input_file id="fl-64">
         <path>C:\ti\ccs2041\ccs\tools\compiler\ti-cgt-msp430_21.6.1.LTS\lib\</path>
         <kind>archive</kind>
         <file>rts430x_sc_sd_eabi.lib</file>
         <name>mult32.asm.obj</name>
      </input_file>
      <input_file id="fl-65">
         <path>C:\ti\ccs2041\ccs\tools\compiler\ti-cgt-msp430_21.6.1.LTS\lib\</path>
         <kind>archive</kind>
         <file>rts430x_sc_sd_eabi.lib</file>
         <name>mult32_f5hw.asm.obj</name>
      </input_file>
      <input_file id="fl-66">
         <path>C:\ti\ccs2041\ccs\tools\compiler\ti-cgt-msp430_21.6.1.LTS\lib\</path>
         <kind>archive</kind>
         <file>rts430x_sc_sd_eabi.lib</file>
         <name>mult3264_f5hw.asm.obj</name>
      </input_file>
      <input_file id="fl-67">
         <path>C:\ti\ccs2041\ccs\tools\compiler\ti-cgt-msp430_21.6.1.LTS\lib\</path>
         <kind>archive</kind>
         <file>rts430x_sc_sd_eabi.lib</file>
         <name>mult64.asm.obj</name>
      </input_file>
      <input_file id="fl-68">
         <path>C:\ti\ccs2041\ccs\tools\compiler\ti-cgt-msp430_21.6.1.LTS\lib\</path>
         <kind>archive</kind>
         <file>rts430x_sc_sd_eabi.lib</file>
         <name>mult64_f5hw.asm.obj</name>
      </input_file>
      <input_file id="fl-69">
         <path>C:\ti\ccs2041\ccs\tools\compiler\ti-cgt-msp430_21.6.1.LTS\lib\</path>
         <kind>archive</kind>
         <file>rts430x_sc_sd_eabi.lib</file>
         <name>boot.c.obj</name>
      </input_file>
      <input_file id="fl-6a">
         <path>C:\ti\ccs2041\ccs\tools\compiler\ti-cgt-msp430_21.6.1.LTS\lib\</path>
         <kind>archive</kind>
         <file>rts430x_sc_sd_eabi.lib</file>
         <name>autoinit.c.obj</name>
      </input_file>
      <input_file id="fl-6b">
         <path>C:\ti\ccs2041\ccs\tools\compiler\ti-cgt-msp430_21.6.1.LTS\lib\</path>
         <kind>archive</kind>
         <file>rts430x_sc_sd_eabi.lib</file>
         <name>copy_zero_init.c.obj</name>
      </input_file>
      <input_file id="fl-6c">
         <path>C:\ti\ccs2041\ccs\tools\compiler\ti-cgt-msp430_21.6.1.LTS\lib\</path>
         <kind>archive</kind>
         <file>rts430x_sc_sd_eabi.lib</file>
         <name>cpy_tbl.c.obj</name>
      </input_file>
      <input_file id="fl-6d">
         <path>C:\ti\ccs2041\ccs\tools\compiler\ti-cgt-msp430_21.6.1.LTS\lib\</path>
         <kind>archive</kind>
         <file>rts430x_sc_sd_eabi.lib</file>
         <name>mpu_init.c.obj</name>
      </input_file>
      <input_file id="fl-6e">
         <path>C:\ti\ccs2041\ccs\tools\compiler\ti-cgt-msp430_21.6.1.LTS\lib\</path>
         <kind>archive</kind>
         <file>rts430x_sc_sd_eabi.lib</file>
         <name>lsl64.c.obj</name>
      </input_file>
      <input_file id="fl-6f">
         <path>C:\ti\ccs2041\ccs\tools\compiler\ti-cgt-msp430_21.6.1.LTS\lib\</path>
         <kind>archive</kind>
         <file>rts430x_sc_sd_eabi.lib</file>
         <name>lsr64.c.obj</name>
      </input_file>
      <input_file id="fl-70">
         <path>C:\ti\ccs2041\ccs\tools\compiler\ti-cgt-msp430_21.6.1.LTS\lib\</path>
         <kind>archive</kind>
         <file>rts430x_sc_sd_eabi.lib</file>
         <name>startup.c.obj</name>
      </input_file>
      <input_file id="fl-71">
         <path>C:\ti\ccs2041\ccs\tools\compiler\ti-cgt-msp430_21.6.1.LTS\lib\</path>
         <kind>archive</kind>
         <file>rts430x_sc_sd_eabi.lib</file>
         <name>copy_decompress_none.c.obj</name>
      </input_file>
      <input_file id="fl-72">
         <path>C:\ti\ccs2041\ccs\tools\compiler\ti-cgt-msp430_21.6.1.LTS\lib\</path>
         <kind>archive</kind>
         <file>rts430x_sc_sd_eabi.lib</file>
         <name>copy_decompress_lzss.c.obj</name>
      </input_file>
      <input_file id="fl-73">
         <path>C:\ti\ccs2041\ccs\tools\compiler\ti-cgt-msp430_21.6.1.LTS\lib\</path>
         <kind>archive</kind>
         <file>rts430x_sc_sd_eabi.lib</file>
         <name>exit.c.obj</name>
      </input_file>
      <input_file id="fl-74">
         <path>C:\ti\ccs2041\ccs\tools\compiler\ti-cgt-msp430_21.6.1.LTS\lib\</path>
         <kind>archive</kind>
         <file>rts430x_sc_sd_eabi.lib</file>
         <name>_lock.c.obj</name>
      </input_file>
      <input_file id="fl-75">
         <path>C:\ti\ccs2041\ccs\tools\compiler\ti-cgt-msp430_21.6.1.LTS\lib\</path>
         <kind>archive</kind>
         <file>rts430x_sc_sd_eabi.lib</file>
         <name>args_main.c.obj</name>
      </input_file>
      <input_file id="fl-76">
         <path>C:\ti\ccs2041\ccs\tools\compiler\ti-cgt-msp430_21.6.1.LTS\lib\</path>
         <kind>archive</kind>
         <file>rts430x_sc_sd_eabi.lib</file>
         <name>memcpy.c.obj</name>
      </input_file>
      <input_file id="fl-77">
         <path>C:\ti\ccs2041\ccs\tools\compiler\ti-cgt-msp430_21.6.1.LTS\lib\</path>
         <kind>archive</kind>
         <file>rts430x_sc_sd_eabi.lib</file>
         <name>strcmp.c.obj</name>
      </input_file>
      <input_file id="fl-78">
         <path>C:\ti\ccs2041\ccs\tools\compiler\ti-cgt-msp430_21.6.1.LTS\lib\</path>
         <kind>archive</kind>
         <file>rts430x_sc_sd_eabi.lib</file>
         <name>abs.c.obj</name>
      </input_file>
      <input_file id="fl-79">
         <path>C:\ti\ccs2041\ccs\tools\compiler\ti-cgt-msp430_21.6.1.LTS\lib\</path>
         <kind>archive</kind>
         <file>rts430x_sc_sd_eabi.lib</file>
         <name>mult16.asm.obj</name>
      </input_file>
      <input_file id="fl-7a">
         <path>C:\ti\ccs2041\ccs\tools\compiler\ti-cgt-msp430_21.6.1.LTS\lib\</path>
         <kind>archive</kind>
         <file>rts430x_sc_sd_eabi.lib</file>
         <name>exit_gvars.c.obj</name>
      </input_file>
   </input_file_list>
   <object_component_list>
      <object_component id="oc-6c4">
         <name>.cinit..data.load</name>
         <load_address>0xc400</load_address>
         <run_address>0xc400</run_address>
         <size>0x170</size>
      </object_component>
      <object_component id="oc-6c1">
         <name>__TI_handler_table</name>
         <load_address>0xc570</load_address>
         <run_address>0xc570</run_address>
         <size>0x6</size>
      </object_component>
      <object_component id="oc-6c3">
         <name>.cinit..bss.load</name>
         <load_address>0xc576</load_address>
         <run_address>0xc576</run_address>
         <size>0x4</size>
      </object_component>
      <object_component id="oc-6c2">
         <name>__TI_cinit_table</name>
         <load_address>0xc57a</load_address>
         <run_address>0xc57a</run_address>
         <size>0x8</size>
      </object_component>
      <object_component id="oc-659">
         <name>.binit</name>
         <load_address>0xc582</load_address>
         <run_address>0xc582</run_address>
         <size>0x0</size>
      </object_component>
      <object_component id="oc-558">
         <name>.const:.string</name>
         <load_address>0xc582</load_address>
         <run_address>0xc582</run_address>
         <size>0x1e</size>
         <input_file_ref idref="fl-c"/>
      </object_component>
      <object_component id="oc-370">
         <name>.const:UARTPort</name>
         <load_address>0xc5a0</load_address>
         <run_address>0xc5a0</run_address>
         <size>0x14</size>
         <input_file_ref idref="fl-c"/>
      </object_component>
      <object_component id="oc-3ef">
         <name>.const:g_EMCConfig</name>
         <load_address>0xc5b4</load_address>
         <run_address>0xc5b4</run_address>
         <size>0x14</size>
         <input_file_ref idref="fl-b"/>
      </object_component>
      <object_component id="oc-555">
         <name>.text:CAPT_updateSensorRawCount</name>
         <load_address>0xc5c8</load_address>
         <run_address>0xc5c8</run_address>
         <size>0x25e</size>
         <input_file_ref idref="fl-20"/>
      </object_component>
      <object_component id="oc-518">
         <name>.text:CAPT_calibrateGain</name>
         <load_address>0xc826</load_address>
         <run_address>0xc826</run_address>
         <size>0x1c8</size>
         <input_file_ref idref="fl-1d"/>
      </object_component>
      <object_component id="oc-519">
         <name>.text:CAPT_calibrateOffset</name>
         <load_address>0xc9ee</load_address>
         <run_address>0xc9ee</run_address>
         <size>0x19c</size>
         <input_file_ref idref="fl-1d"/>
      </object_component>
      <object_component id="oc-520">
         <name>.text:CAPT_correctInvalidMultiFreqCalibration</name>
         <load_address>0xcb8a</load_address>
         <run_address>0xcb8a</run_address>
         <size>0xf2</size>
         <input_file_ref idref="fl-1e"/>
      </object_component>
      <object_component id="oc-51a">
         <name>.text:CAPT_testConversionFrequencyForNoise</name>
         <load_address>0xcc7c</load_address>
         <run_address>0xcc7c</run_address>
         <size>0xf0</size>
         <input_file_ref idref="fl-1e"/>
      </object_component>
      <object_component id="oc-5d8">
         <name>.text:CAPT_updateSelfElementProxTouchWithEMC</name>
         <load_address>0xcd6c</load_address>
         <run_address>0xcd6c</run_address>
         <size>0xd2</size>
         <input_file_ref idref="fl-20"/>
      </object_component>
      <object_component id="oc-3e3">
         <name>.text:CS_initFLL</name>
         <load_address>0xce3e</load_address>
         <run_address>0xce3e</run_address>
         <size>0xc4</size>
         <input_file_ref idref="fl-21"/>
      </object_component>
      <object_component id="oc-5d6">
         <name>.text:CAPT_resolveMultiFreqSet</name>
         <load_address>0xcf02</load_address>
         <run_address>0xcf02</run_address>
         <size>0xc0</size>
         <input_file_ref idref="fl-1e"/>
      </object_component>
      <object_component id="oc-291">
         <name>.text:UART_ISR</name>
         <load_address>0xcfc2</load_address>
         <run_address>0xcfc2</run_address>
         <size>0xb6</size>
         <input_file_ref idref="fl-8"/>
      </object_component>
      <object_component id="oc-3e2">
         <name>.text:CS_initClockSignal</name>
         <load_address>0xd078</load_address>
         <run_address>0xd078</run_address>
         <size>0xb4</size>
         <input_file_ref idref="fl-21"/>
      </object_component>
      <object_component id="oc-5d7">
         <name>.text:CAPT_updateElementFilteredValuesWithEMC</name>
         <load_address>0xd12c</load_address>
         <run_address>0xd12c</run_address>
         <size>0xaa</size>
         <input_file_ref idref="fl-20"/>
      </object_component>
      <object_component id="oc-352">
         <name>.text:BSP_configureMCU</name>
         <load_address>0xd1d6</load_address>
         <run_address>0xd1d6</run_address>
         <size>0xa8</size>
         <input_file_ref idref="fl-a"/>
      </object_component>
      <object_component id="oc-63b">
         <name>.text:CAPT_computeRelNoiseComp</name>
         <load_address>0xd27e</load_address>
         <run_address>0xd27e</run_address>
         <size>0xa6</size>
         <input_file_ref idref="fl-1e"/>
      </object_component>
      <object_component id="oc-361">
         <name>.text:btn00_callback</name>
         <load_address>0xd324</load_address>
         <run_address>0xd324</run_address>
         <size>0xa6</size>
         <input_file_ref idref="fl-c"/>
      </object_component>
      <object_component id="oc-36a">
         <name>.text:btn01_callback</name>
         <load_address>0xd3ca</load_address>
         <run_address>0xd3ca</run_address>
         <size>0xa2</size>
         <input_file_ref idref="fl-c"/>
      </object_component>
      <object_component id="oc-556">
         <name>.text:CAPT_processCycleWithEMC</name>
         <load_address>0xd46c</load_address>
         <run_address>0xd46c</run_address>
         <size>0x98</size>
         <input_file_ref idref="fl-20"/>
      </object_component>
      <object_component id="oc-486">
         <name>.text:CAPT_calibrateSensorWithEMC</name>
         <load_address>0xd504</load_address>
         <run_address>0xd504</run_address>
         <size>0x94</size>
         <input_file_ref idref="fl-1d"/>
      </object_component>
      <object_component id="oc-4b6">
         <name>.text:CAPT_updateSensorWithEMC</name>
         <load_address>0xd598</load_address>
         <run_address>0xd598</run_address>
         <size>0x76</size>
         <input_file_ref idref="fl-20"/>
      </object_component>
      <object_component id="oc-4b9">
         <name>.text:CAPT_testForRecalibration</name>
         <load_address>0xd60e</load_address>
         <run_address>0xd60e</run_address>
         <size>0x70</size>
         <input_file_ref idref="fl-20"/>
      </object_component>
      <object_component id="oc-69">
         <name>.text:decompress:lzss:__TI_decompress_lzss</name>
         <load_address>0xd67e</load_address>
         <run_address>0xd67e</run_address>
         <size>0x6e</size>
         <input_file_ref idref="fl-72"/>
      </object_component>
      <object_component id="oc-30d">
         <name>.text:main</name>
         <load_address>0xd6ec</load_address>
         <run_address>0xd6ec</run_address>
         <size>0x6e</size>
         <input_file_ref idref="fl-2"/>
      </object_component>
      <object_component id="oc-47e">
         <name>.text:CAPT_initSensor</name>
         <load_address>0xd75a</load_address>
         <run_address>0xd75a</run_address>
         <size>0x6a</size>
         <input_file_ref idref="fl-20"/>
      </object_component>
      <object_component id="oc-557">
         <name>.text:CAPT_processSensor</name>
         <load_address>0xd7c4</load_address>
         <run_address>0xd7c4</run_address>
         <size>0x6a</size>
         <input_file_ref idref="fl-20"/>
      </object_component>
      <object_component id="oc-63a">
         <name>.text:CAPT_updateGlobalFilteredNoiseLevel</name>
         <load_address>0xd82e</load_address>
         <run_address>0xd82e</run_address>
         <size>0x66</size>
         <input_file_ref idref="fl-1e"/>
      </object_component>
      <object_component id="oc-373">
         <name>.text:UART_openPort</name>
         <load_address>0xd894</load_address>
         <run_address>0xd894</run_address>
         <size>0x62</size>
         <input_file_ref idref="fl-8"/>
      </object_component>
      <object_component id="oc-41c">
         <name>.text:CAPT_updateUI</name>
         <load_address>0xd8f6</load_address>
         <run_address>0xd8f6</run_address>
         <size>0x58</size>
         <input_file_ref idref="fl-3"/>
      </object_component>
      <object_component id="oc-650">
         <name>.text</name>
         <load_address>0xd94e</load_address>
         <run_address>0xd94e</run_address>
         <size>0x58</size>
         <input_file_ref idref="fl-4a"/>
      </object_component>
      <object_component id="oc-5d9">
         <name>.text:CAPT_updateSensorNoise</name>
         <load_address>0xd9a6</load_address>
         <run_address>0xd9a6</run_address>
         <size>0x56</size>
         <input_file_ref idref="fl-20"/>
      </object_component>
      <object_component id="oc-388">
         <name>.text:process_rx</name>
         <load_address>0xd9fc</load_address>
         <run_address>0xd9fc</run_address>
         <size>0x54</size>
         <input_file_ref idref="fl-c"/>
      </object_component>
      <object_component id="oc-3b9">
         <name>.text:__TI_auto_init_nobinit_nopinit_hold_wdt:__TI_auto_init_nobinit_nopinit_hold_wdt</name>
         <load_address>0xda50</load_address>
         <run_address>0xda50</run_address>
         <size>0x52</size>
         <input_file_ref idref="fl-6a"/>
      </object_component>
      <object_component id="oc-4bf">
         <name>.text:parse_command</name>
         <load_address>0xdaa2</load_address>
         <run_address>0xdaa2</run_address>
         <size>0x52</size>
         <input_file_ref idref="fl-c"/>
      </object_component>
      <object_component id="oc-5db">
         <name>.text:CAPT_preProcessSlider</name>
         <load_address>0xdaf4</load_address>
         <run_address>0xdaf4</run_address>
         <size>0x4e</size>
         <input_file_ref idref="fl-20"/>
      </object_component>
      <object_component id="oc-516">
         <name>.text:CAPT_getEMCConversionSettings</name>
         <load_address>0xdb42</load_address>
         <run_address>0xdb42</run_address>
         <size>0x4c</size>
         <input_file_ref idref="fl-1e"/>
      </object_component>
      <object_component id="oc-382">
         <name>.text:transmit_pending_data</name>
         <load_address>0xdb8e</load_address>
         <run_address>0xdb8e</run_address>
         <size>0x4a</size>
         <input_file_ref idref="fl-c"/>
      </object_component>
      <object_component id="oc-647">
         <name>.text:CAPT_flagAllElementsForReseed</name>
         <load_address>0xdbd8</load_address>
         <run_address>0xdbd8</run_address>
         <size>0x48</size>
         <input_file_ref idref="fl-20"/>
      </object_component>
      <object_component id="oc-57d">
         <name>.text:CAPT_loadCycle</name>
         <load_address>0xdc20</load_address>
         <run_address>0xdc20</run_address>
         <size>0x48</size>
         <input_file_ref idref="fl-20"/>
      </object_component>
      <object_component id="oc-358">
         <name>.text:CAPT_appStart</name>
         <load_address>0xdc68</load_address>
         <run_address>0xdc68</run_address>
         <size>0x42</size>
         <input_file_ref idref="fl-9"/>
      </object_component>
      <object_component id="oc-42a">
         <name>.text:UART_transmitBuffer</name>
         <load_address>0xdcaa</load_address>
         <run_address>0xdcaa</run_address>
         <size>0x42</size>
         <input_file_ref idref="fl-8"/>
      </object_component>
      <object_component id="oc-286">
         <name>.text:CAPT_ISR</name>
         <load_address>0xdcec</load_address>
         <run_address>0xdcec</run_address>
         <size>0x40</size>
         <input_file_ref idref="fl-4"/>
      </object_component>
      <object_component id="oc-3e9">
         <name>.text:CAPT_initUI</name>
         <load_address>0xdd2c</load_address>
         <run_address>0xdd2c</run_address>
         <size>0x40</size>
         <input_file_ref idref="fl-3"/>
      </object_component>
      <object_component id="oc-4dd">
         <name>.text:recalib_handling</name>
         <load_address>0xdd6c</load_address>
         <run_address>0xdd6c</run_address>
         <size>0x40</size>
         <input_file_ref idref="fl-c"/>
      </object_component>
      <object_component id="oc-57e">
         <name>.text:CAPT_unloadCycle</name>
         <load_address>0xddac</load_address>
         <run_address>0xddac</run_address>
         <size>0x3e</size>
         <input_file_ref idref="fl-20"/>
      </object_component>
      <object_component id="oc-3e1">
         <name>.text:CS_turnOnXT1LFWithTimeout</name>
         <load_address>0xddea</load_address>
         <run_address>0xddea</run_address>
         <size>0x3e</size>
         <input_file_ref idref="fl-21"/>
      </object_component>
      <object_component id="oc-64b">
         <name>.text:l_lsl_const</name>
         <load_address>0xde28</load_address>
         <run_address>0xde28</run_address>
         <size>0x3e</size>
         <input_file_ref idref="fl-5e"/>
      </object_component>
      <object_component id="oc-642">
         <name>.text:l_lsr_const</name>
         <load_address>0xde66</load_address>
         <run_address>0xde66</run_address>
         <size>0x3e</size>
         <input_file_ref idref="fl-60"/>
      </object_component>
      <object_component id="oc-4d1">
         <name>.text:disable_handling</name>
         <load_address>0xdea4</load_address>
         <run_address>0xdea4</run_address>
         <size>0x3c</size>
         <input_file_ref idref="fl-c"/>
      </object_component>
      <object_component id="oc-4cb">
         <name>.text:enable_handling</name>
         <load_address>0xdee0</load_address>
         <run_address>0xdee0</run_address>
         <size>0x3c</size>
         <input_file_ref idref="fl-c"/>
      </object_component>
      <object_component id="oc-4c5">
         <name>.text:unknown_handling</name>
         <load_address>0xdf1c</load_address>
         <run_address>0xdf1c</run_address>
         <size>0x38</size>
         <input_file_ref idref="fl-c"/>
      </object_component>
      <object_component id="oc-5da">
         <name>.text:CAPT_updateSensorTimeout</name>
         <load_address>0xdf54</load_address>
         <run_address>0xdf54</run_address>
         <size>0x36</size>
         <input_file_ref idref="fl-20"/>
      </object_component>
      <object_component id="oc-38e">
         <name>.text:CAPT_appSleep</name>
         <load_address>0xdf8a</load_address>
         <run_address>0xdf8a</run_address>
         <size>0x32</size>
         <input_file_ref idref="fl-9"/>
      </object_component>
      <object_component id="oc-4d7">
         <name>.text:verify_handling</name>
         <load_address>0xdfbc</load_address>
         <run_address>0xdfbc</run_address>
         <size>0x30</size>
         <input_file_ref idref="fl-c"/>
      </object_component>
      <object_component id="oc-638">
         <name>.text:CAPT_convertAbsToRel</name>
         <load_address>0xdfec</load_address>
         <run_address>0xdfec</run_address>
         <size>0x2e</size>
         <input_file_ref idref="fl-20"/>
      </object_component>
      <object_component id="oc-57c">
         <name>.text:CAPT_startConversionAndWaitUntilDone</name>
         <load_address>0xe01a</load_address>
         <run_address>0xe01a</run_address>
         <size>0x2e</size>
         <input_file_ref idref="fl-20"/>
      </object_component>
      <object_component id="oc-37c">
         <name>.text:CAPT_appHandler</name>
         <load_address>0xe048</load_address>
         <run_address>0xe048</run_address>
         <size>0x2a</size>
         <input_file_ref idref="fl-9"/>
      </object_component>
      <object_component id="oc-434">
         <name>.text:process_command</name>
         <load_address>0xe072</load_address>
         <run_address>0xe072</run_address>
         <size>0x28</size>
         <input_file_ref idref="fl-c"/>
      </object_component>
      <object_component id="oc-5df">
         <name>.text:CAPT_blockOnFlag</name>
         <load_address>0xe09a</load_address>
         <run_address>0xe09a</run_address>
         <size>0x26</size>
         <input_file_ref idref="fl-20"/>
      </object_component>
      <object_component id="oc-637">
         <name>.text:CAPT_computeJitterFilter</name>
         <load_address>0xe0c0</load_address>
         <run_address>0xe0c0</run_address>
         <size>0x24</size>
         <input_file_ref idref="fl-1e"/>
      </object_component>
      <object_component id="oc-422">
         <name>.text:CAPT_getGlobalUIProximityStatus</name>
         <load_address>0xe0e4</load_address>
         <run_address>0xe0e4</run_address>
         <size>0x24</size>
         <input_file_ref idref="fl-3"/>
      </object_component>
      <object_component id="oc-43a">
         <name>.text:uart_read</name>
         <load_address>0xe108</load_address>
         <run_address>0xe108</run_address>
         <size>0x24</size>
         <input_file_ref idref="fl-c"/>
      </object_component>
      <object_component id="oc-517">
         <name>.text:CAPT_calibrateSensor</name>
         <load_address>0xe12c</load_address>
         <run_address>0xe12c</run_address>
         <size>0x22</size>
         <input_file_ref idref="fl-1d"/>
      </object_component>
      <object_component id="oc-3f3">
         <name>.text:CAPT_calibrateUI</name>
         <load_address>0xe14e</load_address>
         <run_address>0xe14e</run_address>
         <size>0x20</size>
         <input_file_ref idref="fl-3"/>
      </object_component>
      <object_component id="oc-47d">
         <name>.text:CAPT_init</name>
         <load_address>0xe16e</load_address>
         <run_address>0xe16e</run_address>
         <size>0x20</size>
         <input_file_ref idref="fl-1f"/>
      </object_component>
      <object_component id="oc-4b7">
         <name>.text:CAPT_testForMaxCountRecalibration</name>
         <load_address>0xe18e</load_address>
         <run_address>0xe18e</run_address>
         <size>0x20</size>
         <input_file_ref idref="fl-20"/>
      </object_component>
      <object_component id="oc-63d">
         <name>.text</name>
         <load_address>0xe1ae</load_address>
         <run_address>0xe1ae</run_address>
         <size>0x20</size>
         <input_file_ref idref="fl-65"/>
      </object_component>
      <object_component id="oc-411">
         <name>.text:uart_rx_callback</name>
         <load_address>0xe1ce</load_address>
         <run_address>0xe1ce</run_address>
         <size>0x20</size>
         <input_file_ref idref="fl-c"/>
      </object_component>
      <object_component id="oc-3e4">
         <name>.text:CS_clearAllOscFlagsWithTimeout</name>
         <load_address>0xe1ee</load_address>
         <run_address>0xe1ee</run_address>
         <size>0x1e</size>
         <input_file_ref idref="fl-21"/>
      </object_component>
      <object_component id="oc-2a9">
         <name>.text:_c_int00_noargs</name>
         <load_address>0xe20c</load_address>
         <run_address>0xe20c</run_address>
         <size>0x1c</size>
         <input_file_ref idref="fl-69"/>
      </object_component>
      <object_component id="oc-3f2">
         <name>.text:CAPT_loadEMCConfig</name>
         <load_address>0xe228</load_address>
         <run_address>0xe228</run_address>
         <size>0x1a</size>
         <input_file_ref idref="fl-1e"/>
      </object_component>
      <object_component id="oc-4b8">
         <name>.text:CAPT_testForNegativeTouchRecalibration</name>
         <load_address>0xe242</load_address>
         <run_address>0xe242</run_address>
         <size>0x18</size>
         <input_file_ref idref="fl-20"/>
      </object_component>
      <object_component id="oc-559">
         <name>.text:strcmp</name>
         <load_address>0xe25a</load_address>
         <run_address>0xe25a</run_address>
         <size>0x18</size>
         <input_file_ref idref="fl-77"/>
      </object_component>
      <object_component id="oc-3df">
         <name>.text:FRAMCtl_configureWaitStateControl</name>
         <load_address>0xe272</load_address>
         <run_address>0xe272</run_address>
         <size>0x16</size>
         <input_file_ref idref="fl-22"/>
      </object_component>
      <object_component id="oc-63c">
         <name>.text:CAPT_getMaxRelThreshold</name>
         <load_address>0xe288</load_address>
         <run_address>0xe288</run_address>
         <size>0x14</size>
         <input_file_ref idref="fl-1e"/>
      </object_component>
      <object_component id="oc-639">
         <name>.text:CAPT_getRelNoiseStatusThreshold</name>
         <load_address>0xe29c</load_address>
         <run_address>0xe29c</run_address>
         <size>0x14</size>
         <input_file_ref idref="fl-1e"/>
      </object_component>
      <object_component id="oc-5d5">
         <name>.text:CAPT_replaceFrequencyWithError</name>
         <load_address>0xe2b0</load_address>
         <run_address>0xe2b0</run_address>
         <size>0x14</size>
         <input_file_ref idref="fl-1e"/>
      </object_component>
      <object_component id="oc-297">
         <name>.text:decompress:ZI:__TI_zero_init_nomemset:__TI_zero_init_nomemset</name>
         <load_address>0xe2c4</load_address>
         <run_address>0xe2c4</run_address>
         <size>0x14</size>
         <input_file_ref idref="fl-6b"/>
      </object_component>
      <object_component id="oc-6f">
         <name>.text:decompress:none:__TI_decompress_none</name>
         <load_address>0xe2d8</load_address>
         <run_address>0xe2d8</run_address>
         <size>0x12</size>
         <input_file_ref idref="fl-71"/>
      </object_component>
      <object_component id="oc-279">
         <name>.text:memcpy</name>
         <load_address>0xe2ea</load_address>
         <run_address>0xe2ea</run_address>
         <size>0x12</size>
         <input_file_ref idref="fl-76"/>
      </object_component>
      <object_component id="oc-3e0">
         <name>.text:CS_setExternalClockSource</name>
         <load_address>0xe2fc</load_address>
         <run_address>0xe2fc</run_address>
         <size>0xa</size>
         <input_file_ref idref="fl-21"/>
      </object_component>
      <object_component id="oc-307">
         <name>.text:_system_pre_init</name>
         <load_address>0xe306</load_address>
         <run_address>0xe306</run_address>
         <size>0xa</size>
         <input_file_ref idref="fl-a"/>
      </object_component>
      <object_component id="oc-631">
         <name>.text:abs</name>
         <load_address>0xe310</load_address>
         <run_address>0xe310</run_address>
         <size>0xa</size>
         <input_file_ref idref="fl-78"/>
      </object_component>
      <object_component id="oc-51b">
         <name>.text</name>
         <load_address>0xe31a</load_address>
         <run_address>0xe31a</run_address>
         <size>0xa</size>
         <input_file_ref idref="fl-5d"/>
      </object_component>
      <object_component id="oc-5d0">
         <name>.text</name>
         <load_address>0xe324</load_address>
         <run_address>0xe324</run_address>
         <size>0xa</size>
         <input_file_ref idref="fl-5f"/>
      </object_component>
      <object_component id="oc-28c">
         <name>.text:_isr:__TI_ISR_TRAP</name>
         <load_address>0xe32e</load_address>
         <run_address>0xe32e</run_address>
         <size>0x8</size>
         <input_file_ref idref="fl-5c"/>
      </object_component>
      <object_component id="oc-5de">
         <name>.text:CAPT_clearIFG</name>
         <load_address>0xe336</load_address>
         <run_address>0xe336</run_address>
         <size>0x6</size>
         <input_file_ref idref="fl-1f"/>
      </object_component>
      <object_component id="oc-2e9">
         <name>.text:CAPT_getInterruptVector</name>
         <load_address>0xe33c</load_address>
         <run_address>0xe33c</run_address>
         <size>0x6</size>
         <input_file_ref idref="fl-1f"/>
      </object_component>
      <object_component id="oc-395">
         <name>.text:abort</name>
         <load_address>0xe342</load_address>
         <run_address>0xe342</run_address>
         <size>0x6</size>
         <input_file_ref idref="fl-73"/>
      </object_component>
      <object_component id="oc-454">
         <name>.text:_system_post_cinit</name>
         <load_address>0xe348</load_address>
         <run_address>0xe348</run_address>
         <size>0x2</size>
         <input_file_ref idref="fl-70"/>
      </object_component>
      <object_component id="oc-431">
         <name>.bss:rx_buffer</name>
         <uninitialized>true</uninitialized>
         <run_address>0x20e0</run_address>
         <size>0x40</size>
         <input_file_ref idref="fl-c"/>
      </object_component>
      <object_component id="oc-4b2">
         <name>.bss:rx_ring</name>
         <uninitialized>true</uninitialized>
         <run_address>0x2000</run_address>
         <size>0x80</size>
         <input_file_ref idref="fl-c"/>
      </object_component>
      <object_component id="oc-405">
         <name>.bss:tx_buf</name>
         <uninitialized>true</uninitialized>
         <run_address>0x2080</run_address>
         <size>0x60</size>
         <input_file_ref idref="fl-c"/>
      </object_component>
      <object_component id="oc-56d">
         <name>.bss:frame$1</name>
         <uninitialized>true</uninitialized>
         <run_address>0x2260</run_address>
         <size>0x8</size>
         <input_file_ref idref="fl-c"/>
      </object_component>
      <object_component id="oc-569">
         <name>.bss:frame$2</name>
         <uninitialized>true</uninitialized>
         <run_address>0x2268</run_address>
         <size>0x8</size>
         <input_file_ref idref="fl-c"/>
      </object_component>
      <object_component id="oc-567">
         <name>.bss:frame$3</name>
         <uninitialized>true</uninitialized>
         <run_address>0x2270</run_address>
         <size>0x8</size>
         <input_file_ref idref="fl-c"/>
      </object_component>
      <object_component id="oc-56b">
         <name>.bss:frame$4</name>
         <uninitialized>true</uninitialized>
         <run_address>0x2278</run_address>
         <size>0x8</size>
         <input_file_ref idref="fl-c"/>
      </object_component>
      <object_component id="oc-565">
         <name>.bss:frame$5</name>
         <uninitialized>true</uninitialized>
         <run_address>0x2280</run_address>
         <size>0x8</size>
         <input_file_ref idref="fl-c"/>
      </object_component>
      <object_component id="oc-2f0">
         <name>.common:g_bEndOfConversionFlag</name>
         <uninitialized>true</uninitialized>
         <run_address>0x2348</run_address>
         <size>0x1</size>
      </object_component>
      <object_component id="oc-2ef">
         <name>.common:g_bDetectionFlag</name>
         <uninitialized>true</uninitialized>
         <run_address>0x2347</run_address>
         <size>0x1</size>
      </object_component>
      <object_component id="oc-2ee">
         <name>.common:g_bConvTimerFlag</name>
         <uninitialized>true</uninitialized>
         <run_address>0x2346</run_address>
         <size>0x1</size>
      </object_component>
      <object_component id="oc-2ed">
         <name>.common:g_bConvCounterFlag</name>
         <uninitialized>true</uninitialized>
         <run_address>0x2345</run_address>
         <size>0x1</size>
      </object_component>
      <object_component id="oc-2ea">
         <name>.common:g_bMaxCountErrorFlag</name>
         <uninitialized>true</uninitialized>
         <run_address>0x2349</run_address>
         <size>0x1</size>
      </object_component>
      <object_component id="oc-2f8">
         <name>.common:g_pUARTPort</name>
         <uninitialized>true</uninitialized>
         <run_address>0x233e</run_address>
         <size>0x2</size>
      </object_component>
      <object_component id="oc-2f3">
         <name>.common:g_pUARTTransmitPtr</name>
         <uninitialized>true</uninitialized>
         <run_address>0x2340</run_address>
         <size>0x2</size>
      </object_component>
      <object_component id="oc-2f6">
         <name>.common:g_ui16UARTTransmitBytesLeft</name>
         <uninitialized>true</uninitialized>
         <run_address>0x2342</run_address>
         <size>0x2</size>
      </object_component>
      <object_component id="oc-2f7">
         <name>.common:g_UARTStatus</name>
         <uninitialized>true</uninitialized>
         <run_address>0x2344</run_address>
         <size>0x1</size>
      </object_component>
      <object_component id="oc-5e1">
         <name>.common:BTN00_E00_RawCnts</name>
         <uninitialized>true</uninitialized>
         <run_address>0x2288</run_address>
         <size>0x8</size>
      </object_component>
      <object_component id="oc-5e0">
         <name>.common:BTN00_E00_Tuning</name>
         <uninitialized>true</uninitialized>
         <run_address>0x2120</run_address>
         <size>0x10</size>
      </object_component>
      <object_component id="oc-5e5">
         <name>.common:BTN00_E01_RawCnts</name>
         <uninitialized>true</uninitialized>
         <run_address>0x2290</run_address>
         <size>0x8</size>
      </object_component>
      <object_component id="oc-5e4">
         <name>.common:BTN00_E01_Tuning</name>
         <uninitialized>true</uninitialized>
         <run_address>0x2130</run_address>
         <size>0x10</size>
      </object_component>
      <object_component id="oc-5e9">
         <name>.common:BTN00_E02_RawCnts</name>
         <uninitialized>true</uninitialized>
         <run_address>0x2298</run_address>
         <size>0x8</size>
      </object_component>
      <object_component id="oc-5e8">
         <name>.common:BTN00_E02_Tuning</name>
         <uninitialized>true</uninitialized>
         <run_address>0x2140</run_address>
         <size>0x10</size>
      </object_component>
      <object_component id="oc-5ed">
         <name>.common:BTN00_E03_RawCnts</name>
         <uninitialized>true</uninitialized>
         <run_address>0x22a0</run_address>
         <size>0x8</size>
      </object_component>
      <object_component id="oc-5ec">
         <name>.common:BTN00_E03_Tuning</name>
         <uninitialized>true</uninitialized>
         <run_address>0x2150</run_address>
         <size>0x10</size>
      </object_component>
      <object_component id="oc-5f1">
         <name>.common:BTN00_E04_RawCnts</name>
         <uninitialized>true</uninitialized>
         <run_address>0x22a8</run_address>
         <size>0x8</size>
      </object_component>
      <object_component id="oc-5f0">
         <name>.common:BTN00_E04_Tuning</name>
         <uninitialized>true</uninitialized>
         <run_address>0x2160</run_address>
         <size>0x10</size>
      </object_component>
      <object_component id="oc-5f5">
         <name>.common:BTN00_E05_RawCnts</name>
         <uninitialized>true</uninitialized>
         <run_address>0x22b0</run_address>
         <size>0x8</size>
      </object_component>
      <object_component id="oc-5f4">
         <name>.common:BTN00_E05_Tuning</name>
         <uninitialized>true</uninitialized>
         <run_address>0x2170</run_address>
         <size>0x10</size>
      </object_component>
      <object_component id="oc-5f9">
         <name>.common:BTN00_E06_RawCnts</name>
         <uninitialized>true</uninitialized>
         <run_address>0x22b8</run_address>
         <size>0x8</size>
      </object_component>
      <object_component id="oc-5f8">
         <name>.common:BTN00_E06_Tuning</name>
         <uninitialized>true</uninitialized>
         <run_address>0x2180</run_address>
         <size>0x10</size>
      </object_component>
      <object_component id="oc-5fd">
         <name>.common:BTN00_E07_RawCnts</name>
         <uninitialized>true</uninitialized>
         <run_address>0x22c0</run_address>
         <size>0x8</size>
      </object_component>
      <object_component id="oc-5fc">
         <name>.common:BTN00_E07_Tuning</name>
         <uninitialized>true</uninitialized>
         <run_address>0x2190</run_address>
         <size>0x10</size>
      </object_component>
      <object_component id="oc-601">
         <name>.common:BTN00_E08_RawCnts</name>
         <uninitialized>true</uninitialized>
         <run_address>0x22c8</run_address>
         <size>0x8</size>
      </object_component>
      <object_component id="oc-600">
         <name>.common:BTN00_E08_Tuning</name>
         <uninitialized>true</uninitialized>
         <run_address>0x21a0</run_address>
         <size>0x10</size>
      </object_component>
      <object_component id="oc-605">
         <name>.common:BTN00_E09_RawCnts</name>
         <uninitialized>true</uninitialized>
         <run_address>0x22d0</run_address>
         <size>0x8</size>
      </object_component>
      <object_component id="oc-604">
         <name>.common:BTN00_E09_Tuning</name>
         <uninitialized>true</uninitialized>
         <run_address>0x21b0</run_address>
         <size>0x10</size>
      </object_component>
      <object_component id="oc-609">
         <name>.common:BTN00_E10_RawCnts</name>
         <uninitialized>true</uninitialized>
         <run_address>0x22d8</run_address>
         <size>0x8</size>
      </object_component>
      <object_component id="oc-608">
         <name>.common:BTN00_E10_Tuning</name>
         <uninitialized>true</uninitialized>
         <run_address>0x21c0</run_address>
         <size>0x10</size>
      </object_component>
      <object_component id="oc-60d">
         <name>.common:BTN00_E11_RawCnts</name>
         <uninitialized>true</uninitialized>
         <run_address>0x22e0</run_address>
         <size>0x8</size>
      </object_component>
      <object_component id="oc-60c">
         <name>.common:BTN00_E11_Tuning</name>
         <uninitialized>true</uninitialized>
         <run_address>0x21d0</run_address>
         <size>0x10</size>
      </object_component>
      <object_component id="oc-611">
         <name>.common:BTN00_E12_RawCnts</name>
         <uninitialized>true</uninitialized>
         <run_address>0x22e8</run_address>
         <size>0x8</size>
      </object_component>
      <object_component id="oc-610">
         <name>.common:BTN00_E12_Tuning</name>
         <uninitialized>true</uninitialized>
         <run_address>0x21e0</run_address>
         <size>0x10</size>
      </object_component>
      <object_component id="oc-615">
         <name>.common:BTN00_E13_RawCnts</name>
         <uninitialized>true</uninitialized>
         <run_address>0x22f0</run_address>
         <size>0x8</size>
      </object_component>
      <object_component id="oc-614">
         <name>.common:BTN00_E13_Tuning</name>
         <uninitialized>true</uninitialized>
         <run_address>0x21f0</run_address>
         <size>0x10</size>
      </object_component>
      <object_component id="oc-619">
         <name>.common:BTN00_E14_RawCnts</name>
         <uninitialized>true</uninitialized>
         <run_address>0x22f8</run_address>
         <size>0x8</size>
      </object_component>
      <object_component id="oc-618">
         <name>.common:BTN00_E14_Tuning</name>
         <uninitialized>true</uninitialized>
         <run_address>0x2200</run_address>
         <size>0x10</size>
      </object_component>
      <object_component id="oc-61d">
         <name>.common:BTN00_E15_RawCnts</name>
         <uninitialized>true</uninitialized>
         <run_address>0x2300</run_address>
         <size>0x8</size>
      </object_component>
      <object_component id="oc-61c">
         <name>.common:BTN00_E15_Tuning</name>
         <uninitialized>true</uninitialized>
         <run_address>0x2210</run_address>
         <size>0x10</size>
      </object_component>
      <object_component id="oc-621">
         <name>.common:BTN01_E00_RawCnts</name>
         <uninitialized>true</uninitialized>
         <run_address>0x2310</run_address>
         <size>0x8</size>
      </object_component>
      <object_component id="oc-620">
         <name>.common:BTN01_E00_Tuning</name>
         <uninitialized>true</uninitialized>
         <run_address>0x2220</run_address>
         <size>0x10</size>
      </object_component>
      <object_component id="oc-625">
         <name>.common:BTN01_E01_RawCnts</name>
         <uninitialized>true</uninitialized>
         <run_address>0x2318</run_address>
         <size>0x8</size>
      </object_component>
      <object_component id="oc-624">
         <name>.common:BTN01_E01_Tuning</name>
         <uninitialized>true</uninitialized>
         <run_address>0x2230</run_address>
         <size>0x10</size>
      </object_component>
      <object_component id="oc-629">
         <name>.common:BTN01_E02_RawCnts</name>
         <uninitialized>true</uninitialized>
         <run_address>0x2320</run_address>
         <size>0x8</size>
      </object_component>
      <object_component id="oc-628">
         <name>.common:BTN01_E02_Tuning</name>
         <uninitialized>true</uninitialized>
         <run_address>0x2240</run_address>
         <size>0x10</size>
      </object_component>
      <object_component id="oc-62d">
         <name>.common:BTN01_E03_RawCnts</name>
         <uninitialized>true</uninitialized>
         <run_address>0x2328</run_address>
         <size>0x8</size>
      </object_component>
      <object_component id="oc-62c">
         <name>.common:BTN01_E03_Tuning</name>
         <uninitialized>true</uninitialized>
         <run_address>0x2250</run_address>
         <size>0x10</size>
      </object_component>
      <object_component id="oc-3fd">
         <name>.common:BTN00_Params</name>
         <uninitialized>true</uninitialized>
         <run_address>0x2308</run_address>
         <size>0x8</size>
      </object_component>
      <object_component id="oc-40d">
         <name>.common:BTN01_Params</name>
         <uninitialized>true</uninitialized>
         <run_address>0x2330</run_address>
         <size>0x8</size>
      </object_component>
      <object_component id="oc-485">
         <name>.common:g_filteredGlobalNoiseLevel</name>
         <uninitialized>true</uninitialized>
         <run_address>0x2338</run_address>
         <size>0x4</size>
      </object_component>
      <object_component id="oc-484">
         <name>.common:g_pHighestNoiseElement</name>
         <uninitialized>true</uninitialized>
         <run_address>0x233c</run_address>
         <size>0x2</size>
      </object_component>
      <object_component id="oc-379">
         <name>.data</name>
         <load_address>0x2610</load_address>
         <run_address>0x2610</run_address>
         <size>0x1</size>
         <input_file_ref idref="fl-2"/>
      </object_component>
      <object_component id="oc-428">
         <name>.data</name>
         <load_address>0x25b1</load_address>
         <run_address>0x25b1</run_address>
         <size>0x1</size>
         <input_file_ref idref="fl-9"/>
      </object_component>
      <object_component id="oc-580">
         <name>.data:BTN00_E00</name>
         <load_address>0x2386</load_address>
         <run_address>0x2386</run_address>
         <size>0x1a</size>
         <input_file_ref idref="fl-b"/>
      </object_component>
      <object_component id="oc-583">
         <name>.data:BTN00_E01</name>
         <load_address>0x23a0</load_address>
         <run_address>0x23a0</run_address>
         <size>0x1a</size>
         <input_file_ref idref="fl-b"/>
      </object_component>
      <object_component id="oc-588">
         <name>.data:BTN00_E02</name>
         <load_address>0x23ba</load_address>
         <run_address>0x23ba</run_address>
         <size>0x1a</size>
         <input_file_ref idref="fl-b"/>
      </object_component>
      <object_component id="oc-58b">
         <name>.data:BTN00_E03</name>
         <load_address>0x23d4</load_address>
         <run_address>0x23d4</run_address>
         <size>0x1a</size>
         <input_file_ref idref="fl-b"/>
      </object_component>
      <object_component id="oc-590">
         <name>.data:BTN00_E04</name>
         <load_address>0x23ee</load_address>
         <run_address>0x23ee</run_address>
         <size>0x1a</size>
         <input_file_ref idref="fl-b"/>
      </object_component>
      <object_component id="oc-593">
         <name>.data:BTN00_E05</name>
         <load_address>0x2408</load_address>
         <run_address>0x2408</run_address>
         <size>0x1a</size>
         <input_file_ref idref="fl-b"/>
      </object_component>
      <object_component id="oc-598">
         <name>.data:BTN00_E06</name>
         <load_address>0x2422</load_address>
         <run_address>0x2422</run_address>
         <size>0x1a</size>
         <input_file_ref idref="fl-b"/>
      </object_component>
      <object_component id="oc-59b">
         <name>.data:BTN00_E07</name>
         <load_address>0x243c</load_address>
         <run_address>0x243c</run_address>
         <size>0x1a</size>
         <input_file_ref idref="fl-b"/>
      </object_component>
      <object_component id="oc-5a0">
         <name>.data:BTN00_E08</name>
         <load_address>0x2456</load_address>
         <run_address>0x2456</run_address>
         <size>0x1a</size>
         <input_file_ref idref="fl-b"/>
      </object_component>
      <object_component id="oc-5a3">
         <name>.data:BTN00_E09</name>
         <load_address>0x2470</load_address>
         <run_address>0x2470</run_address>
         <size>0x1a</size>
         <input_file_ref idref="fl-b"/>
      </object_component>
      <object_component id="oc-5a8">
         <name>.data:BTN00_E10</name>
         <load_address>0x248a</load_address>
         <run_address>0x248a</run_address>
         <size>0x1a</size>
         <input_file_ref idref="fl-b"/>
      </object_component>
      <object_component id="oc-5ab">
         <name>.data:BTN00_E11</name>
         <load_address>0x24a4</load_address>
         <run_address>0x24a4</run_address>
         <size>0x1a</size>
         <input_file_ref idref="fl-b"/>
      </object_component>
      <object_component id="oc-5b0">
         <name>.data:BTN00_E12</name>
         <load_address>0x24be</load_address>
         <run_address>0x24be</run_address>
         <size>0x1a</size>
         <input_file_ref idref="fl-b"/>
      </object_component>
      <object_component id="oc-5b3">
         <name>.data:BTN00_E13</name>
         <load_address>0x24d8</load_address>
         <run_address>0x24d8</run_address>
         <size>0x1a</size>
         <input_file_ref idref="fl-b"/>
      </object_component>
      <object_component id="oc-5b8">
         <name>.data:BTN00_E14</name>
         <load_address>0x24f2</load_address>
         <run_address>0x24f2</run_address>
         <size>0x1a</size>
         <input_file_ref idref="fl-b"/>
      </object_component>
      <object_component id="oc-5bb">
         <name>.data:BTN00_E15</name>
         <load_address>0x250c</load_address>
         <run_address>0x250c</run_address>
         <size>0x1a</size>
         <input_file_ref idref="fl-b"/>
      </object_component>
      <object_component id="oc-5c0">
         <name>.data:BTN01_E00</name>
         <load_address>0x2526</load_address>
         <run_address>0x2526</run_address>
         <size>0x1a</size>
         <input_file_ref idref="fl-b"/>
      </object_component>
      <object_component id="oc-5c3">
         <name>.data:BTN01_E01</name>
         <load_address>0x2540</load_address>
         <run_address>0x2540</run_address>
         <size>0x1a</size>
         <input_file_ref idref="fl-b"/>
      </object_component>
      <object_component id="oc-5c8">
         <name>.data:BTN01_E02</name>
         <load_address>0x255a</load_address>
         <run_address>0x255a</run_address>
         <size>0x1a</size>
         <input_file_ref idref="fl-b"/>
      </object_component>
      <object_component id="oc-5cb">
         <name>.data:BTN01_E03</name>
         <load_address>0x2574</load_address>
         <run_address>0x2574</run_address>
         <size>0x1a</size>
         <input_file_ref idref="fl-b"/>
      </object_component>
      <object_component id="oc-521">
         <name>.data:BTN00_C00_Elements</name>
         <load_address>0x25b6</load_address>
         <run_address>0x25b6</run_address>
         <size>0x4</size>
         <input_file_ref idref="fl-b"/>
      </object_component>
      <object_component id="oc-488">
         <name>.data:BTN00_C00</name>
         <load_address>0x25b2</load_address>
         <run_address>0x25b2</run_address>
         <size>0x4</size>
         <input_file_ref idref="fl-b"/>
      </object_component>
      <object_component id="oc-526">
         <name>.data:BTN00_C01_Elements</name>
         <load_address>0x25be</load_address>
         <run_address>0x25be</run_address>
         <size>0x4</size>
         <input_file_ref idref="fl-b"/>
      </object_component>
      <object_component id="oc-48b">
         <name>.data:BTN00_C01</name>
         <load_address>0x25ba</load_address>
         <run_address>0x25ba</run_address>
         <size>0x4</size>
         <input_file_ref idref="fl-b"/>
      </object_component>
      <object_component id="oc-52b">
         <name>.data:BTN00_C02_Elements</name>
         <load_address>0x25c6</load_address>
         <run_address>0x25c6</run_address>
         <size>0x4</size>
         <input_file_ref idref="fl-b"/>
      </object_component>
      <object_component id="oc-48e">
         <name>.data:BTN00_C02</name>
         <load_address>0x25c2</load_address>
         <run_address>0x25c2</run_address>
         <size>0x4</size>
         <input_file_ref idref="fl-b"/>
      </object_component>
      <object_component id="oc-530">
         <name>.data:BTN00_C03_Elements</name>
         <load_address>0x25ce</load_address>
         <run_address>0x25ce</run_address>
         <size>0x4</size>
         <input_file_ref idref="fl-b"/>
      </object_component>
      <object_component id="oc-491">
         <name>.data:BTN00_C03</name>
         <load_address>0x25ca</load_address>
         <run_address>0x25ca</run_address>
         <size>0x4</size>
         <input_file_ref idref="fl-b"/>
      </object_component>
      <object_component id="oc-535">
         <name>.data:BTN00_C04_Elements</name>
         <load_address>0x25d6</load_address>
         <run_address>0x25d6</run_address>
         <size>0x4</size>
         <input_file_ref idref="fl-b"/>
      </object_component>
      <object_component id="oc-494">
         <name>.data:BTN00_C04</name>
         <load_address>0x25d2</load_address>
         <run_address>0x25d2</run_address>
         <size>0x4</size>
         <input_file_ref idref="fl-b"/>
      </object_component>
      <object_component id="oc-53a">
         <name>.data:BTN00_C05_Elements</name>
         <load_address>0x25de</load_address>
         <run_address>0x25de</run_address>
         <size>0x4</size>
         <input_file_ref idref="fl-b"/>
      </object_component>
      <object_component id="oc-497">
         <name>.data:BTN00_C05</name>
         <load_address>0x25da</load_address>
         <run_address>0x25da</run_address>
         <size>0x4</size>
         <input_file_ref idref="fl-b"/>
      </object_component>
      <object_component id="oc-53f">
         <name>.data:BTN00_C06_Elements</name>
         <load_address>0x25e6</load_address>
         <run_address>0x25e6</run_address>
         <size>0x4</size>
         <input_file_ref idref="fl-b"/>
      </object_component>
      <object_component id="oc-49a">
         <name>.data:BTN00_C06</name>
         <load_address>0x25e2</load_address>
         <run_address>0x25e2</run_address>
         <size>0x4</size>
         <input_file_ref idref="fl-b"/>
      </object_component>
      <object_component id="oc-544">
         <name>.data:BTN00_C07_Elements</name>
         <load_address>0x25ee</load_address>
         <run_address>0x25ee</run_address>
         <size>0x4</size>
         <input_file_ref idref="fl-b"/>
      </object_component>
      <object_component id="oc-49d">
         <name>.data:BTN00_C07</name>
         <load_address>0x25ea</load_address>
         <run_address>0x25ea</run_address>
         <size>0x4</size>
         <input_file_ref idref="fl-b"/>
      </object_component>
      <object_component id="oc-549">
         <name>.data:BTN01_C00_Elements</name>
         <load_address>0x25f6</load_address>
         <run_address>0x25f6</run_address>
         <size>0x4</size>
         <input_file_ref idref="fl-b"/>
      </object_component>
      <object_component id="oc-4aa">
         <name>.data:BTN01_C00</name>
         <load_address>0x25f2</load_address>
         <run_address>0x25f2</run_address>
         <size>0x4</size>
         <input_file_ref idref="fl-b"/>
      </object_component>
      <object_component id="oc-54e">
         <name>.data:BTN01_C01_Elements</name>
         <load_address>0x25fe</load_address>
         <run_address>0x25fe</run_address>
         <size>0x4</size>
         <input_file_ref idref="fl-b"/>
      </object_component>
      <object_component id="oc-4ad">
         <name>.data:BTN01_C01</name>
         <load_address>0x25fa</load_address>
         <run_address>0x25fa</run_address>
         <size>0x4</size>
         <input_file_ref idref="fl-b"/>
      </object_component>
      <object_component id="oc-3fa">
         <name>.data:BTN00_Cycles</name>
         <load_address>0x258e</load_address>
         <run_address>0x258e</run_address>
         <size>0x10</size>
         <input_file_ref idref="fl-b"/>
      </object_component>
      <object_component id="oc-35e">
         <name>.data:BTN00</name>
         <load_address>0x234a</load_address>
         <run_address>0x234a</run_address>
         <size>0x1e</size>
         <input_file_ref idref="fl-b"/>
      </object_component>
      <object_component id="oc-40a">
         <name>.data:BTN01_Cycles</name>
         <load_address>0x2602</load_address>
         <run_address>0x2602</run_address>
         <size>0x4</size>
         <input_file_ref idref="fl-b"/>
      </object_component>
      <object_component id="oc-367">
         <name>.data:BTN01</name>
         <load_address>0x2368</load_address>
         <run_address>0x2368</run_address>
         <size>0x1e</size>
         <input_file_ref idref="fl-b"/>
      </object_component>
      <object_component id="oc-478">
         <name>.data:g_pCaptivateSensorArray</name>
         <load_address>0x260a</load_address>
         <run_address>0x260a</run_address>
         <size>0x4</size>
         <input_file_ref idref="fl-b"/>
      </object_component>
      <object_component id="oc-3e6">
         <name>.data:g_uiApp</name>
         <load_address>0x259e</load_address>
         <run_address>0x259e</run_address>
         <size>0xe</size>
         <input_file_ref idref="fl-b"/>
      </object_component>
      <object_component id="oc-402">
         <name>.data</name>
         <load_address>0x25ac</load_address>
         <run_address>0x25ac</run_address>
         <size>0x5</size>
         <input_file_ref idref="fl-c"/>
      </object_component>
      <object_component id="oc-483">
         <name>.data</name>
         <load_address>0x260e</load_address>
         <run_address>0x260e</run_address>
         <size>0x2</size>
         <input_file_ref idref="fl-1e"/>
      </object_component>
      <object_component id="oc-477">
         <name>.data</name>
         <load_address>0x2606</load_address>
         <run_address>0x2606</run_address>
         <size>0x4</size>
         <input_file_ref idref="fl-21"/>
      </object_component>
      <object_component id="oc-26a">
         <name>.stack</name>
         <uninitialized>true</uninitialized>
         <run_address>0x2f00</run_address>
         <size>0x2</size>
         <input_file_ref idref="fl-69"/>
      </object_component>
      <object_component id="oc-6c5">
         <name>.stack</name>
         <uninitialized>true</uninitialized>
         <run_address>0x2f00</run_address>
         <size>0x0</size>
      </object_component>
      <object_component id="oc-75">
         <name>.int40</name>
         <load_address>0xffd8</load_address>
         <run_address>0xffd8</run_address>
         <size>0x2</size>
         <input_file_ref idref="fl-4"/>
      </object_component>
      <object_component id="oc-76">
         <name>.int41</name>
         <load_address>0xffda</load_address>
         <run_address>0xffda</run_address>
         <size>0x2</size>
         <input_file_ref idref="fl-4b"/>
      </object_component>
      <object_component id="oc-77">
         <name>.int42</name>
         <load_address>0xffdc</load_address>
         <run_address>0xffdc</run_address>
         <size>0x2</size>
         <input_file_ref idref="fl-4c"/>
      </object_component>
      <object_component id="oc-78">
         <name>.int43</name>
         <load_address>0xffde</load_address>
         <run_address>0xffde</run_address>
         <size>0x2</size>
         <input_file_ref idref="fl-4d"/>
      </object_component>
      <object_component id="oc-79">
         <name>.int44</name>
         <load_address>0xffe0</load_address>
         <run_address>0xffe0</run_address>
         <size>0x2</size>
         <input_file_ref idref="fl-4e"/>
      </object_component>
      <object_component id="oc-7a">
         <name>.int45</name>
         <load_address>0xffe2</load_address>
         <run_address>0xffe2</run_address>
         <size>0x2</size>
         <input_file_ref idref="fl-4f"/>
      </object_component>
      <object_component id="oc-7b">
         <name>.int46</name>
         <load_address>0xffe4</load_address>
         <run_address>0xffe4</run_address>
         <size>0x2</size>
         <input_file_ref idref="fl-8"/>
      </object_component>
      <object_component id="oc-7c">
         <name>.int47</name>
         <load_address>0xffe6</load_address>
         <run_address>0xffe6</run_address>
         <size>0x2</size>
         <input_file_ref idref="fl-50"/>
      </object_component>
      <object_component id="oc-7d">
         <name>.int48</name>
         <load_address>0xffe8</load_address>
         <run_address>0xffe8</run_address>
         <size>0x2</size>
         <input_file_ref idref="fl-51"/>
      </object_component>
      <object_component id="oc-7e">
         <name>.int49</name>
         <load_address>0xffea</load_address>
         <run_address>0xffea</run_address>
         <size>0x2</size>
         <input_file_ref idref="fl-52"/>
      </object_component>
      <object_component id="oc-7f">
         <name>.int50</name>
         <load_address>0xffec</load_address>
         <run_address>0xffec</run_address>
         <size>0x2</size>
         <input_file_ref idref="fl-53"/>
      </object_component>
      <object_component id="oc-80">
         <name>.int51</name>
         <load_address>0xffee</load_address>
         <run_address>0xffee</run_address>
         <size>0x2</size>
         <input_file_ref idref="fl-54"/>
      </object_component>
      <object_component id="oc-81">
         <name>.int52</name>
         <load_address>0xfff0</load_address>
         <run_address>0xfff0</run_address>
         <size>0x2</size>
         <input_file_ref idref="fl-55"/>
      </object_component>
      <object_component id="oc-82">
         <name>.int53</name>
         <load_address>0xfff2</load_address>
         <run_address>0xfff2</run_address>
         <size>0x2</size>
         <input_file_ref idref="fl-56"/>
      </object_component>
      <object_component id="oc-83">
         <name>.int54</name>
         <load_address>0xfff4</load_address>
         <run_address>0xfff4</run_address>
         <size>0x2</size>
         <input_file_ref idref="fl-57"/>
      </object_component>
      <object_component id="oc-84">
         <name>.int55</name>
         <load_address>0xfff6</load_address>
         <run_address>0xfff6</run_address>
         <size>0x2</size>
         <input_file_ref idref="fl-58"/>
      </object_component>
      <object_component id="oc-85">
         <name>.int56</name>
         <load_address>0xfff8</load_address>
         <run_address>0xfff8</run_address>
         <size>0x2</size>
         <input_file_ref idref="fl-59"/>
      </object_component>
      <object_component id="oc-86">
         <name>.int57</name>
         <load_address>0xfffa</load_address>
         <run_address>0xfffa</run_address>
         <size>0x2</size>
         <input_file_ref idref="fl-5a"/>
      </object_component>
      <object_component id="oc-87">
         <name>.int58</name>
         <load_address>0xfffc</load_address>
         <run_address>0xfffc</run_address>
         <size>0x2</size>
         <input_file_ref idref="fl-5b"/>
      </object_component>
      <object_component id="oc-26d">
         <name>.reset</name>
         <load_address>0xfffe</load_address>
         <run_address>0xfffe</run_address>
         <size>0x2</size>
         <input_file_ref idref="fl-69"/>
      </object_component>
      <object_component id="oc-3d4">
         <name>.debug_info</name>
         <load_address>0x0</load_address>
         <run_address>0x0</run_address>
         <size>0x42b</size>
         <input_file_ref idref="fl-2"/>
      </object_component>
      <object_component id="oc-37a">
         <name>.debug_info</name>
         <load_address>0x42b</load_address>
         <run_address>0x42b</run_address>
         <size>0xd0</size>
         <input_file_ref idref="fl-2"/>
      </object_component>
      <object_component id="oc-30e">
         <name>.debug_info</name>
         <load_address>0x4fb</load_address>
         <run_address>0x4fb</run_address>
         <size>0x190</size>
         <input_file_ref idref="fl-2"/>
      </object_component>
      <object_component id="oc-334">
         <name>.debug_info</name>
         <load_address>0x68b</load_address>
         <run_address>0x68b</run_address>
         <size>0x11e7</size>
         <input_file_ref idref="fl-2"/>
      </object_component>
      <object_component id="oc-345">
         <name>.debug_info</name>
         <load_address>0x1872</load_address>
         <run_address>0x1872</run_address>
         <size>0xbb</size>
         <input_file_ref idref="fl-2"/>
      </object_component>
      <object_component id="oc-33e">
         <name>.debug_info</name>
         <load_address>0x192d</load_address>
         <run_address>0x192d</run_address>
         <size>0x26b</size>
         <input_file_ref idref="fl-2"/>
      </object_component>
      <object_component id="oc-3da">
         <name>.debug_info</name>
         <load_address>0x1b98</load_address>
         <run_address>0x1b98</run_address>
         <size>0xee</size>
         <input_file_ref idref="fl-2"/>
      </object_component>
      <object_component id="oc-2fa">
         <name>.debug_info</name>
         <load_address>0x1c86</load_address>
         <run_address>0x1c86</run_address>
         <size>0x8b</size>
         <input_file_ref idref="fl-2"/>
      </object_component>
      <object_component id="oc-3d5">
         <name>.debug_info</name>
         <load_address>0x1d11</load_address>
         <run_address>0x1d11</run_address>
         <size>0x282</size>
         <input_file_ref idref="fl-2"/>
      </object_component>
      <object_component id="oc-339">
         <name>.debug_info</name>
         <load_address>0x1f93</load_address>
         <run_address>0x1f93</run_address>
         <size>0xbb</size>
         <input_file_ref idref="fl-2"/>
      </object_component>
      <object_component id="oc-34a">
         <name>.debug_info</name>
         <load_address>0x204e</load_address>
         <run_address>0x204e</run_address>
         <size>0x35</size>
         <input_file_ref idref="fl-2"/>
      </object_component>
      <object_component id="oc-480">
         <name>.debug_info</name>
         <load_address>0x2083</load_address>
         <run_address>0x2083</run_address>
         <size>0x3d9</size>
         <input_file_ref idref="fl-3"/>
      </object_component>
      <object_component id="oc-41d">
         <name>.debug_info</name>
         <load_address>0x245c</load_address>
         <run_address>0x245c</run_address>
         <size>0x24c</size>
         <input_file_ref idref="fl-3"/>
      </object_component>
      <object_component id="oc-3ea">
         <name>.debug_info</name>
         <load_address>0x26a8</load_address>
         <run_address>0x26a8</run_address>
         <size>0x1d4</size>
         <input_file_ref idref="fl-3"/>
      </object_component>
      <object_component id="oc-423">
         <name>.debug_info</name>
         <load_address>0x287c</load_address>
         <run_address>0x287c</run_address>
         <size>0x1a5</size>
         <input_file_ref idref="fl-3"/>
      </object_component>
      <object_component id="oc-3f4">
         <name>.debug_info</name>
         <load_address>0x2a21</load_address>
         <run_address>0x2a21</run_address>
         <size>0x1be</size>
         <input_file_ref idref="fl-3"/>
      </object_component>
      <object_component id="oc-2dd">
         <name>.debug_info</name>
         <load_address>0x2bdf</load_address>
         <run_address>0x2bdf</run_address>
         <size>0x2c</size>
         <input_file_ref idref="fl-3"/>
      </object_component>
      <object_component id="oc-2eb">
         <name>.debug_info</name>
         <load_address>0x2c0b</load_address>
         <run_address>0x2c0b</run_address>
         <size>0x345</size>
         <input_file_ref idref="fl-4"/>
      </object_component>
      <object_component id="oc-287">
         <name>.debug_info</name>
         <load_address>0x2f50</load_address>
         <run_address>0x2f50</run_address>
         <size>0x152</size>
         <input_file_ref idref="fl-4"/>
      </object_component>
      <object_component id="oc-2f4">
         <name>.debug_info</name>
         <load_address>0x30a2</load_address>
         <run_address>0x30a2</run_address>
         <size>0x3d1</size>
         <input_file_ref idref="fl-8"/>
      </object_component>
      <object_component id="oc-42d">
         <name>.debug_info</name>
         <load_address>0x3473</load_address>
         <run_address>0x3473</run_address>
         <size>0x1ac</size>
         <input_file_ref idref="fl-8"/>
      </object_component>
      <object_component id="oc-375">
         <name>.debug_info</name>
         <load_address>0x361f</load_address>
         <run_address>0x361f</run_address>
         <size>0x17a</size>
         <input_file_ref idref="fl-8"/>
      </object_component>
[...]
      </symbol>
      <symbol id="sm-52e">
         <name>transmit_pending_data</name>
         <value>0xdb8e</value>
         <object_component_ref idref="oc-382"/>
      </symbol>
      <symbol id="sm-52f">
         <name>unknown_handling</name>
         <value>0xdf1c</value>
         <object_component_ref idref="oc-4c5"/>
      </symbol>
      <symbol id="sm-530">
         <name>verify_handling</name>
         <value>0xdfbc</value>
         <object_component_ref idref="oc-4d7"/>
      </symbol>
      <symbol id="sm-531">
         <name>disable_handling</name>
         <value>0xdea4</value>
         <object_component_ref idref="oc-4d1"/>
      </symbol>
      <symbol id="sm-532">
         <name>process_command</name>
         <value>0xe072</value>
         <object_component_ref idref="oc-434"/>
      </symbol>
      <symbol id="sm-533">
         <name>uart_read</name>
         <value>0xe108</value>
         <object_component_ref idref="oc-43a"/>
      </symbol>
      <symbol id="sm-534">
         <name>btn00_callback</name>
         <value>0xd324</value>
         <object_component_ref idref="oc-361"/>
      </symbol>
      <symbol id="sm-535">
         <name>enable_handling</name>
         <value>0xdee0</value>
         <object_component_ref idref="oc-4cb"/>
      </symbol>
      <symbol id="sm-536">
         <name>btn01_callback</name>
         <value>0xd3ca</value>
         <object_component_ref idref="oc-36a"/>
      </symbol>
      <symbol id="sm-537">
         <name>process_rx</name>
         <value>0xd9fc</value>
         <object_component_ref idref="oc-388"/>
      </symbol>
      <symbol id="sm-538">
         <name>UARTPort</name>
         <value>0xc5a0</value>
         <object_component_ref idref="oc-370"/>
      </symbol>
      <symbol id="sm-566">
         <name>CAPT_calibrateOffset</name>
         <value>0xc9ee</value>
         <object_component_ref idref="oc-519"/>
      </symbol>
      <symbol id="sm-567">
         <name>CAPT_calibrateGain</name>
         <value>0xc826</value>
         <object_component_ref idref="oc-518"/>
      </symbol>
      <symbol id="sm-568">
         <name>CAPT_calibrateSensor</name>
         <value>0xe12c</value>
         <object_component_ref idref="oc-517"/>
      </symbol>
      <symbol id="sm-569">
         <name>CAPT_calibrateSensorWithEMC</name>
         <value>0xd504</value>
         <object_component_ref idref="oc-486"/>
      </symbol>
      <symbol id="sm-5b5">
         <name>g_filteredGlobalNoiseLevel</name>
         <value>0x2338</value>
      </symbol>
      <symbol id="sm-5b6">
         <name>g_pHighestNoiseElement</name>
         <value>0x233c</value>
      </symbol>
      <symbol id="sm-5b7">
         <name>CAPT_computeRelNoiseComp</name>
         <value>0xd27e</value>
         <object_component_ref idref="oc-63b"/>
      </symbol>
      <symbol id="sm-5b8">
         <name>CAPT_updateGlobalFilteredNoiseLevel</name>
         <value>0xd82e</value>
         <object_component_ref idref="oc-63a"/>
      </symbol>
      <symbol id="sm-5b9">
         <name>CAPT_replaceFrequencyWithError</name>
         <value>0xe2b0</value>
         <object_component_ref idref="oc-5d5"/>
      </symbol>
      <symbol id="sm-5ba">
         <name>g_pEMCConfig</name>
         <value>0x260e</value>
         <object_component_ref idref="oc-483"/>
      </symbol>
      <symbol id="sm-5bb">
         <name>CAPT_getRelNoiseStatusThreshold</name>
         <value>0xe29c</value>
         <object_component_ref idref="oc-639"/>
      </symbol>
      <symbol id="sm-5bc">
         <name>CAPT_resolveMultiFreqSet</name>
         <value>0xcf02</value>
         <object_component_ref idref="oc-5d6"/>
      </symbol>
      <symbol id="sm-5bd">
         <name>CAPT_correctInvalidMultiFreqCalibration</name>
         <value>0xcb8a</value>
         <object_component_ref idref="oc-520"/>
      </symbol>
      <symbol id="sm-5be">
         <name>CAPT_loadEMCConfig</name>
         <value>0xe228</value>
         <object_component_ref idref="oc-3f2"/>
      </symbol>
      <symbol id="sm-5bf">
         <name>CAPT_testConversionFrequencyForNoise</name>
         <value>0xcc7c</value>
         <object_component_ref idref="oc-51a"/>
      </symbol>
      <symbol id="sm-5c0">
         <name>CAPT_computeJitterFilter</name>
         <value>0xe0c0</value>
         <object_component_ref idref="oc-637"/>
      </symbol>
      <symbol id="sm-5c1">
         <name>CAPT_getMaxRelThreshold</name>
         <value>0xe288</value>
         <object_component_ref idref="oc-63c"/>
      </symbol>
      <symbol id="sm-5c2">
         <name>CAPT_getEMCConversionSettings</name>
         <value>0xdb42</value>
         <object_component_ref idref="oc-516"/>
      </symbol>
      <symbol id="sm-5c7">
         <name>CAPT_getInterruptVector</name>
         <value>0xe33c</value>
         <object_component_ref idref="oc-2e9"/>
      </symbol>
      <symbol id="sm-5c8">
         <name>CAPT_init</name>
         <value>0xe16e</value>
         <object_component_ref idref="oc-47d"/>
      </symbol>
      <symbol id="sm-5c9">
         <name>CAPT_clearIFG</name>
         <value>0xe336</value>
         <object_component_ref idref="oc-5de"/>
      </symbol>
      <symbol id="sm-636">
         <name>CAPT_updateSensorTimeout</name>
         <value>0xdf54</value>
         <object_component_ref idref="oc-5da"/>
      </symbol>
      <symbol id="sm-637">
         <name>CAPT_updateSelfElementProxTouchWithEMC</name>
         <value>0xcd6c</value>
         <object_component_ref idref="oc-5d8"/>
      </symbol>
      <symbol id="sm-638">
         <name>CAPT_processSensor</name>
         <value>0xd7c4</value>
         <object_component_ref idref="oc-557"/>
      </symbol>
      <symbol id="sm-639">
         <name>CAPT_convertAbsToRel</name>
         <value>0xdfec</value>
         <object_component_ref idref="oc-638"/>
      </symbol>
      <symbol id="sm-63a">
         <name>CAPT_flagAllElementsForReseed</name>
         <value>0xdbd8</value>
         <object_component_ref idref="oc-647"/>
      </symbol>
      <symbol id="sm-63b">
         <name>CAPT_blockOnFlag</name>
         <value>0xe09a</value>
         <object_component_ref idref="oc-5df"/>
      </symbol>
      <symbol id="sm-63c">
         <name>CAPT_startConversionAndWaitUntilDone</name>
         <value>0xe01a</value>
         <object_component_ref idref="oc-57c"/>
      </symbol>
      <symbol id="sm-63d">
         <name>CAPT_unloadCycle</name>
         <value>0xddac</value>
         <object_component_ref idref="oc-57e"/>
      </symbol>
      <symbol id="sm-63e">
         <name>CAPT_testForRecalibration</name>
         <value>0xd60e</value>
         <object_component_ref idref="oc-4b9"/>
      </symbol>
      <symbol id="sm-63f">
         <name>CAPT_updateElementFilteredValuesWithEMC</name>
         <value>0xd12c</value>
         <object_component_ref idref="oc-5d7"/>
      </symbol>
      <symbol id="sm-640">
         <name>CAPT_processCycleWithEMC</name>
         <value>0xd46c</value>
         <object_component_ref idref="oc-556"/>
      </symbol>
      <symbol id="sm-641">
         <name>CAPT_initSensor</name>
         <value>0xd75a</value>
         <object_component_ref idref="oc-47e"/>
      </symbol>
      <symbol id="sm-642">
         <name>CAPT_updateSensorRawCount</name>
         <value>0xc5c8</value>
         <object_component_ref idref="oc-555"/>
      </symbol>
      <symbol id="sm-643">
         <name>CAPT_preProcessSlider</name>
         <value>0xdaf4</value>
         <object_component_ref idref="oc-5db"/>
      </symbol>
      <symbol id="sm-644">
         <name>CAPT_updateSensorWithEMC</name>
         <value>0xd598</value>
         <object_component_ref idref="oc-4b6"/>
      </symbol>
      <symbol id="sm-645">
         <name>CAPT_loadCycle</name>
         <value>0xdc20</value>
         <object_component_ref idref="oc-57d"/>
      </symbol>
      <symbol id="sm-646">
         <name>CAPT_updateSensorNoise</name>
         <value>0xd9a6</value>
         <object_component_ref idref="oc-5d9"/>
      </symbol>
      <symbol id="sm-647">
         <name>CAPT_testForNegativeTouchRecalibration</name>
         <value>0xe242</value>
         <object_component_ref idref="oc-4b8"/>
      </symbol>
      <symbol id="sm-648">
         <name>CAPT_testForMaxCountRecalibration</name>
         <value>0xe18e</value>
         <object_component_ref idref="oc-4b7"/>
      </symbol>
      <symbol id="sm-66e">
         <name>CS_clearAllOscFlagsWithTimeout</name>
         <value>0xe1ee</value>
         <object_component_ref idref="oc-3e4"/>
      </symbol>
      <symbol id="sm-66f">
         <name>CS_initFLL</name>
         <value>0xce3e</value>
         <object_component_ref idref="oc-3e3"/>
      </symbol>
      <symbol id="sm-670">
         <name>CS_setExternalClockSource</name>
         <value>0xe2fc</value>
         <object_component_ref idref="oc-3e0"/>
      </symbol>
      <symbol id="sm-671">
         <name>CS_turnOnXT1LFWithTimeout</name>
         <value>0xddea</value>
         <object_component_ref idref="oc-3e1"/>
      </symbol>
      <symbol id="sm-672">
         <name>CS_initClockSignal</name>
         <value>0xd078</value>
         <object_component_ref idref="oc-3e2"/>
      </symbol>
      <symbol id="sm-675">
         <name>FRAMCtl_configureWaitStateControl</name>
         <value>0xe272</value>
         <object_component_ref idref="oc-3df"/>
      </symbol>
      <symbol id="sm-686">
         <name>__mspabi_remul</name>
         <value>0xd94e</value>
         <object_component_ref idref="oc-650"/>
      </symbol>
      <symbol id="sm-687">
         <name>__mspabi_divul</name>
         <value>0xd94e</value>
         <object_component_ref idref="oc-650"/>
      </symbol>
      <symbol id="sm-68a">
         <name>__TI_int41</name>
         <value>0xffda</value>
         <object_component_ref idref="oc-76"/>
      </symbol>
      <symbol id="sm-68d">
         <name>__TI_int42</name>
         <value>0xffdc</value>
         <object_component_ref idref="oc-77"/>
      </symbol>
      <symbol id="sm-690">
         <name>__TI_int43</name>
         <value>0xffde</value>
         <object_component_ref idref="oc-78"/>
      </symbol>
      <symbol id="sm-693">
         <name>__TI_int44</name>
         <value>0xffe0</value>
         <object_component_ref idref="oc-79"/>
      </symbol>
      <symbol id="sm-696">
         <name>__TI_int45</name>
         <value>0xffe2</value>
         <object_component_ref idref="oc-7a"/>
      </symbol>
      <symbol id="sm-699">
         <name>__TI_int47</name>
         <value>0xffe6</value>
         <object_component_ref idref="oc-7c"/>
      </symbol>
      <symbol id="sm-69c">
         <name>__TI_int48</name>
         <value>0xffe8</value>
         <object_component_ref idref="oc-7d"/>
      </symbol>
      <symbol id="sm-69f">
         <name>__TI_int49</name>
         <value>0xffea</value>
         <object_component_ref idref="oc-7e"/>
      </symbol>
      <symbol id="sm-6a2">
         <name>__TI_int50</name>
         <value>0xffec</value>
         <object_component_ref idref="oc-7f"/>
      </symbol>
      <symbol id="sm-6a5">
         <name>__TI_int51</name>
         <value>0xffee</value>
         <object_component_ref idref="oc-80"/>
      </symbol>
      <symbol id="sm-6a8">
         <name>__TI_int52</name>
         <value>0xfff0</value>
         <object_component_ref idref="oc-81"/>
      </symbol>
      <symbol id="sm-6ab">
         <name>__TI_int53</name>
         <value>0xfff2</value>
         <object_component_ref idref="oc-82"/>
      </symbol>
      <symbol id="sm-6ae">
         <name>__TI_int54</name>
         <value>0xfff4</value>
         <object_component_ref idref="oc-83"/>
      </symbol>
      <symbol id="sm-6b1">
         <name>__TI_int55</name>
         <value>0xfff6</value>
         <object_component_ref idref="oc-84"/>
      </symbol>
      <symbol id="sm-6b4">
         <name>__TI_int56</name>
         <value>0xfff8</value>
         <object_component_ref idref="oc-85"/>
      </symbol>
      <symbol id="sm-6b7">
         <name>__TI_int57</name>
         <value>0xfffa</value>
         <object_component_ref idref="oc-86"/>
      </symbol>
      <symbol id="sm-6ba">
         <name>__TI_int58</name>
         <value>0xfffc</value>
         <object_component_ref idref="oc-87"/>
      </symbol>
      <symbol id="sm-6c2">
         <name>__TI_ISR_TRAP</name>
         <value>0xe32e</value>
         <object_component_ref idref="oc-28c"/>
      </symbol>
      <symbol id="sm-6cb">
         <name>__mspabi_slli</name>
         <value>0xe31a</value>
         <object_component_ref idref="oc-51b"/>
      </symbol>
      <symbol id="sm-6d3">
         <name>__mspabi_slll_9</name>
         <value>0xde40</value>
         <object_component_ref idref="oc-64b"/>
      </symbol>
      <symbol id="sm-6d4">
         <name>__mspabi_slll_8</name>
         <value>0xde44</value>
         <object_component_ref idref="oc-64b"/>
      </symbol>
      <symbol id="sm-6d5">
         <name>__mspabi_slll_7</name>
         <value>0xde48</value>
         <object_component_ref idref="oc-64b"/>
      </symbol>
      <symbol id="sm-6d6">
         <name>__mspabi_slll_6</name>
         <value>0xde4c</value>
         <object_component_ref idref="oc-64b"/>
      </symbol>
      <symbol id="sm-6d7">
         <name>__mspabi_slll_5</name>
         <value>0xde50</value>
         <object_component_ref idref="oc-64b"/>
      </symbol>
      <symbol id="sm-6d8">
         <name>__mspabi_slll_4</name>
         <value>0xde54</value>
         <object_component_ref idref="oc-64b"/>
      </symbol>
      <symbol id="sm-6d9">
         <name>__mspabi_slll_3</name>
         <value>0xde58</value>
         <object_component_ref idref="oc-64b"/>
      </symbol>
      <symbol id="sm-6da">
         <name>__mspabi_slll_2</name>
         <value>0xde5c</value>
         <object_component_ref idref="oc-64b"/>
      </symbol>
      <symbol id="sm-6db">
         <name>__mspabi_slll_1</name>
         <value>0xde60</value>
         <object_component_ref idref="oc-64b"/>
      </symbol>
      <symbol id="sm-6dc">
         <name>__mspabi_slll_15</name>
         <value>0xde28</value>
         <object_component_ref idref="oc-64b"/>
      </symbol>
      <symbol id="sm-6dd">
         <name>__mspabi_slll_14</name>
         <value>0xde2c</value>
         <object_component_ref idref="oc-64b"/>
      </symbol>
      <symbol id="sm-6de">
         <name>__mspabi_slll_13</name>
         <value>0xde30</value>
         <object_component_ref idref="oc-64b"/>
      </symbol>
      <symbol id="sm-6df">
         <name>__mspabi_slll_12</name>
         <value>0xde34</value>
         <object_component_ref idref="oc-64b"/>
      </symbol>
      <symbol id="sm-6e0">
         <name>__mspabi_slll_11</name>
         <value>0xde38</value>
         <object_component_ref idref="oc-64b"/>
      </symbol>
      <symbol id="sm-6e1">
         <name>__mspabi_slll_10</name>
         <value>0xde3c</value>
         <object_component_ref idref="oc-64b"/>
      </symbol>
      <symbol id="sm-6ea">
         <name>__mspabi_srli</name>
         <value>0xe324</value>
         <object_component_ref idref="oc-5d0"/>
      </symbol>
      <symbol id="sm-6f2">
         <name>__mspabi_srll_8</name>
         <value>0xde82</value>
         <object_component_ref idref="oc-642"/>
      </symbol>
      <symbol id="sm-6f3">
         <name>__mspabi_srll_9</name>
         <value>0xde7e</value>
         <object_component_ref idref="oc-642"/>
      </symbol>
      <symbol id="sm-6f4">
         <name>__mspabi_srll_6</name>
         <value>0xde8a</value>
         <object_component_ref idref="oc-642"/>
      </symbol>
      <symbol id="sm-6f5">
         <name>__mspabi_srll_7</name>
         <value>0xde86</value>
         <object_component_ref idref="oc-642"/>
      </symbol>
      <symbol id="sm-6f6">
         <name>__mspabi_srll_4</name>
         <value>0xde92</value>
         <object_component_ref idref="oc-642"/>
      </symbol>
      <symbol id="sm-6f7">
         <name>__mspabi_srll_5</name>
         <value>0xde8e</value>
         <object_component_ref idref="oc-642"/>
      </symbol>
      <symbol id="sm-6f8">
         <name>__mspabi_srll_2</name>
         <value>0xde9a</value>
         <object_component_ref idref="oc-642"/>
      </symbol>
      <symbol id="sm-6f9">
         <name>__mspabi_srll_3</name>
         <value>0xde96</value>
         <object_component_ref idref="oc-642"/>
      </symbol>
      <symbol id="sm-6fa">
         <name>__mspabi_srll_1</name>
         <value>0xde9e</value>
         <object_component_ref idref="oc-642"/>
      </symbol>
      <symbol id="sm-6fb">
         <name>__mspabi_srll_15</name>
         <value>0xde66</value>
         <object_component_ref idref="oc-642"/>
      </symbol>
      <symbol id="sm-6fc">
         <name>__mspabi_srll_14</name>
         <value>0xde6a</value>
         <object_component_ref idref="oc-642"/>
      </symbol>
      <symbol id="sm-6fd">
         <name>__mspabi_srll_13</name>
         <value>0xde6e</value>
         <object_component_ref idref="oc-642"/>
      </symbol>
      <symbol id="sm-6fe">
         <name>__mspabi_srll_12</name>
         <value>0xde72</value>
         <object_component_ref idref="oc-642"/>
      </symbol>
      <symbol id="sm-6ff">
         <name>__mspabi_srll_11</name>
         <value>0xde76</value>
         <object_component_ref idref="oc-642"/>
      </symbol>
      <symbol id="sm-700">
         <name>__mspabi_srll_10</name>
         <value>0xde7a</value>
         <object_component_ref idref="oc-642"/>
      </symbol>
      <symbol id="sm-70c">
         <name>__mspabi_mpyl_f5hw</name>
         <value>0xe1ae</value>
         <object_component_ref idref="oc-63d"/>
      </symbol>
      <symbol id="sm-724">
         <name>_stack</name>
         <value>0x2f00</value>
         <object_component_ref idref="oc-26a"/>
      </symbol>
      <symbol id="sm-725">
         <name>_c_int00_noargs</name>
         <value>0xe20c</value>
         <object_component_ref idref="oc-2a9"/>
      </symbol>
      <symbol id="sm-726">
         <name>_reset_vector</name>
         <value>0xfffe</value>
         <object_component_ref idref="oc-26d"/>
      </symbol>
      <symbol id="sm-748">
         <name>__TI_auto_init_nobinit_nopinit_hold_wdt</name>
         <value>0xda50</value>
         <object_component_ref idref="oc-3b9"/>
      </symbol>
      <symbol id="sm-75b">
         <name>__TI_zero_init_nomemset</name>
         <value>0xe2c4</value>
         <object_component_ref idref="oc-297"/>
      </symbol>
      <symbol id="sm-768">
         <name>_system_post_cinit</name>
         <value>0xe348</value>
         <object_component_ref idref="oc-454"/>
      </symbol>
      <symbol id="sm-77e">
         <name>__TI_decompress_none</name>
         <value>0xe2d8</value>
         <object_component_ref idref="oc-6f"/>
      </symbol>
      <symbol id="sm-7a1">
         <name>__TI_decompress_lzss</name>
         <value>0xd67e</value>
         <object_component_ref idref="oc-69"/>
      </symbol>
      <symbol id="sm-7ab">
         <name>C$$EXIT</name>
         <value>0xe342</value>
         <object_component_ref idref="oc-395"/>
      </symbol>
      <symbol id="sm-7ac">
         <name>abort</name>
         <value>0xe342</value>
         <object_component_ref idref="oc-395"/>
      </symbol>
      <symbol id="sm-7bc">
         <name>memcpy</name>
         <value>0xe2ea</value>
         <object_component_ref idref="oc-279"/>
      </symbol>
      <symbol id="sm-7ca">
         <name>strcmp</name>
         <value>0xe25a</value>
         <object_component_ref idref="oc-559"/>
      </symbol>
      <symbol id="sm-7d4">
         <name>abs</name>
         <value>0xe310</value>
         <object_component_ref idref="oc-631"/>
      </symbol>
   </symbol_table>
   <title>Link successful</title>
</link_info>
