<?xml version="1.0" encoding="ISO-8859-1" ?>
<link_info>
   <banner>MSP430 Linker PC v21.6.1.LTS</banner>
   <copyright>Copyright (c) 2003-2018 Texas Instruments Incorporated</copyright>
   <link_time>0x69a82894</link_time>
   <link_errors>0x0</link_errors>
   <output_file>8TX4RX_L_NEW.out</output_file>
   <entry_point>
      <name>_c_int00_noargs</name>
      <address>0xe2c2</address>
   </entry_point>
   <input_file_list>
      <input_file id="fl-2">
         <path>.\</path>
         <kind>object</kind>
         <file>main.obj</file>
         <name>main.obj</name>
      </input_file>
      <input_file id="fl-3">
         <path>.\captivate\ADVANCED\</path>
         <kind>object</kind>
         <file>CAPT_Manager.obj</file>
         <name>CAPT_Manager.obj</name>
      </input_file>
      <input_file id="fl-4">
         <path>.\captivate\BASE\</path>
         <kind>object</kind>
         <file>CAPT_ISR.obj</file>
         <name>CAPT_ISR.obj</name>
      </input_file>
      <input_file id="fl-5">
         <path>.\captivate\COMM\</path>
         <kind>object</kind>
         <file>CAPT_Interface.obj</file>
         <name>CAPT_Interface.obj</name>
      </input_file>
      <input_file id="fl-6">
         <path>.\captivate\COMM\</path>
         <kind>object</kind>
         <file>FunctionTimer.obj</file>
         <name>FunctionTimer.obj</name>
      </input_file>
      <input_file id="fl-7">
         <path>.\captivate\COMM\</path>
         <kind>object</kind>
         <file>I2CSlave.obj</file>
         <name>I2CSlave.obj</name>
      </input_file>
      <input_file id="fl-8">
         <path>.\captivate\COMM\</path>
         <kind>object</kind>
         <file>UART.obj</file>
         <name>UART.obj</name>
      </input_file>
      <input_file id="fl-9">
         <path>.\captivate_app\</path>
         <kind>object</kind>
         <file>CAPT_App.obj</file>
         <name>CAPT_App.obj</name>
      </input_file>
      <input_file id="fl-a">
         <path>.\captivate_app\</path>
         <kind>object</kind>
         <file>CAPT_BSP.obj</file>
         <name>CAPT_BSP.obj</name>
      </input_file>
      <input_file id="fl-b">
         <path>.\captivate_config\</path>
         <kind>object</kind>
         <file>CAPT_UserConfig.obj</file>
         <name>CAPT_UserConfig.obj</name>
      </input_file>
      <input_file id="fl-c">
         <path>.\mymodule\</path>
         <kind>object</kind>
         <file>mymodule.obj</file>
         <name>mymodule.obj</name>
      </input_file>
      <input_file id="fl-1c">
         <kind>object</kind>
         <file>&lt;internal&gt;</file>
         <name>&lt;internal&gt;</name>
      </input_file>
      <input_file id="fl-1d">
         <path>..\captivate\BASE\libraries\</path>
         <kind>archive</kind>
         <file>captivate_fr2633_family.lib</file>
         <name>CAPT_Calibration.o</name>
      </input_file>
      <input_file id="fl-1e">
         <path>..\captivate\BASE\libraries\</path>
         <kind>archive</kind>
         <file>captivate_fr2633_family.lib</file>
         <name>CAPT_EMC.o</name>
      </input_file>
      <input_file id="fl-1f">
         <path>..\captivate\BASE\libraries\</path>
         <kind>archive</kind>
         <file>captivate_fr2633_family.lib</file>
         <name>CAPT_HAL.o</name>
      </input_file>
      <input_file id="fl-20">
         <path>..\captivate\BASE\libraries\</path>
         <kind>archive</kind>
         <file>captivate_fr2633_family.lib</file>
         <name>CAPT_Touch.o</name>
      </input_file>
      <input_file id="fl-21">
         <path>..\driverlib\MSP430FR2xx_4xx\libraries\</path>
         <kind>archive</kind>
         <file>driverlib_fr2633_family.lib</file>
         <name>cs.o</name>
      </input_file>
      <input_file id="fl-22">
         <path>..\driverlib\MSP430FR2xx_4xx\libraries\</path>
         <kind>archive</kind>
         <file>driverlib_fr2633_family.lib</file>
         <name>framctl.o</name>
      </input_file>
      <input_file id="fl-47">
         <path>C:\ti\ccs2041\ccs\tools\compiler\ti-cgt-msp430_21.6.1.LTS\lib\</path>
         <kind>archive</kind>
         <file>rts430x_sc_sd_eabi.lib</file>
         <name>div16s.asm.obj</name>
      </input_file>
      <input_file id="fl-48">
         <path>C:\ti\ccs2041\ccs\tools\compiler\ti-cgt-msp430_21.6.1.LTS\lib\</path>
         <kind>archive</kind>
         <file>rts430x_sc_sd_eabi.lib</file>
         <name>div16u.asm.obj</name>
      </input_file>
      <input_file id="fl-49">
         <path>C:\ti\ccs2041\ccs\tools\compiler\ti-cgt-msp430_21.6.1.LTS\lib\</path>
         <kind>archive</kind>
         <file>rts430x_sc_sd_eabi.lib</file>
         <name>div32s.asm.obj</name>
      </input_file>
      <input_file id="fl-4a">
         <path>C:\ti\ccs2041\ccs\tools\compiler\ti-cgt-msp430_21.6.1.LTS\lib\</path>
         <kind>archive</kind>
         <file>rts430x_sc_sd_eabi.lib</file>
         <name>div32u.asm.obj</name>
      </input_file>
      <input_file id="fl-4b">
         <path>C:\ti\ccs2041\ccs\tools\compiler\ti-cgt-msp430_21.6.1.LTS\lib\</path>
         <kind>archive</kind>
         <file>rts430x_sc_sd_eabi.lib</file>
         <name>int41.asm.obj</name>
      </input_file>
      <input_file id="fl-4c">
         <path>C:\ti\ccs2041\ccs\tools\compiler\ti-cgt-msp430_21.6.1.LTS\lib\</path>
         <kind>archive</kind>
         <file>rts430x_sc_sd_eabi.lib</file>
         <name>int42.asm.obj</name>
      </input_file>
      <input_file id="fl-4d">
         <path>C:\ti\ccs2041\ccs\tools\compiler\ti-cgt-msp430_21.6.1.LTS\lib\</path>
         <kind>archive</kind>
         <file>rts430x_sc_sd_eabi.lib</file>
         <name>int43.asm.obj</name>
      </input_file>
      <input_file id="fl-4e">
         <path>C:\ti\ccs2041\ccs\tools\compiler\ti-cgt-msp430_21.6.1.LTS\lib\</path>
         <kind>archive</kind>
         <file>rts430x_sc_sd_eabi.lib</file>
         <name>int44.asm.obj</name>
      </input_file>
      <input_file id="fl-4f">
         <path>C:\ti\ccs2041\ccs\tools\compiler\ti-cgt-msp430_21.6.1.LTS\lib\</path>
         <kind>archive</kind>
         <file>rts430x_sc_sd_eabi.lib</file>
         <name>int45.asm.obj</name>
      </input_file>
      <input_file id="fl-50">
         <path>C:\ti\ccs2041\ccs\tools\compiler\ti-cgt-msp430_21.6.1.LTS\lib\</path>
         <kind>archive</kind>
         <file>rts430x_sc_sd_eabi.lib</file>
         <name>int47.asm.obj</name>
      </input_file>
      <input_file id="fl-51">
         <path>C:\ti\ccs2041\ccs\tools\compiler\ti-cgt-msp430_21.6.1.LTS\lib\</path>
         <kind>archive</kind>
         <file>rts430x_sc_sd_eabi.lib</file>
         <name>int48.asm.obj</name>
      </input_file>
      <input_file id="fl-52">
         <path>C:\ti\ccs2041\ccs\tools\compiler\ti-cgt-msp430_21.6.1.LTS\lib\</path>
         <kind>archive</kind>
         <file>rts430x_sc_sd_eabi.lib</file>
         <name>int49.asm.obj</name>
      </input_file>
      <input_file id="fl-53">
         <path>C:\ti\ccs2041\ccs\tools\compiler\ti-cgt-msp430_21.6.1.LTS\lib\</path>
         <kind>archive</kind>
         <file>rts430x_sc_sd_eabi.lib</file>
         <name>int50.asm.obj</name>
      </input_file>
      <input_file id="fl-54">
         <path>C:\ti\ccs2041\ccs\tools\compiler\ti-cgt-msp430_21.6.1.LTS\lib\</path>
         <kind>archive</kind>
         <file>rts430x_sc_sd_eabi.lib</file>
         <name>int51.asm.obj</name>
      </input_file>
      <input_file id="fl-55">
         <path>C:\ti\ccs2041\ccs\tools\compiler\ti-cgt-msp430_21.6.1.LTS\lib\</path>
         <kind>archive</kind>
         <file>rts430x_sc_sd_eabi.lib</file>
         <name>int52.asm.obj</name>
      </input_file>
      <input_file id="fl-56">
         <path>C:\ti\ccs2041\ccs\tools\compiler\ti-cgt-msp430_21.6.1.LTS\lib\</path>
         <kind>archive</kind>
         <file>rts430x_sc_sd_eabi.lib</file>
         <name>int53.asm.obj</name>
      </input_file>
      <input_file id="fl-57">
         <path>C:\ti\ccs2041\ccs\tools\compiler\ti-cgt-msp430_21.6.1.LTS\lib\</path>
         <kind>archive</kind>
         <file>rts430x_sc_sd_eabi.lib</file>
         <name>int54.asm.obj</name>
      </input_file>
      <input_file id="fl-58">
         <path>C:\ti\ccs2041\ccs\tools\compiler\ti-cgt-msp430_21.6.1.LTS\lib\</path>
         <kind>archive</kind>
         <file>rts430x_sc_sd_eabi.lib</file>
         <name>int55.asm.obj</name>
      </input_file>
      <input_file id="fl-59">
         <path>C:\ti\ccs2041\ccs\tools\compiler\ti-cgt-msp430_21.6.1.LTS\lib\</path>
         <kind>archive</kind>
         <file>rts430x_sc_sd_eabi.lib</file>
         <name>int56.asm.obj</name>
      </input_file>
      <input_file id="fl-5a">
         <path>C:\ti\ccs2041\ccs\tools\compiler\ti-cgt-msp430_21.6.1.LTS\lib\</path>
         <kind>archive</kind>
         <file>rts430x_sc_sd_eabi.lib</file>
         <name>int57.asm.obj</name>
      </input_file>
      <input_file id="fl-5b">
         <path>C:\ti\ccs2041\ccs\tools\compiler\ti-cgt-msp430_21.6.1.LTS\lib\</path>
         <kind>archive</kind>
         <file>rts430x_sc_sd_eabi.lib</file>
         <name>int58.asm.obj</name>
      </input_file>
      <input_file id="fl-5c">
         <path>C:\ti\ccs2041\ccs\tools\compiler\ti-cgt-msp430_21.6.1.LTS\lib\</path>
         <kind>archive</kind>
         <file>rts430x_sc_sd_eabi.lib</file>
         <name>isr_trap.asm.obj</name>
      </input_file>
      <input_file id="fl-5d">
         <path>C:\ti\ccs2041\ccs\tools\compiler\ti-cgt-msp430_21.6.1.LTS\lib\</path>
         <kind>archive</kind>
         <file>rts430x_sc_sd_eabi.lib</file>
         <name>lsl16.asm.obj</name>
      </input_file>
      <input_file id="fl-5e">
         <path>C:\ti\ccs2041\ccs\tools\compiler\ti-cgt-msp430_21.6.1.LTS\lib\</path>
         <kind>archive</kind>
         <file>rts430x_sc_sd_eabi.lib</file>
         <name>lsl32.asm.obj</name>
      </input_file>
      <input_file id="fl-5f">
         <path>C:\ti\ccs2041\ccs\tools\compiler\ti-cgt-msp430_21.6.1.LTS\lib\</path>
         <kind>archive</kind>
         <file>rts430x_sc_sd_eabi.lib</file>
         <name>lsr16.asm.obj</name>
      </input_file>
      <input_file id="fl-60">
         <path>C:\ti\ccs2041\ccs\tools\compiler\ti-cgt-msp430_21.6.1.LTS\lib\</path>
         <kind>archive</kind>
         <file>rts430x_sc_sd_eabi.lib</file>
         <name>lsr32.asm.obj</name>
      </input_file>
      <input_file id="fl-61">
         <path>C:\ti\ccs2041\ccs\tools\compiler\ti-cgt-msp430_21.6.1.LTS\lib\</path>
         <kind>archive</kind>
         <file>rts430x_sc_sd_eabi.lib</file>
         <name>mult16.asm.obj</name>
      </input_file>
      <input_file id="fl-62">
         <path>C:\ti\ccs2041\ccs\tools\compiler\ti-cgt-msp430_21.6.1.LTS\lib\</path>
         <kind>archive</kind>
         <file>rts430x_sc_sd_eabi.lib</file>
         <name>mult16_f5hw.asm.obj</name>
      </input_file>
      <input_file id="fl-63">
         <path>C:\ti\ccs2041\ccs\tools\compiler\ti-cgt-msp430_21.6.1.LTS\lib\</path>
         <kind>archive</kind>
         <file>rts430x_sc_sd_eabi.lib</file>
         <name>mult1632.asm.obj</name>
      </input_file>
      <input_file id="fl-64">
         <path>C:\ti\ccs2041\ccs\tools\compiler\ti-cgt-msp430_21.6.1.LTS\lib\</path>
         <kind>archive</kind>
         <file>rts430x_sc_sd_eabi.lib</file>
         <name>mult1632_f5hw.asm.obj</name>
      </input_file>
      <input_file id="fl-65">
         <path>C:\ti\ccs2041\ccs\tools\compiler\ti-cgt-msp430_21.6.1.LTS\lib\</path>
         <kind>archive</kind>
         <file>rts430x_sc_sd_eabi.lib</file>
         <name>mult32.asm.obj</name>
      </input_file>
      <input_file id="fl-66">
         <path>C:\ti\ccs2041\ccs\tools\compiler\ti-cgt-msp430_21.6.1.LTS\lib\</path>
         <kind>archive</kind>
         <file>rts430x_sc_sd_eabi.lib</file>
         <name>mult32_f5hw.asm.obj</name>
      </input_file>
      <input_file id="fl-67">
         <path>C:\ti\ccs2041\ccs\tools\compiler\ti-cgt-msp430_21.6.1.LTS\lib\</path>
         <kind>archive</kind>
         <file>rts430x_sc_sd_eabi.lib</file>
         <name>mult3264_f5hw.asm.obj</name>
      </input_file>
      <input_file id="fl-68">
         <path>C:\ti\ccs2041\ccs\tools\compiler\ti-cgt-msp430_21.6.1.LTS\lib\</path>
         <kind>archive</kind>
         <file>rts430x_sc_sd_eabi.lib</file>
         <name>mult64.asm.obj</name>
      </input_file>
      <input_file id="fl-69">
         <path>C:\ti\ccs2041\ccs\tools\compiler\ti-cgt-msp430_21.6.1.LTS\lib\</path>
         <kind>archive</kind>
         <file>rts430x_sc_sd_eabi.lib</file>
         <name>mult64_f5hw.asm.obj</name>
      </input_file>
      <input_file id="fl-6a">
         <path>C:\ti\ccs2041\ccs\tools\compiler\ti-cgt-msp430_21.6.1.LTS\lib\</path>
         <kind>archive</kind>
         <file>rts430x_sc_sd_eabi.lib</file>
         <name>boot.c.obj</name>
      </input_file>
      <input_file id="fl-6b">
         <path>C:\ti\ccs2041\ccs\tools\compiler\ti-cgt-msp430_21.6.1.LTS\lib\</path>
         <kind>archive</kind>
         <file>rts430x_sc_sd_eabi.lib</file>
         <name>autoinit.c.obj</name>
      </input_file>
      <input_file id="fl-6c">
         <path>C:\ti\ccs2041\ccs\tools\compiler\ti-cgt-msp430_21.6.1.LTS\lib\</path>
         <kind>archive</kind>
         <file>rts430x_sc_sd_eabi.lib</file>
         <name>copy_zero_init.c.obj</name>
      </input_file>
      <input_file id="fl-6d">
         <path>C:\ti\ccs2041\ccs\tools\compiler\ti-cgt-msp430_21.6.1.LTS\lib\</path>
         <kind>archive</kind>
         <file>rts430x_sc_sd_eabi.lib</file>
         <name>cpy_tbl.c.obj</name>
      </input_file>
      <input_file id="fl-6e">
         <path>C:\ti\ccs2041\ccs\tools\compiler\ti-cgt-msp430_21.6.1.LTS\lib\</path>
         <kind>archive</kind>
         <file>rts430x_sc_sd_eabi.lib</file>
         <name>mpu_init.c.obj</name>
      </input_file>
      <input_file id="fl-6f">
         <path>C:\ti\ccs2041\ccs\tools\compiler\ti-cgt-msp430_21.6.1.LTS\lib\</path>
         <kind>archive</kind>
         <file>rts430x_sc_sd_eabi.lib</file>
         <name>lsl64.c.obj</name>
      </input_file>
      <input_file id="fl-70">
         <path>C:\ti\ccs2041\ccs\tools\compiler\ti-cgt-msp430_21.6.1.LTS\lib\</path>
         <kind>archive</kind>
         <file>rts430x_sc_sd_eabi.lib</file>
         <name>lsr64.c.obj</name>
      </input_file>
      <input_file id="fl-71">
         <path>C:\ti\ccs2041\ccs\tools\compiler\ti-cgt-msp430_21.6.1.LTS\lib\</path>
         <kind>archive</kind>
         <file>rts430x_sc_sd_eabi.lib</file>
         <name>startup.c.obj</name>
      </input_file>
      <input_file id="fl-72">
         <path>C:\ti\ccs2041\ccs\tools\compiler\ti-cgt-msp430_21.6.1.LTS\lib\</path>
         <kind>archive</kind>
         <file>rts430x_sc_sd_eabi.lib</file>
         <name>copy_decompress_none.c.obj</name>
      </input_file>
      <input_file id="fl-73">
         <path>C:\ti\ccs2041\ccs\tools\compiler\ti-cgt-msp430_21.6.1.LTS\lib\</path>
         <kind>archive</kind>
         <file>rts430x_sc_sd_eabi.lib</file>
         <name>copy_decompress_lzss.c.obj</name>
      </input_file>
      <input_file id="fl-74">
         <path>C:\ti\ccs2041\ccs\tools\compiler\ti-cgt-msp430_21.6.1.LTS\lib\</path>
         <kind>archive</kind>
         <file>rts430x_sc_sd_eabi.lib</file>
         <name>exit.c.obj</name>
      </input_file>
      <input_file id="fl-75">
         <path>C:\ti\ccs2041\ccs\tools\compiler\ti-cgt-msp430_21.6.1.LTS\lib\</path>
         <kind>archive</kind>
         <file>rts430x_sc_sd_eabi.lib</file>
         <name>_lock.c.obj</name>
      </input_file>
      <input_file id="fl-76">
         <path>C:\ti\ccs2041\ccs\tools\compiler\ti-cgt-msp430_21.6.1.LTS\lib\</path>
         <kind>archive</kind>
         <file>rts430x_sc_sd_eabi.lib</file>
         <name>args_main.c.obj</name>
      </input_file>
      <input_file id="fl-77">
         <path>C:\ti\ccs2041\ccs\tools\compiler\ti-cgt-msp430_21.6.1.LTS\lib\</path>
         <kind>archive</kind>
         <file>rts430x_sc_sd_eabi.lib</file>
         <name>memcpy.c.obj</name>
      </input_file>
      <input_file id="fl-78">
         <path>C:\ti\ccs2041\ccs\tools\compiler\ti-cgt-msp430_21.6.1.LTS\lib\</path>
         <kind>archive</kind>
         <file>rts430x_sc_sd_eabi.lib</file>
         <name>strcmp.c.obj</name>
      </input_file>
      <input_file id="fl-79">
         <path>C:\ti\ccs2041\ccs\tools\compiler\ti-cgt-msp430_21.6.1.LTS\lib\</path>
         <kind>archive</kind>
         <file>rts430x_sc_sd_eabi.lib</file>
         <name>abs.c.obj</name>
      </input_file>
      <input_file id="fl-7a">
         <path>C:\ti\ccs2041\ccs\tools\compiler\ti-cgt-msp430_21.6.1.LTS\lib\</path>
         <kind>archive</kind>
         <file>rts430x_sc_sd_eabi.lib</file>
         <name>exit_gvars.c.obj</name>
      </input_file>
   </input_file_list>
   <object_component_list>
      <object_component id="oc-6dc">
         <name>.cinit..data.load</name>
         <load_address>0xc400</load_address>
         <run_address>0xc400</run_address>
         <size>0x170</size>
      </object_component>
      <object_component id="oc-6d9">
         <name>__TI_handler_table</name>
         <load_address>0xc570</load_address>
         <run_address>0xc570</run_address>
         <size>0x6</size>
      </object_component>
      <object_component id="oc-6db">
         <name>.cinit..bss.load</name>
         <load_address>0xc576</load_address>
         <run_address>0xc576</run_address>
         <size>0x4</size>
      </object_component>
      <object_component id="oc-6da">
         <name>__TI_cinit_table</name>
         <load_address>0xc57a</load_address>
         <run_address>0xc57a</run_address>
         <size>0x8</size>
      </object_component>
      <object_component id="oc-671">
         <name>.binit</name>
         <load_address>0xc582</load_address>
         <run_address>0xc582</run_address>
         <size>0x0</size>
      </object_component>
      <object_component id="oc-571">
         <name>.const:.string</name>
         <load_address>0xc582</load_address>
         <run_address>0xc582</run_address>
         <size>0x1e</size>
         <input_file_ref idref="fl-c"/>
      </object_component>
      <object_component id="oc-370">
         <name>.const:UARTPort</name>
         <load_address>0xc5a0</load_address>
         <run_address>0xc5a0</run_address>
         <size>0x14</size>
         <input_file_ref idref="fl-c"/>
      </object_component>
      <object_component id="oc-3ef">
         <name>.const:g_EMCConfig</name>
         <load_address>0xc5b4</load_address>
         <run_address>0xc5b4</run_address>
         <size>0x14</size>
         <input_file_ref idref="fl-b"/>
      </object_component>
      <object_component id="oc-56e">
         <name>.text:CAPT_updateSensorRawCount</name>
         <load_address>0xc5c8</load_address>
         <run_address>0xc5c8</run_address>
         <size>0x25e</size>
         <input_file_ref idref="fl-20"/>
      </object_component>
      <object_component id="oc-530">
         <name>.text:CAPT_calibrateGain</name>
         <load_address>0xc826</load_address>
         <run_address>0xc826</run_address>
         <size>0x1c8</size>
         <input_file_ref idref="fl-1d"/>
      </object_component>
      <object_component id="oc-531">
         <name>.text:CAPT_calibrateOffset</name>
         <load_address>0xc9ee</load_address>
         <run_address>0xc9ee</run_address>
         <size>0x19c</size>
         <input_file_ref idref="fl-1d"/>
      </object_component>
      <object_component id="oc-402">
         <name>.text:prepare_tx_for_button</name>
         <load_address>0xcb8a</load_address>
         <run_address>0xcb8a</run_address>
         <size>0x142</size>
         <input_file_ref idref="fl-c"/>
      </object_component>
      <object_component id="oc-538">
         <name>.text:CAPT_correctInvalidMultiFreqCalibration</name>
         <load_address>0xcccc</load_address>
         <run_address>0xcccc</run_address>
         <size>0xf2</size>
         <input_file_ref idref="fl-1e"/>
      </object_component>
      <object_component id="oc-532">
         <name>.text:CAPT_testConversionFrequencyForNoise</name>
         <load_address>0xcdbe</load_address>
         <run_address>0xcdbe</run_address>
         <size>0xf0</size>
         <input_file_ref idref="fl-1e"/>
      </object_component>
      <object_component id="oc-5f0">
         <name>.text:CAPT_updateSelfElementProxTouchWithEMC</name>
         <load_address>0xceae</load_address>
         <run_address>0xceae</run_address>
         <size>0xd2</size>
         <input_file_ref idref="fl-20"/>
      </object_component>
      <object_component id="oc-3e3">
         <name>.text:CS_initFLL</name>
         <load_address>0xcf80</load_address>
         <run_address>0xcf80</run_address>
         <size>0xc4</size>
         <input_file_ref idref="fl-21"/>
      </object_component>
      <object_component id="oc-5ee">
         <name>.text:CAPT_resolveMultiFreqSet</name>
         <load_address>0xd044</load_address>
         <run_address>0xd044</run_address>
         <size>0xc0</size>
         <input_file_ref idref="fl-1e"/>
      </object_component>
      <object_component id="oc-291">
         <name>.text:UART_ISR</name>
         <load_address>0xd104</load_address>
         <run_address>0xd104</run_address>
         <size>0xb6</size>
         <input_file_ref idref="fl-8"/>
      </object_component>
      <object_component id="oc-3e2">
         <name>.text:CS_initClockSignal</name>
         <load_address>0xd1ba</load_address>
         <run_address>0xd1ba</run_address>
         <size>0xb4</size>
         <input_file_ref idref="fl-21"/>
      </object_component>
      <object_component id="oc-5ef">
         <name>.text:CAPT_updateElementFilteredValuesWithEMC</name>
         <load_address>0xd26e</load_address>
         <run_address>0xd26e</run_address>
         <size>0xaa</size>
         <input_file_ref idref="fl-20"/>
      </object_component>
      <object_component id="oc-352">
         <name>.text:BSP_configureMCU</name>
         <load_address>0xd318</load_address>
         <run_address>0xd318</run_address>
         <size>0xa8</size>
         <input_file_ref idref="fl-a"/>
      </object_component>
      <object_component id="oc-653">
         <name>.text:CAPT_computeRelNoiseComp</name>
         <load_address>0xd3c0</load_address>
         <run_address>0xd3c0</run_address>
         <size>0xa6</size>
         <input_file_ref idref="fl-1e"/>
      </object_component>
      <object_component id="oc-56f">
         <name>.text:CAPT_processCycleWithEMC</name>
         <load_address>0xd466</load_address>
         <run_address>0xd466</run_address>
         <size>0x98</size>
         <input_file_ref idref="fl-20"/>
      </object_component>
      <object_component id="oc-497">
         <name>.text:CAPT_calibrateSensorWithEMC</name>
         <load_address>0xd4fe</load_address>
         <run_address>0xd4fe</run_address>
         <size>0x94</size>
         <input_file_ref idref="fl-1d"/>
      </object_component>
      <object_component id="oc-4ca">
         <name>.text:CAPT_updateSensorWithEMC</name>
         <load_address>0xd592</load_address>
         <run_address>0xd592</run_address>
         <size>0x76</size>
         <input_file_ref idref="fl-20"/>
      </object_component>
      <object_component id="oc-4cd">
         <name>.text:CAPT_testForRecalibration</name>
         <load_address>0xd608</load_address>
         <run_address>0xd608</run_address>
         <size>0x70</size>
         <input_file_ref idref="fl-20"/>
      </object_component>
      <object_component id="oc-382">
         <name>.text:transmit_pending_data</name>
         <load_address>0xd678</load_address>
         <run_address>0xd678</run_address>
         <size>0x70</size>
         <input_file_ref idref="fl-c"/>
      </object_component>
      <object_component id="oc-69">
         <name>.text:decompress:lzss:__TI_decompress_lzss</name>
         <load_address>0xd6e8</load_address>
         <run_address>0xd6e8</run_address>
         <size>0x6e</size>
         <input_file_ref idref="fl-73"/>
      </object_component>
      <object_component id="oc-30d">
         <name>.text:main</name>
         <load_address>0xd756</load_address>
         <run_address>0xd756</run_address>
         <size>0x6e</size>
         <input_file_ref idref="fl-2"/>
      </object_component>
      <object_component id="oc-48f">
         <name>.text:CAPT_initSensor</name>
         <load_address>0xd7c4</load_address>
         <run_address>0xd7c4</run_address>
         <size>0x6a</size>
         <input_file_ref idref="fl-20"/>
      </object_component>
      <object_component id="oc-570">
         <name>.text:CAPT_processSensor</name>
         <load_address>0xd82e</load_address>
         <run_address>0xd82e</run_address>
         <size>0x6a</size>
         <input_file_ref idref="fl-20"/>
      </object_component>
      <object_component id="oc-652">
         <name>.text:CAPT_updateGlobalFilteredNoiseLevel</name>
         <load_address>0xd898</load_address>
         <run_address>0xd898</run_address>
         <size>0x66</size>
         <input_file_ref idref="fl-1e"/>
      </object_component>
      <object_component id="oc-373">
         <name>.text:UART_openPort</name>
         <load_address>0xd8fe</load_address>
         <run_address>0xd8fe</run_address>
         <size>0x62</size>
         <input_file_ref idref="fl-8"/>
      </object_component>
      <object_component id="oc-41c">
         <name>.text:CAPT_updateUI</name>
         <load_address>0xd960</load_address>
         <run_address>0xd960</run_address>
         <size>0x58</size>
         <input_file_ref idref="fl-3"/>
      </object_component>
      <object_component id="oc-668">
         <name>.text</name>
         <load_address>0xd9b8</load_address>
         <run_address>0xd9b8</run_address>
         <size>0x58</size>
         <input_file_ref idref="fl-4a"/>
      </object_component>
      <object_component id="oc-5f1">
         <name>.text:CAPT_updateSensorNoise</name>
         <load_address>0xda10</load_address>
         <run_address>0xda10</run_address>
         <size>0x56</size>
         <input_file_ref idref="fl-20"/>
      </object_component>
      <object_component id="oc-388">
         <name>.text:process_rx</name>
         <load_address>0xda66</load_address>
         <run_address>0xda66</run_address>
         <size>0x54</size>
         <input_file_ref idref="fl-c"/>
      </object_component>
      <object_component id="oc-3b9">
         <name>.text:__TI_auto_init_nobinit_nopinit_hold_wdt:__TI_auto_init_nobinit_nopinit_hold_wdt</name>
         <load_address>0xdaba</load_address>
         <run_address>0xdaba</run_address>
         <size>0x52</size>
         <input_file_ref idref="fl-6b"/>
      </object_component>
      <object_component id="oc-4ee">
         <name>.text:disable_handling</name>
         <load_address>0xdb0c</load_address>
         <run_address>0xdb0c</run_address>
         <size>0x52</size>
         <input_file_ref idref="fl-c"/>
      </object_component>
      <object_component id="oc-4e8">
         <name>.text:enable_handling</name>
         <load_address>0xdb5e</load_address>
         <run_address>0xdb5e</run_address>
         <size>0x52</size>
         <input_file_ref idref="fl-c"/>
      </object_component>
      <object_component id="oc-4dc">
         <name>.text:parse_command</name>
         <load_address>0xdbb0</load_address>
         <run_address>0xdbb0</run_address>
         <size>0x52</size>
         <input_file_ref idref="fl-c"/>
      </object_component>
      <object_component id="oc-4fa">
         <name>.text:recalib_handling</name>
         <load_address>0xdc02</load_address>
         <run_address>0xdc02</run_address>
         <size>0x52</size>
         <input_file_ref idref="fl-c"/>
      </object_component>
      <object_component id="oc-5f3">
         <name>.text:CAPT_preProcessSlider</name>
         <load_address>0xdc54</load_address>
         <run_address>0xdc54</run_address>
         <size>0x4e</size>
         <input_file_ref idref="fl-20"/>
      </object_component>
      <object_component id="oc-4e2">
         <name>.text:unknown_handling</name>
         <load_address>0xdca2</load_address>
         <run_address>0xdca2</run_address>
         <size>0x4e</size>
         <input_file_ref idref="fl-c"/>
      </object_component>
      <object_component id="oc-52e">
         <name>.text:CAPT_getEMCConversionSettings</name>
         <load_address>0xdcf0</load_address>
         <run_address>0xdcf0</run_address>
         <size>0x4c</size>
         <input_file_ref idref="fl-1e"/>
      </object_component>
      <object_component id="oc-65f">
         <name>.text:CAPT_flagAllElementsForReseed</name>
         <load_address>0xdd3c</load_address>
         <run_address>0xdd3c</run_address>
         <size>0x48</size>
         <input_file_ref idref="fl-20"/>
      </object_component>
      <object_component id="oc-595">
         <name>.text:CAPT_loadCycle</name>
         <load_address>0xdd84</load_address>
         <run_address>0xdd84</run_address>
         <size>0x48</size>
         <input_file_ref idref="fl-20"/>
      </object_component>
      <object_component id="oc-4f4">
         <name>.text:verify_handling</name>
         <load_address>0xddcc</load_address>
         <run_address>0xddcc</run_address>
         <size>0x46</size>
         <input_file_ref idref="fl-c"/>
      </object_component>
      <object_component id="oc-358">
         <name>.text:CAPT_appStart</name>
         <load_address>0xde12</load_address>
         <run_address>0xde12</run_address>
         <size>0x42</size>
         <input_file_ref idref="fl-9"/>
      </object_component>
      <object_component id="oc-438">
         <name>.text:UART_transmitBuffer</name>
         <load_address>0xde54</load_address>
         <run_address>0xde54</run_address>
         <size>0x42</size>
         <input_file_ref idref="fl-8"/>
      </object_component>
      <object_component id="oc-286">
         <name>.text:CAPT_ISR</name>
         <load_address>0xde96</load_address>
         <run_address>0xde96</run_address>
         <size>0x40</size>
         <input_file_ref idref="fl-4"/>
      </object_component>
      <object_component id="oc-3e9">
         <name>.text:CAPT_initUI</name>
         <load_address>0xded6</load_address>
         <run_address>0xded6</run_address>
         <size>0x40</size>
         <input_file_ref idref="fl-3"/>
      </object_component>
      <object_component id="oc-596">
         <name>.text:CAPT_unloadCycle</name>
         <load_address>0xdf16</load_address>
         <run_address>0xdf16</run_address>
         <size>0x3e</size>
         <input_file_ref idref="fl-20"/>
      </object_component>
      <object_component id="oc-3e1">
         <name>.text:CS_turnOnXT1LFWithTimeout</name>
         <load_address>0xdf54</load_address>
         <run_address>0xdf54</run_address>
         <size>0x3e</size>
         <input_file_ref idref="fl-21"/>
      </object_component>
      <object_component id="oc-663">
         <name>.text:l_lsl_const</name>
         <load_address>0xdf92</load_address>
         <run_address>0xdf92</run_address>
         <size>0x3e</size>
         <input_file_ref idref="fl-5e"/>
      </object_component>
      <object_component id="oc-65a">
         <name>.text:l_lsr_const</name>
         <load_address>0xdfd0</load_address>
         <run_address>0xdfd0</run_address>
         <size>0x3e</size>
         <input_file_ref idref="fl-60"/>
      </object_component>
      <object_component id="oc-5f2">
         <name>.text:CAPT_updateSensorTimeout</name>
         <load_address>0xe00e</load_address>
         <run_address>0xe00e</run_address>
         <size>0x36</size>
         <input_file_ref idref="fl-20"/>
      </object_component>
      <object_component id="oc-38e">
         <name>.text:CAPT_appSleep</name>
         <load_address>0xe044</load_address>
         <run_address>0xe044</run_address>
         <size>0x32</size>
         <input_file_ref idref="fl-9"/>
      </object_component>
      <object_component id="oc-650">
         <name>.text:CAPT_convertAbsToRel</name>
         <load_address>0xe076</load_address>
         <run_address>0xe076</run_address>
         <size>0x2e</size>
         <input_file_ref idref="fl-20"/>
      </object_component>
      <object_component id="oc-594">
         <name>.text:CAPT_startConversionAndWaitUntilDone</name>
         <load_address>0xe0a4</load_address>
         <run_address>0xe0a4</run_address>
         <size>0x2e</size>
         <input_file_ref idref="fl-20"/>
      </object_component>
      <object_component id="oc-4b5">
         <name>.text:calculate_crc16</name>
         <load_address>0xe0d2</load_address>
         <run_address>0xe0d2</run_address>
         <size>0x2c</size>
         <input_file_ref idref="fl-c"/>
      </object_component>
      <object_component id="oc-37c">
         <name>.text:CAPT_appHandler</name>
         <load_address>0xe0fe</load_address>
         <run_address>0xe0fe</run_address>
         <size>0x2a</size>
         <input_file_ref idref="fl-9"/>
      </object_component>
      <object_component id="oc-445">
         <name>.text:process_command</name>
         <load_address>0xe128</load_address>
         <run_address>0xe128</run_address>
         <size>0x28</size>
         <input_file_ref idref="fl-c"/>
      </object_component>
      <object_component id="oc-5f7">
         <name>.text:CAPT_blockOnFlag</name>
         <load_address>0xe150</load_address>
         <run_address>0xe150</run_address>
         <size>0x26</size>
         <input_file_ref idref="fl-20"/>
      </object_component>
      <object_component id="oc-64f">
         <name>.text:CAPT_computeJitterFilter</name>
         <load_address>0xe176</load_address>
         <run_address>0xe176</run_address>
         <size>0x24</size>
         <input_file_ref idref="fl-1e"/>
      </object_component>
      <object_component id="oc-422">
         <name>.text:CAPT_getGlobalUIProximityStatus</name>
         <load_address>0xe19a</load_address>
         <run_address>0xe19a</run_address>
         <size>0x24</size>
         <input_file_ref idref="fl-3"/>
      </object_component>
      <object_component id="oc-44b">
         <name>.text:uart_read</name>
         <load_address>0xe1be</load_address>
         <run_address>0xe1be</run_address>
         <size>0x24</size>
         <input_file_ref idref="fl-c"/>
      </object_component>
      <object_component id="oc-52f">
         <name>.text:CAPT_calibrateSensor</name>
         <load_address>0xe1e2</load_address>
         <run_address>0xe1e2</run_address>
         <size>0x22</size>
         <input_file_ref idref="fl-1d"/>
      </object_component>
      <object_component id="oc-3f3">
         <name>.text:CAPT_calibrateUI</name>
         <load_address>0xe204</load_address>
         <run_address>0xe204</run_address>
         <size>0x20</size>
         <input_file_ref idref="fl-3"/>
      </object_component>
      <object_component id="oc-48e">
         <name>.text:CAPT_init</name>
         <load_address>0xe224</load_address>
         <run_address>0xe224</run_address>
         <size>0x20</size>
         <input_file_ref idref="fl-1f"/>
      </object_component>
      <object_component id="oc-4cb">
         <name>.text:CAPT_testForMaxCountRecalibration</name>
         <load_address>0xe244</load_address>
         <run_address>0xe244</run_address>
         <size>0x20</size>
         <input_file_ref idref="fl-20"/>
      </object_component>
      <object_component id="oc-655">
         <name>.text</name>
         <load_address>0xe264</load_address>
         <run_address>0xe264</run_address>
         <size>0x20</size>
         <input_file_ref idref="fl-66"/>
      </object_component>
      <object_component id="oc-411">
         <name>.text:uart_rx_callback</name>
         <load_address>0xe284</load_address>
         <run_address>0xe284</run_address>
         <size>0x20</size>
         <input_file_ref idref="fl-c"/>
      </object_component>
      <object_component id="oc-3e4">
         <name>.text:CS_clearAllOscFlagsWithTimeout</name>
         <load_address>0xe2a4</load_address>
         <run_address>0xe2a4</run_address>
         <size>0x1e</size>
         <input_file_ref idref="fl-21"/>
      </object_component>
      <object_component id="oc-2a9">
         <name>.text:_c_int00_noargs</name>
         <load_address>0xe2c2</load_address>
         <run_address>0xe2c2</run_address>
         <size>0x1c</size>
         <input_file_ref idref="fl-6a"/>
      </object_component>
      <object_component id="oc-3f2">
         <name>.text:CAPT_loadEMCConfig</name>
         <load_address>0xe2de</load_address>
         <run_address>0xe2de</run_address>
         <size>0x1a</size>
         <input_file_ref idref="fl-1e"/>
      </object_component>
      <object_component id="oc-4cc">
         <name>.text:CAPT_testForNegativeTouchRecalibration</name>
         <load_address>0xe2f8</load_address>
         <run_address>0xe2f8</run_address>
         <size>0x18</size>
         <input_file_ref idref="fl-20"/>
      </object_component>
      <object_component id="oc-572">
         <name>.text:strcmp</name>
         <load_address>0xe310</load_address>
         <run_address>0xe310</run_address>
         <size>0x18</size>
         <input_file_ref idref="fl-78"/>
      </object_component>
      <object_component id="oc-3df">
         <name>.text:FRAMCtl_configureWaitStateControl</name>
         <load_address>0xe328</load_address>
         <run_address>0xe328</run_address>
         <size>0x16</size>
         <input_file_ref idref="fl-22"/>
      </object_component>
      <object_component id="oc-654">
         <name>.text:CAPT_getMaxRelThreshold</name>
         <load_address>0xe33e</load_address>
         <run_address>0xe33e</run_address>
         <size>0x14</size>
         <input_file_ref idref="fl-1e"/>
      </object_component>
      <object_component id="oc-651">
         <name>.text:CAPT_getRelNoiseStatusThreshold</name>
         <load_address>0xe352</load_address>
         <run_address>0xe352</run_address>
         <size>0x14</size>
         <input_file_ref idref="fl-1e"/>
      </object_component>
      <object_component id="oc-5ed">
         <name>.text:CAPT_replaceFrequencyWithError</name>
         <load_address>0xe366</load_address>
         <run_address>0xe366</run_address>
         <size>0x14</size>
         <input_file_ref idref="fl-1e"/>
      </object_component>
      <object_component id="oc-297">
         <name>.text:decompress:ZI:__TI_zero_init_nomemset:__TI_zero_init_nomemset</name>
         <load_address>0xe37a</load_address>
         <run_address>0xe37a</run_address>
         <size>0x14</size>
         <input_file_ref idref="fl-6c"/>
      </object_component>
      <object_component id="oc-430">
         <name>.text</name>
         <load_address>0xe38e</load_address>
         <run_address>0xe38e</run_address>
         <size>0x14</size>
         <input_file_ref idref="fl-62"/>
      </object_component>
      <object_component id="oc-6f">
         <name>.text:decompress:none:__TI_decompress_none</name>
         <load_address>0xe3a2</load_address>
         <run_address>0xe3a2</run_address>
         <size>0x12</size>
         <input_file_ref idref="fl-72"/>
      </object_component>
      <object_component id="oc-279">
         <name>.text:memcpy</name>
         <load_address>0xe3b4</load_address>
         <run_address>0xe3b4</run_address>
         <size>0x12</size>
         <input_file_ref idref="fl-77"/>
      </object_component>
      <object_component id="oc-3e0">
         <name>.text:CS_setExternalClockSource</name>
         <load_address>0xe3c6</load_address>
         <run_address>0xe3c6</run_address>
         <size>0xa</size>
         <input_file_ref idref="fl-21"/>
      </object_component>
      <object_component id="oc-307">
         <name>.text:_system_pre_init</name>
         <load_address>0xe3d0</load_address>
         <run_address>0xe3d0</run_address>
         <size>0xa</size>
         <input_file_ref idref="fl-a"/>
      </object_component>
      <object_component id="oc-649">
         <name>.text:abs</name>
         <load_address>0xe3da</load_address>
         <run_address>0xe3da</run_address>
         <size>0xa</size>
         <input_file_ref idref="fl-79"/>
      </object_component>
      <object_component id="oc-533">
         <name>.text</name>
         <load_address>0xe3e4</load_address>
         <run_address>0xe3e4</run_address>
         <size>0xa</size>
         <input_file_ref idref="fl-5d"/>
      </object_component>
      <object_component id="oc-5e8">
         <name>.text</name>
         <load_address>0xe3ee</load_address>
         <run_address>0xe3ee</run_address>
         <size>0xa</size>
         <input_file_ref idref="fl-5f"/>
      </object_component>
      <object_component id="oc-28c">
         <name>.text:_isr:__TI_ISR_TRAP</name>
         <load_address>0xe3f8</load_address>
         <run_address>0xe3f8</run_address>
         <size>0x8</size>
         <input_file_ref idref="fl-5c"/>
      </object_component>
      <object_component id="oc-361">
         <name>.text:btn00_callback</name>
         <load_address>0xe400</load_address>
         <run_address>0xe400</run_address>
         <size>0x8</size>
         <input_file_ref idref="fl-c"/>
      </object_component>
      <object_component id="oc-36a">
         <name>.text:btn01_callback</name>
         <load_address>0xe408</load_address>
         <run_address>0xe408</run_address>
         <size>0x8</size>
         <input_file_ref idref="fl-c"/>
      </object_component>
      <object_component id="oc-5f6">
         <name>.text:CAPT_clearIFG</name>
         <load_address>0xe410</load_address>
         <run_address>0xe410</run_address>
         <size>0x6</size>
         <input_file_ref idref="fl-1f"/>
      </object_component>
      <object_component id="oc-2e9">
         <name>.text:CAPT_getInterruptVector</name>
         <load_address>0xe416</load_address>
         <run_address>0xe416</run_address>
         <size>0x6</size>
         <input_file_ref idref="fl-1f"/>
      </object_component>
      <object_component id="oc-395">
         <name>.text:abort</name>
         <load_address>0xe41c</load_address>
         <run_address>0xe41c</run_address>
         <size>0x6</size>
         <input_file_ref idref="fl-74"/>
      </object_component>
      <object_component id="oc-465">
         <name>.text:_system_post_cinit</name>
         <load_address>0xe422</load_address>
         <run_address>0xe422</run_address>
         <size>0x2</size>
         <input_file_ref idref="fl-71"/>
      </object_component>
      <object_component id="oc-435">
         <name>.bss:tx_buf</name>
         <uninitialized>true</uninitialized>
         <run_address>0x2000</run_address>
         <size>0xf0</size>
         <input_file_ref idref="fl-c"/>
      </object_component>
      <object_component id="oc-442">
         <name>.bss:rx_buffer</name>
         <uninitialized>true</uninitialized>
         <run_address>0x2170</run_address>
         <size>0x40</size>
         <input_file_ref idref="fl-c"/>
      </object_component>
      <object_component id="oc-4c6">
         <name>.bss:rx_ring</name>
         <uninitialized>true</uninitialized>
         <run_address>0x20f0</run_address>
         <size>0x80</size>
         <input_file_ref idref="fl-c"/>
      </object_component>
      <object_component id="oc-582">
         <name>.bss:frame$1</name>
         <uninitialized>true</uninitialized>
         <run_address>0x22f0</run_address>
         <size>0xa</size>
         <input_file_ref idref="fl-c"/>
      </object_component>
      <object_component id="oc-580">
         <name>.bss:frame$2</name>
         <uninitialized>true</uninitialized>
         <run_address>0x22fa</run_address>
         <size>0xa</size>
         <input_file_ref idref="fl-c"/>
      </object_component>
      <object_component id="oc-586">
         <name>.bss:frame$3</name>
         <uninitialized>true</uninitialized>
         <run_address>0x2304</run_address>
         <size>0xa</size>
         <input_file_ref idref="fl-c"/>
      </object_component>
      <object_component id="oc-584">
         <name>.bss:frame$4</name>
         <uninitialized>true</uninitialized>
         <run_address>0x230e</run_address>
         <size>0xa</size>
         <input_file_ref idref="fl-c"/>
      </object_component>
      <object_component id="oc-57e">
         <name>.bss:frame$5</name>
         <uninitialized>true</uninitialized>
         <run_address>0x2318</run_address>
         <size>0xa</size>
         <input_file_ref idref="fl-c"/>
      </object_component>
      <object_component id="oc-2f0">
         <name>.common:g_bEndOfConversionFlag</name>
         <uninitialized>true</uninitialized>
         <run_address>0x23e2</run_address>
         <size>0x1</size>
      </object_component>
      <object_component id="oc-2ef">
         <name>.common:g_bDetectionFlag</name>
         <uninitialized>true</uninitialized>
         <run_address>0x23e1</run_address>
         <size>0x1</size>
      </object_component>
      <object_component id="oc-2ee">
         <name>.common:g_bConvTimerFlag</name>
         <uninitialized>true</uninitialized>
         <run_address>0x23e0</run_address>
         <size>0x1</size>
      </object_component>
      <object_component id="oc-2ed">
         <name>.common:g_bConvCounterFlag</name>
         <uninitialized>true</uninitialized>
         <run_address>0x23df</run_address>
         <size>0x1</size>
      </object_component>
      <object_component id="oc-2ea">
         <name>.common:g_bMaxCountErrorFlag</name>
         <uninitialized>true</uninitialized>
         <run_address>0x23e3</run_address>
         <size>0x1</size>
      </object_component>
      <object_component id="oc-2f8">
         <name>.common:g_pUARTPort</name>
         <uninitialized>true</uninitialized>
         <run_address>0x23d8</run_address>
         <size>0x2</size>
      </object_component>
      <object_component id="oc-2f3">
         <name>.common:g_pUARTTransmitPtr</name>
         <uninitialized>true</uninitialized>
         <run_address>0x23da</run_address>
         <size>0x2</size>
      </object_component>
      <object_component id="oc-2f6">
         <name>.common:g_ui16UARTTransmitBytesLeft</name>
         <uninitialized>true</uninitialized>
         <run_address>0x23dc</run_address>
         <size>0x2</size>
      </object_component>
      <object_component id="oc-2f7">
         <name>.common:g_UARTStatus</name>
         <uninitialized>true</uninitialized>
         <run_address>0x23de</run_address>
         <size>0x1</size>
      </object_component>
      <object_component id="oc-5f9">
         <name>.common:BTN00_E00_RawCnts</name>
         <uninitialized>true</uninitialized>
         <run_address>0x2322</run_address>
         <size>0x8</size>
      </object_component>
      <object_component id="oc-5f8">
         <name>.common:BTN00_E00_Tuning</name>
         <uninitialized>true</uninitialized>
         <run_address>0x21b0</run_address>
         <size>0x10</size>
      </object_component>
      <object_component id="oc-5fd">
         <name>.common:BTN00_E01_RawCnts</name>
         <uninitialized>true</uninitialized>
         <run_address>0x232a</run_address>
         <size>0x8</size>
      </object_component>
      <object_component id="oc-5fc">
         <name>.common:BTN00_E01_Tuning</name>
         <uninitialized>true</uninitialized>
         <run_address>0x21c0</run_address>
         <size>0x10</size>
      </object_component>
      <object_component id="oc-601">
         <name>.common:BTN00_E02_RawCnts</name>
         <uninitialized>true</uninitialized>
         <run_address>0x2332</run_address>
         <size>0x8</size>
      </object_component>
      <object_component id="oc-600">
         <name>.common:BTN00_E02_Tuning</name>
         <uninitialized>true</uninitialized>
         <run_address>0x21d0</run_address>
         <size>0x10</size>
      </object_component>
      <object_component id="oc-605">
         <name>.common:BTN00_E03_RawCnts</name>
         <uninitialized>true</uninitialized>
         <run_address>0x233a</run_address>
         <size>0x8</size>
      </object_component>
      <object_component id="oc-604">
         <name>.common:BTN00_E03_Tuning</name>
         <uninitialized>true</uninitialized>
         <run_address>0x21e0</run_address>
         <size>0x10</size>
      </object_component>
      <object_component id="oc-609">
         <name>.common:BTN00_E04_RawCnts</name>
         <uninitialized>true</uninitialized>
         <run_address>0x2342</run_address>
         <size>0x8</size>
      </object_component>
      <object_component id="oc-608">
         <name>.common:BTN00_E04_Tuning</name>
         <uninitialized>true</uninitialized>
         <run_address>0x21f0</run_address>
         <size>0x10</size>
      </object_component>
      <object_component id="oc-60d">
         <name>.common:BTN00_E05_RawCnts</name>
         <uninitialized>true</uninitialized>
         <run_address>0x234a</run_address>
         <size>0x8</size>
      </object_component>
      <object_component id="oc-60c">
         <name>.common:BTN00_E05_Tuning</name>
         <uninitialized>true</uninitialized>
         <run_address>0x2200</run_address>
         <size>0x10</size>
      </object_component>
      <object_component id="oc-611">
         <name>.common:BTN00_E06_RawCnts</name>
         <uninitialized>true</uninitialized>
         <run_address>0x2352</run_address>
         <size>0x8</size>
      </object_component>
      <object_component id="oc-610">
         <name>.common:BTN00_E06_Tuning</name>
         <uninitialized>true</uninitialized>
         <run_address>0x2210</run_address>
         <size>0x10</size>
      </object_component>
      <object_component id="oc-615">
         <name>.common:BTN00_E07_RawCnts</name>
         <uninitialized>true</uninitialized>
         <run_address>0x235a</run_address>
         <size>0x8</size>
      </object_component>
      <object_component id="oc-614">
         <name>.common:BTN00_E07_Tuning</name>
         <uninitialized>true</uninitialized>
         <run_address>0x2220</run_address>
         <size>0x10</size>
      </object_component>
      <object_component id="oc-619">
         <name>.common:BTN00_E08_RawCnts</name>
         <uninitialized>true</uninitialized>
         <run_address>0x2362</run_address>
         <size>0x8</size>
      </object_component>
      <object_component id="oc-618">
         <name>.common:BTN00_E08_Tuning</name>
         <uninitialized>true</uninitialized>
         <run_address>0x2230</run_address>
         <size>0x10</size>
      </object_component>
      <object_component id="oc-61d">
         <name>.common:BTN00_E09_RawCnts</name>
         <uninitialized>true</uninitialized>
         <run_address>0x236a</run_address>
         <size>0x8</size>
      </object_component>
      <object_component id="oc-61c">
         <name>.common:BTN00_E09_Tuning</name>
         <uninitialized>true</uninitialized>
         <run_address>0x2240</run_address>
         <size>0x10</size>
      </object_component>
      <object_component id="oc-621">
         <name>.common:BTN00_E10_RawCnts</name>
         <uninitialized>true</uninitialized>
         <run_address>0x2372</run_address>
         <size>0x8</size>
      </object_component>
      <object_component id="oc-620">
         <name>.common:BTN00_E10_Tuning</name>
         <uninitialized>true</uninitialized>
         <run_address>0x2250</run_address>
         <size>0x10</size>
      </object_component>
      <object_component id="oc-625">
         <name>.common:BTN00_E11_RawCnts</name>
         <uninitialized>true</uninitialized>
         <run_address>0x237a</run_address>
         <size>0x8</size>
      </object_component>
      <object_component id="oc-624">
         <name>.common:BTN00_E11_Tuning</name>
         <uninitialized>true</uninitialized>
         <run_address>0x2260</run_address>
         <size>0x10</size>
      </object_component>
      <object_component id="oc-629">
         <name>.common:BTN00_E12_RawCnts</name>
         <uninitialized>true</uninitialized>
         <run_address>0x2382</run_address>
         <size>0x8</size>
      </object_component>
      <object_component id="oc-628">
         <name>.common:BTN00_E12_Tuning</name>
         <uninitialized>true</uninitialized>
         <run_address>0x2270</run_address>
         <size>0x10</size>
      </object_component>
      <object_component id="oc-62d">
         <name>.common:BTN00_E13_RawCnts</name>
         <uninitialized>true</uninitialized>
         <run_address>0x238a</run_address>
         <size>0x8</size>
      </object_component>
      <object_component id="oc-62c">
         <name>.common:BTN00_E13_Tuning</name>
         <uninitialized>true</uninitialized>
         <run_address>0x2280</run_address>
         <size>0x10</size>
      </object_component>
      <object_component id="oc-631">
         <name>.common:BTN00_E14_RawCnts</name>
         <uninitialized>true</uninitialized>
         <run_address>0x2392</run_address>
         <size>0x8</size>
      </object_component>
      <object_component id="oc-630">
         <name>.common:BTN00_E14_Tuning</name>
         <uninitialized>true</uninitialized>
         <run_address>0x2290</run_address>
         <size>0x10</size>
      </object_component>
      <object_component id="oc-635">
         <name>.common:BTN00_E15_RawCnts</name>
         <uninitialized>true</uninitialized>
         <run_address>0x239a</run_address>
         <size>0x8</size>
      </object_component>
      <object_component id="oc-634">
         <name>.common:BTN00_E15_Tuning</name>
         <uninitialized>true</uninitialized>
         <run_address>0x22a0</run_address>
         <size>0x10</size>
      </object_component>
      <object_component id="oc-639">
         <name>.common:BTN01_E00_RawCnts</name>
         <uninitialized>true</uninitialized>
         <run_address>0x23aa</run_address>
         <size>0x8</size>
      </object_component>
      <object_component id="oc-638">
         <name>.common:BTN01_E00_Tuning</name>
         <uninitialized>true</uninitialized>
         <run_address>0x22b0</run_address>
         <size>0x10</size>
      </object_component>
      <object_component id="oc-63d">
         <name>.common:BTN01_E01_RawCnts</name>
         <uninitialized>true</uninitialized>
         <run_address>0x23b2</run_address>
         <size>0x8</size>
      </object_component>
      <object_component id="oc-63c">
         <name>.common:BTN01_E01_Tuning</name>
         <uninitialized>true</uninitialized>
         <run_address>0x22c0</run_address>
         <size>0x10</size>
      </object_component>
      <object_component id="oc-641">
         <name>.common:BTN01_E02_RawCnts</name>
         <uninitialized>true</uninitialized>
         <run_address>0x23ba</run_address>
         <size>0x8</size>
      </object_component>
      <object_component id="oc-640">
         <name>.common:BTN01_E02_Tuning</name>
         <uninitialized>true</uninitialized>
         <run_address>0x22d0</run_address>
         <size>0x10</size>
      </object_component>
      <object_component id="oc-645">
         <name>.common:BTN01_E03_RawCnts</name>
         <uninitialized>true</uninitialized>
         <run_address>0x23c2</run_address>
         <size>0x8</size>
      </object_component>
      <object_component id="oc-644">
         <name>.common:BTN01_E03_Tuning</name>
         <uninitialized>true</uninitialized>
         <run_address>0x22e0</run_address>
         <size>0x10</size>
      </object_component>
      <object_component id="oc-3fd">
         <name>.common:BTN00_Params</name>
         <uninitialized>true</uninitialized>
         <run_address>0x23a2</run_address>
         <size>0x8</size>
      </object_component>
      <object_component id="oc-40d">
         <name>.common:BTN01_Params</name>
         <uninitialized>true</uninitialized>
         <run_address>0x23ca</run_address>
         <size>0x8</size>
      </object_component>
      <object_component id="oc-496">
         <name>.common:g_filteredGlobalNoiseLevel</name>
         <uninitialized>true</uninitialized>
         <run_address>0x23d2</run_address>
         <size>0x4</size>
      </object_component>
      <object_component id="oc-495">
         <name>.common:g_pHighestNoiseElement</name>
         <uninitialized>true</uninitialized>
         <run_address>0x23d6</run_address>
         <size>0x2</size>
      </object_component>
      <object_component id="oc-379">
         <name>.data</name>
         <load_address>0x26ac</load_address>
         <run_address>0x26ac</run_address>
         <size>0x1</size>
         <input_file_ref idref="fl-2"/>
      </object_component>
      <object_component id="oc-428">
         <name>.data</name>
         <load_address>0x26a5</load_address>
         <run_address>0x26a5</run_address>
         <size>0x1</size>
         <input_file_ref idref="fl-9"/>
      </object_component>
      <object_component id="oc-598">
         <name>.data:BTN00_E00</name>
         <load_address>0x2420</load_address>
         <run_address>0x2420</run_address>
         <size>0x1a</size>
         <input_file_ref idref="fl-b"/>
      </object_component>
      <object_component id="oc-59b">
         <name>.data:BTN00_E01</name>
         <load_address>0x243a</load_address>
         <run_address>0x243a</run_address>
         <size>0x1a</size>
         <input_file_ref idref="fl-b"/>
      </object_component>
      <object_component id="oc-5a0">
         <name>.data:BTN00_E02</name>
         <load_address>0x2454</load_address>
         <run_address>0x2454</run_address>
         <size>0x1a</size>
         <input_file_ref idref="fl-b"/>
      </object_component>
      <object_component id="oc-5a3">
         <name>.data:BTN00_E03</name>
         <load_address>0x246e</load_address>
         <run_address>0x246e</run_address>
         <size>0x1a</size>
         <input_file_ref idref="fl-b"/>
      </object_component>
      <object_component id="oc-5a8">
         <name>.data:BTN00_E04</name>
         <load_address>0x2488</load_address>
         <run_address>0x2488</run_address>
         <size>0x1a</size>
         <input_file_ref idref="fl-b"/>
      </object_component>
      <object_component id="oc-5ab">
         <name>.data:BTN00_E05</name>
         <load_address>0x24a2</load_address>
         <run_address>0x24a2</run_address>
         <size>0x1a</size>
         <input_file_ref idref="fl-b"/>
      </object_component>
      <object_component id="oc-5b0">
         <name>.data:BTN00_E06</name>
         <load_address>0x24bc</load_address>
         <run_address>0x24bc</run_address>
         <size>0x1a</size>
         <input_file_ref idref="fl-b"/>
      </object_component>
      <object_component id="oc-5b3">
         <name>.data:BTN00_E07</name>
         <load_address>0x24d6</load_address>
         <run_address>0x24d6</run_address>
         <size>0x1a</size>
         <input_file_ref idref="fl-b"/>
      </object_component>
      <object_component id="oc-5b8">
         <name>.data:BTN00_E08</name>
         <load_address>0x24f0</load_address>
         <run_address>0x24f0</run_address>
         <size>0x1a</size>
         <input_file_ref idref="fl-b"/>
      </object_component>
      <object_component id="oc-5bb">
         <name>.data:BTN00_E09</name>
         <load_address>0x250a</load_address>
         <run_address>0x250a</run_address>
         <size>0x1a</size>
         <input_file_ref idref="fl-b"/>
      </object_component>
      <object_component id="oc-5c0">
         <name>.data:BTN00_E10</name>
         <load_address>0x2524</load_address>
         <run_address>0x2524</run_address>
         <size>0x1a</size>
         <input_file_ref idref="fl-b"/>
      </object_component>
      <object_component id="oc-5c3">
         <name>.data:BTN00_E11</name>
         <load_address>0x253e</load_address>
         <run_address>0x253e</run_address>
         <size>0x1a</size>
         <input_file_ref idref="fl-b"/>
      </object_component>
      <object_component id="oc-5c8">
         <name>.data:BTN00_E12</name>
         <load_address>0x2558</load_address>
         <run_address>0x2558</run_address>
         <size>0x1a</size>
         <input_file_ref idref="fl-b"/>
      </object_component>
      <object_component id="oc-5cb">
         <name>.data:BTN00_E13</name>
         <load_address>0x2572</load_address>
         <run_address>0x2572</run_address>
         <size>0x1a</size>
         <input_file_ref idref="fl-b"/>
      </object_component>
      <object_component id="oc-5d0">
         <name>.data:BTN00_E14</name>
         <load_address>0x258c</load_address>
         <run_address>0x258c</run_address>
         <size>0x1a</size>
         <input_file_ref idref="fl-b"/>
      </object_component>
      <object_component id="oc-5d3">
         <name>.data:BTN00_E15</name>
         <load_address>0x25a6</load_address>
         <run_address>0x25a6</run_address>
         <size>0x1a</size>
         <input_file_ref idref="fl-b"/>
      </object_component>
      <object_component id="oc-5d8">
         <name>.data:BTN01_E00</name>
         <load_address>0x25c0</load_address>
         <run_address>0x25c0</run_address>
         <size>0x1a</size>
         <input_file_ref idref="fl-b"/>
      </object_component>
      <object_component id="oc-5db">
         <name>.data:BTN01_E01</name>
         <load_address>0x25da</load_address>
         <run_address>0x25da</run_address>
         <size>0x1a</size>
         <input_file_ref idref="fl-b"/>
      </object_component>
      <object_component id="oc-5e0">
         <name>.data:BTN01_E02</name>
         <load_address>0x25f4</load_address>
         <run_address>0x25f4</run_address>
         <size>0x1a</size>
         <input_file_ref idref="fl-b"/>
      </object_component>
      <object_component id="oc-5e3">
         <name>.data:BTN01_E03</name>
         <load_address>0x260e</load_address>
         <run_address>0x260e</run_address>
         <size>0x1a</size>
         <input_file_ref idref="fl-b"/>
      </object_component>
      <object_component id="oc-539">
         <name>.data:BTN00_C00_Elements</name>
         <load_address>0x264a</load_address>
         <run_address>0x264a</run_address>
         <size>0x4</size>
         <input_file_ref idref="fl-b"/>
      </object_component>
      <object_component id="oc-499">
         <name>.data:BTN00_C00</name>
         <load_address>0x2646</load_address>
         <run_address>0x2646</run_address>
         <size>0x4</size>
         <input_file_ref idref="fl-b"/>
      </object_component>
      <object_component id="oc-53e">
         <name>.data:BTN00_C01_Elements</name>
         <load_address>0x2652</load_address>
         <run_address>0x2652</run_address>
         <size>0x4</size>
         <input_file_ref idref="fl-b"/>
      </object_component>
      <object_component id="oc-49c">
         <name>.data:BTN00_C01</name>
         <load_address>0x264e</load_address>
         <run_address>0x264e</run_address>
         <size>0x4</size>
         <input_file_ref idref="fl-b"/>
      </object_component>
      <object_component id="oc-543">
         <name>.data:BTN00_C02_Elements</name>
         <load_address>0x265a</load_address>
         <run_address>0x265a</run_address>
         <size>0x4</size>
         <input_file_ref idref="fl-b"/>
      </object_component>
      <object_component id="oc-49f">
         <name>.data:BTN00_C02</name>
         <load_address>0x2656</load_address>
         <run_address>0x2656</run_address>
         <size>0x4</size>
         <input_file_ref idref="fl-b"/>
      </object_component>
      <object_component id="oc-548">
         <name>.data:BTN00_C03_Elements</name>
         <load_address>0x2662</load_address>
         <run_address>0x2662</run_address>
         <size>0x4</size>
         <input_file_ref idref="fl-b"/>
      </object_component>
      <object_component id="oc-4a2">
         <name>.data:BTN00_C03</name>
         <load_address>0x265e</load_address>
         <run_address>0x265e</run_address>
         <size>0x4</size>
         <input_file_ref idref="fl-b"/>
      </object_component>
      <object_component id="oc-54d">
         <name>.data:BTN00_C04_Elements</name>
         <load_address>0x266a</load_address>
         <run_address>0x266a</run_address>
         <size>0x4</size>
         <input_file_ref idref="fl-b"/>
      </object_component>
      <object_component id="oc-4a5">
         <name>.data:BTN00_C04</name>
         <load_address>0x2666</load_address>
         <run_address>0x2666</run_address>
         <size>0x4</size>
         <input_file_ref idref="fl-b"/>
      </object_component>
      <object_component id="oc-552">
         <name>.data:BTN00_C05_Elements</name>
         <load_address>0x2672</load_address>
         <run_address>0x2672</run_address>
         <size>0x4</size>
         <input_file_ref idref="fl-b"/>
      </object_component>
      <object_component id="oc-4a8">
         <name>.data:BTN00_C05</name>
         <load_address>0x266e</load_address>
         <run_address>0x266e</run_address>
         <size>0x4</size>
         <input_file_ref idref="fl-b"/>
      </object_component>
      <object_component id="oc-557">
         <name>.data:BTN00_C06_Elements</name>
         <load_address>0x267a</load_address>
         <run_address>0x267a</run_address>
         <size>0x4</size>
         <input_file_ref idref="fl-b"/>
      </object_component>
      <object_component id="oc-4ab">
         <name>.data:BTN00_C06</name>
         <load_address>0x2676</load_address>
         <run_address>0x2676</run_address>
         <size>0x4</size>
         <input_file_ref idref="fl-b"/>
      </object_component>
      <object_component id="oc-55c">
         <name>.data:BTN00_C07_Elements</name>
         <load_address>0x2682</load_address>
         <run_address>0x2682</run_address>
         <size>0x4</size>
         <input_file_ref idref="fl-b"/>
      </object_component>
      <object_component id="oc-4ae">
         <name>.data:BTN00_C07</name>
         <load_address>0x267e</load_address>
         <run_address>0x267e</run_address>
         <size>0x4</size>
         <input_file_ref idref="fl-b"/>
      </object_component>
      <object_component id="oc-562">
         <name>.data:BTN01_C00_Elements</name>
         <load_address>0x268a</load_address>
         <run_address>0x268a</run_address>
         <size>0x4</size>
         <input_file_ref idref="fl-b"/>
      </object_component>
      <object_component id="oc-4be">
         <name>.data:BTN01_C00</name>
         <load_address>0x2686</load_address>
         <run_address>0x2686</run_address>
         <size>0x4</size>
         <input_file_ref idref="fl-b"/>
      </object_component>
      <object_component id="oc-567">
         <name>.data:BTN01_C01_Elements</name>
         <load_address>0x2692</load_address>
         <run_address>0x2692</run_address>
         <size>0x4</size>
         <input_file_ref idref="fl-b"/>
      </object_component>
      <object_component id="oc-4c1">
         <name>.data:BTN01_C01</name>
         <load_address>0x268e</load_address>
         <run_address>0x268e</run_address>
         <size>0x4</size>
         <input_file_ref idref="fl-b"/>
      </object_component>
      <object_component id="oc-3fa">
         <name>.data:BTN00_Cycles</name>
         <load_address>0x2628</load_address>
         <run_address>0x2628</run_address>
         <size>0x10</size>
         <input_file_ref idref="fl-b"/>
      </object_component>
      <object_component id="oc-35e">
         <name>.data:BTN00</name>
         <load_address>0x23e4</load_address>
         <run_address>0x23e4</run_address>
         <size>0x1e</size>
         <input_file_ref idref="fl-b"/>
      </object_component>
      <object_component id="oc-40a">
         <name>.data:BTN01_Cycles</name>
         <load_address>0x2696</load_address>
         <run_address>0x2696</run_address>
         <size>0x4</size>
         <input_file_ref idref="fl-b"/>
      </object_component>
      <object_component id="oc-367">
         <name>.data:BTN01</name>
         <load_address>0x2402</load_address>
         <run_address>0x2402</run_address>
         <size>0x1e</size>
         <input_file_ref idref="fl-b"/>
      </object_component>
      <object_component id="oc-489">
         <name>.data:g_pCaptivateSensorArray</name>
         <load_address>0x269e</load_address>
         <run_address>0x269e</run_address>
         <size>0x4</size>
         <input_file_ref idref="fl-b"/>
      </object_component>
      <object_component id="oc-3e6">
         <name>.data:g_uiApp</name>
         <load_address>0x2638</load_address>
         <run_address>0x2638</run_address>
         <size>0xe</size>
         <input_file_ref idref="fl-b"/>
      </object_component>
      <object_component id="oc-42d">
         <name>.data:tx_frame_counts</name>
         <load_address>0x26a8</load_address>
         <run_address>0x26a8</run_address>
         <size>0x2</size>
         <input_file_ref idref="fl-c"/>
      </object_component>
      <object_component id="oc-42a">
         <name>.data:tx_pending_flags</name>
         <load_address>0x26aa</load_address>
         <run_address>0x26aa</run_address>
         <size>0x2</size>
         <input_file_ref idref="fl-c"/>
      </object_component>
      <object_component id="oc-43f">
         <name>.data</name>
         <load_address>0x26a2</load_address>
         <run_address>0x26a2</run_address>
         <size>0x3</size>
         <input_file_ref idref="fl-c"/>
      </object_component>
      <object_component id="oc-494">
         <name>.data</name>
         <load_address>0x26a6</load_address>
         <run_address>0x26a6</run_address>
         <size>0x2</size>
         <input_file_ref idref="fl-1e"/>
      </object_component>
      <object_component id="oc-488">
         <name>.data</name>
         <load_address>0x269a</load_address>
         <run_address>0x269a</run_address>
         <size>0x4</size>
         <input_file_ref idref="fl-21"/>
      </object_component>
      <object_component id="oc-26a">
         <name>.stack</name>
         <uninitialized>true</uninitialized>
         <run_address>0x2f00</run_address>
         <size>0x2</size>
         <input_file_ref idref="fl-6a"/>
      </object_component>
      <object_component id="oc-6dd">
         <name>.stack</name>
         <uninitialized>true</uninitialized>
         <run_address>0x2f00</run_address>
         <size>0x0</size>
      </object_component>
      <object_component id="oc-75">
         <name>.int40</name>
         <load_address>0xffd8</load_address>
         <run_address>0xffd8</run_address>
         <size>0x2</size>
         <input_file_ref idref="fl-4"/>
      </object_component>
      <object_component id="oc-76">
         <name>.int41</name>
         <load_address>0xffda</load_address>
         <run_address>0xffda</run_address>
         <size>0x2</size>
         <input_file_ref idref="fl-4b"/>
      </object_component>
      <object_component id="oc-77">
         <name>.int42</name>
         <load_address>0xffdc</load_address>
         <run_address>0xffdc</run_address>
         <size>0x2</size>
         <input_file_ref idref="fl-4c"/>
      </object_component>
      <object_component id="oc-78">
         <name>.int43</name>
         <load_address>0xffde</load_address>
         <run_address>0xffde</run_address>
         <size>0x2</size>
         <input_file_ref idref="fl-4d"/>
      </object_component>
      <object_component id="oc-79">
         <name>.int44</name>
         <load_address>0xffe0</load_address>
         <run_address>0xffe0</run_address>
         <size>0x2</size>
         <input_file_ref idref="fl-4e"/>
      </object_component>
      <object_component id="oc-7a">
         <name>.int45</name>
         <load_address>0xffe2</load_address>
         <run_address>0xffe2</run_address>
         <size>0x2</size>
         <input_file_ref idref="fl-4f"/>
      </object_component>
      <object_component id="oc-7b">
         <name>.int46</name>
         <load_address>0xffe4</load_address>
         <run_address>0xffe4</run_address>
         <size>0x2</size>
         <input_file_ref idref="fl-8"/>
      </object_component>
      <object_component id="oc-7c">
         <name>.int47</name>
         <load_address>0xffe6</load_address>
         <run_address>0xffe6</run_address>
         <size>0x2</size>
         <input_file_ref idref="fl-50"/>
      </object_component>
      <object_component id="oc-7d">
         <name>.int48</name>
         <load_address>0xffe8</load_address>
         <run_address>0xffe8</run_address>
         <size>0x2</size>
         <input_file_ref idref="fl-51"/>
      </object_component>
      <object_component id="oc-7e">
         <name>.int49</name>
         <load_address>0xffea</load_address>
         <run_address>0xffea</run_address>
         <size>0x2</size>
         <input_file_ref idref="fl-52"/>
      </object_component>
      <object_component id="oc-7f">
         <name>.int50</name>
         <load_address>0xffec</load_address>
         <run_address>0xffec</run_address>
         <size>0x2</size>
         <input_file_ref idref="fl-53"/>
      </object_component>
      <object_component id="oc-80">
         <name>.int51</name>
         <load_address>0xffee</load_address>
         <run_address>0xffee</run_address>
         <size>0x2</size>
         <input_file_ref idref="fl-54"/>
      </object_component>
      <object_component id="oc-81">
         <name>.int52</name>
         <load_address>0xfff0</load_address>
         <run_address>0xfff0</run_address>
         <size>0x2</size>
         <input_file_ref idref="fl-55"/>
      </object_component>
      <object_component id="oc-82">
         <name>.int53</name>
         <load_address>0xfff2</load_address>
         <run_address>0xfff2</run_address>
         <size>0x2</size>
         <input_file_ref idref="fl-56"/>
      </object_component>
      <object_component id="oc-83">
         <name>.int54</name>
         <load_address>0xfff4</load_address>
         <run_address>0xfff4</run_address>
         <size>0x2</size>
         <input_file_ref idref="fl-57"/>
      </object_component>
      <object_component id="oc-84">
         <name>.int55</name>
         <load_address>0xfff6</load_address>
         <run_address>0xfff6</run_address>
         <size>0x2</size>
         <input_file_ref idref="fl-58"/>
      </object_component>
      <object_component id="oc-85">
         <name>.int56</name>
         <load_address>0xfff8</load_address>
         <run_address>0xfff8</run_address>
         <size>0x2</size>
         <input_file_ref idref="fl-59"/>
      </object_component>
      <object_component id="oc-86">
         <name>.int57</name>
         <load_address>0xfffa</load_address>
         <run_address>0xfffa</run_address>
         <size>0x2</size>
         <input_file_ref idref="fl-5a"/>
      </object_component>
      <object_component id="oc-87">
         <name>.int58</name>
         <load_address>0xfffc</load_address>
         <run_address>0xfffc</run_address>
         <size>0x2</size>
         <input_file_ref idref="fl-5b"/>
      </object_component>
      <object_component id="oc-26d">
         <name>.reset</name>
         <load_address>0xfffe</load_address>
         <run_address>0xfffe</run_address>
         <size>0x2</size>
         <input_file_ref idref="fl-6a"/>
      </object_component>
      <object_component id="oc-3d4">
         <name>.debug_info</name>
         <load_address>0x0</load_address>
         <run_address>0x0</run_address>
         <size>0x42f</size>
         <input_file_ref idref="fl-2"/>
      </object_component>
      <object_component id="oc-37a">
         <name>.debug_info</name>
         <load_address>0x42f</load_address>
         <run_address>0x42f</run_address>
         <size>0xd4</size>
         <input_file_ref idref="fl-2"/>
      </object_component>
      <object_component id="oc-30e">
         <name>.debug_info</name>
         <load_address>0x503</load_address>
         <run_address>0x503</run_address>
         <size>0x194</size>
         <input_file_ref idref="fl-2"/>
      </object_component>
      <object_component id="oc-334">
         <name>.debug_info</name>
         <load_address>0x697</load_address>
         <run_address>0x697</run_address>
         <size>0x11e7</size>
         <input_file_ref idref="fl-2"/>
      </object_component>
      <object_component id="oc-345">
         <name>.debug_info</name>
         <load_address>0x187e</load_address>
         <run_address>0x187e</run_address>
         <size>0xbb</size>
         <input_file_ref idref="fl-2"/>
      </object_component>
      <object_component id="oc-33e">
         <name>.debug_info</name>
         <load_address>0x1939</load_address>
         <run_address>0x1939</run_address>
         <size>0x26b</size>
         <input_file_ref idref="fl-2"/>
      </object_component>
      <object_component id="oc-3da">
         <name>.debug_info</name>
         <load_address>0x1ba4</load_address>
         <run_address>0x1ba4</run_address>
         <size>0xee</size>
         <input_file_ref idref="fl-2"/>
      </object_component>
      <object_component id="oc-2fa">
         <name>.debug_info</name>
         <load_address>0x1c92</load_address>
         <run_address>0x1c92</run_address>
         <size>0x8b</size>
         <input_file_ref idref="fl-2"/>
      </object_component>
      <object_component id="oc-3d5">
         <name>.debug_info</name>
         <load_address>0x1d1d</load_address>
         <run_address>0x1d1d</run_address>
         <size>0x282</size>
         <input_file_ref idref="fl-2"/>
      </object_component>
      <object_component id="oc-339">
         <name>.debug_info</name>
         <load_address>0x1f9f</load_address>
         <run_address>0x1f9f</run_address>
         <size>0xbb</size>
         <input_file_ref idref="fl-2"/>
      </object_component>
      <object_component id="oc-34a">
         <name>.debug_info</name>
         <load_address>0x205a</load_address>
         <run_address>0x205a</run_address>
         <size>0x35</size>
         <input_file_ref idref="fl-2"/>
      </object_component>
      <object_component id="oc-491">
         <name>.debug_info</name>
         <load_address>0x208f</load_address>
         <run_address>0x208f</run_address>
         <size>0x3dd</size>
         <input_file_ref idref="fl-3"/>
      </object_component>
      <object_component id="oc-41d">
         <name>.debug_info</name>
         <load_address>0x246c</load_address>
         <run_address>0x246c</run_address>
         <size>0x250</size>
         <input_file_ref idref="fl-3"/>
      </object_component>
      <object_component id="oc-3ea">
         <name>.debug_info</name>
         <load_address>0x26bc</load_address>
         <run_address>0x26bc</run_address>
         <size>0x1d8</size>
         <input_file_ref idref="fl-3"/>
      </object_component>
      <object_component id="oc-423">
         <name>.debug_info</name>
         <load_address>0x2894</load_address>
         <run_address>0x2894</run_address>
         <size>0x1a9</size>
         <input_file_ref idref="fl-3"/>
      </object_component>
      <object_component id="oc-3f4">
         <name>.debug_info</name>
         <load_address>0x2a3d</load_address>
         <run_address>0x2a3d</run_address>
         <size>0x1c2</size>
         <input_file_ref idref="fl-3"/>
      </object_component>
      <object_component id="oc-2dd">
         <name>.debug_info</name>
         <load_address>0x2bff</load_address>
         <run_address>0x2bff</run_address>
         <size>0x2c</size>
         <input_file_ref idref="fl-3"/>
[...]
      </symbol>
      <symbol id="sm-54b">
         <name>unknown_handling</name>
         <value>0xdca2</value>
         <object_component_ref idref="oc-4e2"/>
      </symbol>
      <symbol id="sm-54c">
         <name>verify_handling</name>
         <value>0xddcc</value>
         <object_component_ref idref="oc-4f4"/>
      </symbol>
      <symbol id="sm-54d">
         <name>disable_handling</name>
         <value>0xdb0c</value>
         <object_component_ref idref="oc-4ee"/>
      </symbol>
      <symbol id="sm-54e">
         <name>process_command</name>
         <value>0xe128</value>
         <object_component_ref idref="oc-445"/>
      </symbol>
      <symbol id="sm-54f">
         <name>uart_read</name>
         <value>0xe1be</value>
         <object_component_ref idref="oc-44b"/>
      </symbol>
      <symbol id="sm-550">
         <name>btn00_callback</name>
         <value>0xe400</value>
         <object_component_ref idref="oc-361"/>
      </symbol>
      <symbol id="sm-551">
         <name>enable_handling</name>
         <value>0xdb5e</value>
         <object_component_ref idref="oc-4e8"/>
      </symbol>
      <symbol id="sm-552">
         <name>btn01_callback</name>
         <value>0xe408</value>
         <object_component_ref idref="oc-36a"/>
      </symbol>
      <symbol id="sm-553">
         <name>process_rx</name>
         <value>0xda66</value>
         <object_component_ref idref="oc-388"/>
      </symbol>
      <symbol id="sm-554">
         <name>UARTPort</name>
         <value>0xc5a0</value>
         <object_component_ref idref="oc-370"/>
      </symbol>
      <symbol id="sm-582">
         <name>CAPT_calibrateOffset</name>
         <value>0xc9ee</value>
         <object_component_ref idref="oc-531"/>
      </symbol>
      <symbol id="sm-583">
         <name>CAPT_calibrateGain</name>
         <value>0xc826</value>
         <object_component_ref idref="oc-530"/>
      </symbol>
      <symbol id="sm-584">
         <name>CAPT_calibrateSensor</name>
         <value>0xe1e2</value>
         <object_component_ref idref="oc-52f"/>
      </symbol>
      <symbol id="sm-585">
         <name>CAPT_calibrateSensorWithEMC</name>
         <value>0xd4fe</value>
         <object_component_ref idref="oc-497"/>
      </symbol>
      <symbol id="sm-5d1">
         <name>g_filteredGlobalNoiseLevel</name>
         <value>0x23d2</value>
      </symbol>
      <symbol id="sm-5d2">
         <name>g_pHighestNoiseElement</name>
         <value>0x23d6</value>
      </symbol>
      <symbol id="sm-5d3">
         <name>CAPT_computeRelNoiseComp</name>
         <value>0xd3c0</value>
         <object_component_ref idref="oc-653"/>
      </symbol>
      <symbol id="sm-5d4">
         <name>CAPT_updateGlobalFilteredNoiseLevel</name>
         <value>0xd898</value>
         <object_component_ref idref="oc-652"/>
      </symbol>
      <symbol id="sm-5d5">
         <name>CAPT_replaceFrequencyWithError</name>
         <value>0xe366</value>
         <object_component_ref idref="oc-5ed"/>
      </symbol>
      <symbol id="sm-5d6">
         <name>g_pEMCConfig</name>
         <value>0x26a6</value>
         <object_component_ref idref="oc-494"/>
      </symbol>
      <symbol id="sm-5d7">
         <name>CAPT_getRelNoiseStatusThreshold</name>
         <value>0xe352</value>
         <object_component_ref idref="oc-651"/>
      </symbol>
      <symbol id="sm-5d8">
         <name>CAPT_resolveMultiFreqSet</name>
         <value>0xd044</value>
         <object_component_ref idref="oc-5ee"/>
      </symbol>
      <symbol id="sm-5d9">
         <name>CAPT_correctInvalidMultiFreqCalibration</name>
         <value>0xcccc</value>
         <object_component_ref idref="oc-538"/>
      </symbol>
      <symbol id="sm-5da">
         <name>CAPT_loadEMCConfig</name>
         <value>0xe2de</value>
         <object_component_ref idref="oc-3f2"/>
      </symbol>
      <symbol id="sm-5db">
         <name>CAPT_testConversionFrequencyForNoise</name>
         <value>0xcdbe</value>
         <object_component_ref idref="oc-532"/>
      </symbol>
      <symbol id="sm-5dc">
         <name>CAPT_computeJitterFilter</name>
         <value>0xe176</value>
         <object_component_ref idref="oc-64f"/>
      </symbol>
      <symbol id="sm-5dd">
         <name>CAPT_getMaxRelThreshold</name>
         <value>0xe33e</value>
         <object_component_ref idref="oc-654"/>
      </symbol>
      <symbol id="sm-5de">
         <name>CAPT_getEMCConversionSettings</name>
         <value>0xdcf0</value>
         <object_component_ref idref="oc-52e"/>
      </symbol>
      <symbol id="sm-5e3">
         <name>CAPT_getInterruptVector</name>
         <value>0xe416</value>
         <object_component_ref idref="oc-2e9"/>
      </symbol>
      <symbol id="sm-5e4">
         <name>CAPT_init</name>
         <value>0xe224</value>
         <object_component_ref idref="oc-48e"/>
      </symbol>
      <symbol id="sm-5e5">
         <name>CAPT_clearIFG</name>
         <value>0xe410</value>
         <object_component_ref idref="oc-5f6"/>
      </symbol>
      <symbol id="sm-652">
         <name>CAPT_updateSensorTimeout</name>
         <value>0xe00e</value>
         <object_component_ref idref="oc-5f2"/>
      </symbol>
      <symbol id="sm-653">
         <name>CAPT_updateSelfElementProxTouchWithEMC</name>
         <value>0xceae</value>
         <object_component_ref idref="oc-5f0"/>
      </symbol>
      <symbol id="sm-654">
         <name>CAPT_processSensor</name>
         <value>0xd82e</value>
         <object_component_ref idref="oc-570"/>
      </symbol>
      <symbol id="sm-655">
         <name>CAPT_convertAbsToRel</name>
         <value>0xe076</value>
         <object_component_ref idref="oc-650"/>
      </symbol>
      <symbol id="sm-656">
         <name>CAPT_flagAllElementsForReseed</name>
         <value>0xdd3c</value>
         <object_component_ref idref="oc-65f"/>
      </symbol>
      <symbol id="sm-657">
         <name>CAPT_blockOnFlag</name>
         <value>0xe150</value>
         <object_component_ref idref="oc-5f7"/>
      </symbol>
      <symbol id="sm-658">
         <name>CAPT_startConversionAndWaitUntilDone</name>
         <value>0xe0a4</value>
         <object_component_ref idref="oc-594"/>
      </symbol>
      <symbol id="sm-659">
         <name>CAPT_unloadCycle</name>
         <value>0xdf16</value>
         <object_component_ref idref="oc-596"/>
      </symbol>
      <symbol id="sm-65a">
         <name>CAPT_testForRecalibration</name>
         <value>0xd608</value>
         <object_component_ref idref="oc-4cd"/>
      </symbol>
      <symbol id="sm-65b">
         <name>CAPT_updateElementFilteredValuesWithEMC</name>
         <value>0xd26e</value>
         <object_component_ref idref="oc-5ef"/>
      </symbol>
      <symbol id="sm-65c">
         <name>CAPT_processCycleWithEMC</name>
         <value>0xd466</value>
         <object_component_ref idref="oc-56f"/>
      </symbol>
      <symbol id="sm-65d">
         <name>CAPT_initSensor</name>
         <value>0xd7c4</value>
         <object_component_ref idref="oc-48f"/>
      </symbol>
      <symbol id="sm-65e">
         <name>CAPT_updateSensorRawCount</name>
         <value>0xc5c8</value>
         <object_component_ref idref="oc-56e"/>
      </symbol>
      <symbol id="sm-65f">
         <name>CAPT_preProcessSlider</name>
         <value>0xdc54</value>
         <object_component_ref idref="oc-5f3"/>
      </symbol>
      <symbol id="sm-660">
         <name>CAPT_updateSensorWithEMC</name>
         <value>0xd592</value>
         <object_component_ref idref="oc-4ca"/>
      </symbol>
      <symbol id="sm-661">
         <name>CAPT_loadCycle</name>
         <value>0xdd84</value>
         <object_component_ref idref="oc-595"/>
      </symbol>
      <symbol id="sm-662">
         <name>CAPT_updateSensorNoise</name>
         <value>0xda10</value>
         <object_component_ref idref="oc-5f1"/>
      </symbol>
      <symbol id="sm-663">
         <name>CAPT_testForNegativeTouchRecalibration</name>
         <value>0xe2f8</value>
         <object_component_ref idref="oc-4cc"/>
      </symbol>
      <symbol id="sm-664">
         <name>CAPT_testForMaxCountRecalibration</name>
         <value>0xe244</value>
         <object_component_ref idref="oc-4cb"/>
      </symbol>
      <symbol id="sm-68a">
         <name>CS_clearAllOscFlagsWithTimeout</name>
         <value>0xe2a4</value>
         <object_component_ref idref="oc-3e4"/>
      </symbol>
      <symbol id="sm-68b">
         <name>CS_initFLL</name>
         <value>0xcf80</value>
         <object_component_ref idref="oc-3e3"/>
      </symbol>
      <symbol id="sm-68c">
         <name>CS_setExternalClockSource</name>
         <value>0xe3c6</value>
         <object_component_ref idref="oc-3e0"/>
      </symbol>
      <symbol id="sm-68d">
         <name>CS_turnOnXT1LFWithTimeout</name>
         <value>0xdf54</value>
         <object_component_ref idref="oc-3e1"/>
      </symbol>
      <symbol id="sm-68e">
         <name>CS_initClockSignal</name>
         <value>0xd1ba</value>
         <object_component_ref idref="oc-3e2"/>
      </symbol>
      <symbol id="sm-691">
         <name>FRAMCtl_configureWaitStateControl</name>
         <value>0xe328</value>
         <object_component_ref idref="oc-3df"/>
      </symbol>
      <symbol id="sm-6a2">
         <name>__mspabi_remul</name>
         <value>0xd9b8</value>
         <object_component_ref idref="oc-668"/>
      </symbol>
      <symbol id="sm-6a3">
         <name>__mspabi_divul</name>
         <value>0xd9b8</value>
         <object_component_ref idref="oc-668"/>
      </symbol>
      <symbol id="sm-6a6">
         <name>__TI_int41</name>
         <value>0xffda</value>
         <object_component_ref idref="oc-76"/>
      </symbol>
      <symbol id="sm-6a9">
         <name>__TI_int42</name>
         <value>0xffdc</value>
         <object_component_ref idref="oc-77"/>
      </symbol>
      <symbol id="sm-6ac">
         <name>__TI_int43</name>
         <value>0xffde</value>
         <object_component_ref idref="oc-78"/>
      </symbol>
      <symbol id="sm-6af">
         <name>__TI_int44</name>
         <value>0xffe0</value>
         <object_component_ref idref="oc-79"/>
      </symbol>
      <symbol id="sm-6b2">
         <name>__TI_int45</name>
         <value>0xffe2</value>
         <object_component_ref idref="oc-7a"/>
      </symbol>
      <symbol id="sm-6b5">
         <name>__TI_int47</name>
         <value>0xffe6</value>
         <object_component_ref idref="oc-7c"/>
      </symbol>
      <symbol id="sm-6b8">
         <name>__TI_int48</name>
         <value>0xffe8</value>
         <object_component_ref idref="oc-7d"/>
      </symbol>
      <symbol id="sm-6bb">
         <name>__TI_int49</name>
         <value>0xffea</value>
         <object_component_ref idref="oc-7e"/>
      </symbol>
      <symbol id="sm-6be">
         <name>__TI_int50</name>
         <value>0xffec</value>
         <object_component_ref idref="oc-7f"/>
      </symbol>
      <symbol id="sm-6c1">
         <name>__TI_int51</name>
         <value>0xffee</value>
         <object_component_ref idref="oc-80"/>
      </symbol>
      <symbol id="sm-6c4">
         <name>__TI_int52</name>
         <value>0xfff0</value>
         <object_component_ref idref="oc-81"/>
      </symbol>
      <symbol id="sm-6c7">
         <name>__TI_int53</name>
         <value>0xfff2</value>
         <object_component_ref idref="oc-82"/>
      </symbol>
      <symbol id="sm-6ca">
         <name>__TI_int54</name>
         <value>0xfff4</value>
         <object_component_ref idref="oc-83"/>
      </symbol>
      <symbol id="sm-6cd">
         <name>__TI_int55</name>
         <value>0xfff6</value>
         <object_component_ref idref="oc-84"/>
      </symbol>
      <symbol id="sm-6d0">
         <name>__TI_int56</name>
         <value>0xfff8</value>
         <object_component_ref idref="oc-85"/>
      </symbol>
      <symbol id="sm-6d3">
         <name>__TI_int57</name>
         <value>0xfffa</value>
         <object_component_ref idref="oc-86"/>
      </symbol>
      <symbol id="sm-6d6">
         <name>__TI_int58</name>
         <value>0xfffc</value>
         <object_component_ref idref="oc-87"/>
      </symbol>
      <symbol id="sm-6de">
         <name>__TI_ISR_TRAP</name>
         <value>0xe3f8</value>
         <object_component_ref idref="oc-28c"/>
      </symbol>
      <symbol id="sm-6e7">
         <name>__mspabi_slli</name>
         <value>0xe3e4</value>
         <object_component_ref idref="oc-533"/>
      </symbol>
      <symbol id="sm-6ef">
         <name>__mspabi_slll_9</name>
         <value>0xdfaa</value>
         <object_component_ref idref="oc-663"/>
      </symbol>
      <symbol id="sm-6f0">
         <name>__mspabi_slll_8</name>
         <value>0xdfae</value>
         <object_component_ref idref="oc-663"/>
      </symbol>
      <symbol id="sm-6f1">
         <name>__mspabi_slll_7</name>
         <value>0xdfb2</value>
         <object_component_ref idref="oc-663"/>
      </symbol>
      <symbol id="sm-6f2">
         <name>__mspabi_slll_6</name>
         <value>0xdfb6</value>
         <object_component_ref idref="oc-663"/>
      </symbol>
      <symbol id="sm-6f3">
         <name>__mspabi_slll_5</name>
         <value>0xdfba</value>
         <object_component_ref idref="oc-663"/>
      </symbol>
      <symbol id="sm-6f4">
         <name>__mspabi_slll_4</name>
         <value>0xdfbe</value>
         <object_component_ref idref="oc-663"/>
      </symbol>
      <symbol id="sm-6f5">
         <name>__mspabi_slll_3</name>
         <value>0xdfc2</value>
         <object_component_ref idref="oc-663"/>
      </symbol>
      <symbol id="sm-6f6">
         <name>__mspabi_slll_2</name>
         <value>0xdfc6</value>
         <object_component_ref idref="oc-663"/>
      </symbol>
      <symbol id="sm-6f7">
         <name>__mspabi_slll_1</name>
         <value>0xdfca</value>
         <object_component_ref idref="oc-663"/>
      </symbol>
      <symbol id="sm-6f8">
         <name>__mspabi_slll_15</name>
         <value>0xdf92</value>
         <object_component_ref idref="oc-663"/>
      </symbol>
      <symbol id="sm-6f9">
         <name>__mspabi_slll_14</name>
         <value>0xdf96</value>
         <object_component_ref idref="oc-663"/>
      </symbol>
      <symbol id="sm-6fa">
         <name>__mspabi_slll_13</name>
         <value>0xdf9a</value>
         <object_component_ref idref="oc-663"/>
      </symbol>
      <symbol id="sm-6fb">
         <name>__mspabi_slll_12</name>
         <value>0xdf9e</value>
         <object_component_ref idref="oc-663"/>
      </symbol>
      <symbol id="sm-6fc">
         <name>__mspabi_slll_11</name>
         <value>0xdfa2</value>
         <object_component_ref idref="oc-663"/>
      </symbol>
      <symbol id="sm-6fd">
         <name>__mspabi_slll_10</name>
         <value>0xdfa6</value>
         <object_component_ref idref="oc-663"/>
      </symbol>
      <symbol id="sm-706">
         <name>__mspabi_srli</name>
         <value>0xe3ee</value>
         <object_component_ref idref="oc-5e8"/>
      </symbol>
      <symbol id="sm-70e">
         <name>__mspabi_srll_8</name>
         <value>0xdfec</value>
         <object_component_ref idref="oc-65a"/>
      </symbol>
      <symbol id="sm-70f">
         <name>__mspabi_srll_9</name>
         <value>0xdfe8</value>
         <object_component_ref idref="oc-65a"/>
      </symbol>
      <symbol id="sm-710">
         <name>__mspabi_srll_6</name>
         <value>0xdff4</value>
         <object_component_ref idref="oc-65a"/>
      </symbol>
      <symbol id="sm-711">
         <name>__mspabi_srll_7</name>
         <value>0xdff0</value>
         <object_component_ref idref="oc-65a"/>
      </symbol>
      <symbol id="sm-712">
         <name>__mspabi_srll_4</name>
         <value>0xdffc</value>
         <object_component_ref idref="oc-65a"/>
      </symbol>
      <symbol id="sm-713">
         <name>__mspabi_srll_5</name>
         <value>0xdff8</value>
         <object_component_ref idref="oc-65a"/>
      </symbol>
      <symbol id="sm-714">
         <name>__mspabi_srll_2</name>
         <value>0xe004</value>
         <object_component_ref idref="oc-65a"/>
      </symbol>
      <symbol id="sm-715">
         <name>__mspabi_srll_3</name>
         <value>0xe000</value>
         <object_component_ref idref="oc-65a"/>
      </symbol>
      <symbol id="sm-716">
         <name>__mspabi_srll_1</name>
         <value>0xe008</value>
         <object_component_ref idref="oc-65a"/>
      </symbol>
      <symbol id="sm-717">
         <name>__mspabi_srll_15</name>
         <value>0xdfd0</value>
         <object_component_ref idref="oc-65a"/>
      </symbol>
      <symbol id="sm-718">
         <name>__mspabi_srll_14</name>
         <value>0xdfd4</value>
         <object_component_ref idref="oc-65a"/>
      </symbol>
      <symbol id="sm-719">
         <name>__mspabi_srll_13</name>
         <value>0xdfd8</value>
         <object_component_ref idref="oc-65a"/>
      </symbol>
      <symbol id="sm-71a">
         <name>__mspabi_srll_12</name>
         <value>0xdfdc</value>
         <object_component_ref idref="oc-65a"/>
      </symbol>
      <symbol id="sm-71b">
         <name>__mspabi_srll_11</name>
         <value>0xdfe0</value>
         <object_component_ref idref="oc-65a"/>
      </symbol>
      <symbol id="sm-71c">
         <name>__mspabi_srll_10</name>
         <value>0xdfe4</value>
         <object_component_ref idref="oc-65a"/>
      </symbol>
      <symbol id="sm-725">
         <name>__mspabi_mpyi_f5hw</name>
         <value>0xe38e</value>
         <object_component_ref idref="oc-430"/>
      </symbol>
      <symbol id="sm-730">
         <name>__mspabi_mpyl_f5hw</name>
         <value>0xe264</value>
         <object_component_ref idref="oc-655"/>
      </symbol>
      <symbol id="sm-748">
         <name>_stack</name>
         <value>0x2f00</value>
         <object_component_ref idref="oc-26a"/>
      </symbol>
      <symbol id="sm-749">
         <name>_c_int00_noargs</name>
         <value>0xe2c2</value>
         <object_component_ref idref="oc-2a9"/>
      </symbol>
      <symbol id="sm-74a">
         <name>_reset_vector</name>
         <value>0xfffe</value>
         <object_component_ref idref="oc-26d"/>
      </symbol>
      <symbol id="sm-76c">
         <name>__TI_auto_init_nobinit_nopinit_hold_wdt</name>
         <value>0xdaba</value>
         <object_component_ref idref="oc-3b9"/>
      </symbol>
      <symbol id="sm-77f">
         <name>__TI_zero_init_nomemset</name>
         <value>0xe37a</value>
         <object_component_ref idref="oc-297"/>
      </symbol>
      <symbol id="sm-78c">
         <name>_system_post_cinit</name>
         <value>0xe422</value>
         <object_component_ref idref="oc-465"/>
      </symbol>
      <symbol id="sm-7a2">
         <name>__TI_decompress_none</name>
         <value>0xe3a2</value>
         <object_component_ref idref="oc-6f"/>
      </symbol>
      <symbol id="sm-7c5">
         <name>__TI_decompress_lzss</name>
         <value>0xd6e8</value>
         <object_component_ref idref="oc-69"/>
      </symbol>
      <symbol id="sm-7cf">
         <name>C$$EXIT</name>
         <value>0xe41c</value>
         <object_component_ref idref="oc-395"/>
      </symbol>
      <symbol id="sm-7d0">
         <name>abort</name>
         <value>0xe41c</value>
         <object_component_ref idref="oc-395"/>
      </symbol>
      <symbol id="sm-7e0">
         <name>memcpy</name>
         <value>0xe3b4</value>
         <object_component_ref idref="oc-279"/>
      </symbol>
      <symbol id="sm-7ee">
         <name>strcmp</name>
         <value>0xe310</value>
         <object_component_ref idref="oc-572"/>
      </symbol>
      <symbol id="sm-7f8">
         <name>abs</name>
         <value>0xe3da</value>
         <object_component_ref idref="oc-649"/>
      </symbol>
   </symbol_table>
   <title>Link successful</title>
</link_info>
