<?xml version="1.0" encoding="ISO-8859-1" ?>
<link_info>
   <banner>MSP430 Linker PC v21.6.1.LTS</banner>
   <copyright>Copyright (c) 2003-2018 Texas Instruments Incorporated</copyright>
   <link_time>0x69b37e13</link_time>
   <link_errors>0x0</link_errors>
   <output_file>8RX.out</output_file>
   <entry_point>
      <name>_c_int00_noargs</name>
      <address>0xd7f6</address>
   </entry_point>
   <input_file_list>
      <input_file id="fl-2">
         <path>.\</path>
         <kind>object</kind>
         <file>main.obj</file>
         <name>main.obj</name>
      </input_file>
      <input_file id="fl-3">
         <path>.\captivate\ADVANCED\</path>
         <kind>object</kind>
         <file>CAPT_Manager.obj</file>
         <name>CAPT_Manager.obj</name>
      </input_file>
      <input_file id="fl-4">
         <path>.\captivate\BASE\</path>
         <kind>object</kind>
         <file>CAPT_ISR.obj</file>
         <name>CAPT_ISR.obj</name>
      </input_file>
      <input_file id="fl-5">
         <path>.\captivate\COMM\</path>
         <kind>object</kind>
         <file>CAPT_Interface.obj</file>
         <name>CAPT_Interface.obj</name>
      </input_file>
      <input_file id="fl-6">
         <path>.\captivate\COMM\</path>
         <kind>object</kind>
         <file>FunctionTimer.obj</file>
         <name>FunctionTimer.obj</name>
      </input_file>
      <input_file id="fl-7">
         <path>.\captivate\COMM\</path>
         <kind>object</kind>
         <file>I2CSlave.obj</file>
         <name>I2CSlave.obj</name>
      </input_file>
      <input_file id="fl-8">
         <path>.\captivate\COMM\</path>
         <kind>object</kind>
         <file>UART.obj</file>
         <name>UART.obj</name>
      </input_file>
      <input_file id="fl-9">
         <path>.\captivate_app\</path>
         <kind>object</kind>
         <file>CAPT_App.obj</file>
         <name>CAPT_App.obj</name>
      </input_file>
      <input_file id="fl-a">
         <path>.\captivate_app\</path>
         <kind>object</kind>
         <file>CAPT_BSP.obj</file>
         <name>CAPT_BSP.obj</name>
      </input_file>
      <input_file id="fl-b">
         <path>.\captivate_config\</path>
         <kind>object</kind>
         <file>CAPT_UserConfig.obj</file>
         <name>CAPT_UserConfig.obj</name>
      </input_file>
      <input_file id="fl-c">
         <path>.\mymodule\</path>
         <kind>object</kind>
         <file>mymodule.obj</file>
         <name>mymodule.obj</name>
      </input_file>
      <input_file id="fl-1c">
         <kind>object</kind>
         <file>&lt;internal&gt;</file>
         <name>&lt;internal&gt;</name>
      </input_file>
      <input_file id="fl-1d">
         <path>..\captivate\BASE\libraries\</path>
         <kind>archive</kind>
         <file>captivate_fr2633_family.lib</file>
         <name>CAPT_Calibration.o</name>
      </input_file>
      <input_file id="fl-1e">
         <path>..\captivate\BASE\libraries\</path>
         <kind>archive</kind>
         <file>captivate_fr2633_family.lib</file>
         <name>CAPT_EMC.o</name>
      </input_file>
      <input_file id="fl-1f">
         <path>..\captivate\BASE\libraries\</path>
         <kind>archive</kind>
         <file>captivate_fr2633_family.lib</file>
         <name>CAPT_HAL.o</name>
      </input_file>
      <input_file id="fl-20">
         <path>..\captivate\BASE\libraries\</path>
         <kind>archive</kind>
         <file>captivate_fr2633_family.lib</file>
         <name>CAPT_Touch.o</name>
      </input_file>
      <input_file id="fl-21">
         <path>..\driverlib\MSP430FR2xx_4xx\libraries\</path>
         <kind>archive</kind>
         <file>driverlib_fr2633_family.lib</file>
         <name>cs.o</name>
      </input_file>
      <input_file id="fl-22">
         <path>..\driverlib\MSP430FR2xx_4xx\libraries\</path>
         <kind>archive</kind>
         <file>driverlib_fr2633_family.lib</file>
         <name>framctl.o</name>
      </input_file>
      <input_file id="fl-47">
         <path>C:\ti\ccs2040\ccs\tools\compiler\ti-cgt-msp430_21.6.1.LTS\lib\</path>
         <kind>archive</kind>
         <file>rts430x_sc_sd_eabi.lib</file>
         <name>div16s.asm.obj</name>
      </input_file>
      <input_file id="fl-48">
         <path>C:\ti\ccs2040\ccs\tools\compiler\ti-cgt-msp430_21.6.1.LTS\lib\</path>
         <kind>archive</kind>
         <file>rts430x_sc_sd_eabi.lib</file>
         <name>div16u.asm.obj</name>
      </input_file>
      <input_file id="fl-49">
         <path>C:\ti\ccs2040\ccs\tools\compiler\ti-cgt-msp430_21.6.1.LTS\lib\</path>
         <kind>archive</kind>
         <file>rts430x_sc_sd_eabi.lib</file>
         <name>div32s.asm.obj</name>
      </input_file>
      <input_file id="fl-4a">
         <path>C:\ti\ccs2040\ccs\tools\compiler\ti-cgt-msp430_21.6.1.LTS\lib\</path>
         <kind>archive</kind>
         <file>rts430x_sc_sd_eabi.lib</file>
         <name>div32u.asm.obj</name>
      </input_file>
      <input_file id="fl-4b">
         <path>C:\ti\ccs2040\ccs\tools\compiler\ti-cgt-msp430_21.6.1.LTS\lib\</path>
         <kind>archive</kind>
         <file>rts430x_sc_sd_eabi.lib</file>
         <name>int41.asm.obj</name>
      </input_file>
      <input_file id="fl-4c">
         <path>C:\ti\ccs2040\ccs\tools\compiler\ti-cgt-msp430_21.6.1.LTS\lib\</path>
         <kind>archive</kind>
         <file>rts430x_sc_sd_eabi.lib</file>
         <name>int42.asm.obj</name>
      </input_file>
      <input_file id="fl-4d">
         <path>C:\ti\ccs2040\ccs\tools\compiler\ti-cgt-msp430_21.6.1.LTS\lib\</path>
         <kind>archive</kind>
         <file>rts430x_sc_sd_eabi.lib</file>
         <name>int43.asm.obj</name>
      </input_file>
      <input_file id="fl-4e">
         <path>C:\ti\ccs2040\ccs\tools\compiler\ti-cgt-msp430_21.6.1.LTS\lib\</path>
         <kind>archive</kind>
         <file>rts430x_sc_sd_eabi.lib</file>
         <name>int44.asm.obj</name>
      </input_file>
      <input_file id="fl-4f">
         <path>C:\ti\ccs2040\ccs\tools\compiler\ti-cgt-msp430_21.6.1.LTS\lib\</path>
         <kind>archive</kind>
         <file>rts430x_sc_sd_eabi.lib</file>
         <name>int45.asm.obj</name>
      </input_file>
      <input_file id="fl-50">
         <path>C:\ti\ccs2040\ccs\tools\compiler\ti-cgt-msp430_21.6.1.LTS\lib\</path>
         <kind>archive</kind>
         <file>rts430x_sc_sd_eabi.lib</file>
         <name>int47.asm.obj</name>
      </input_file>
      <input_file id="fl-51">
         <path>C:\ti\ccs2040\ccs\tools\compiler\ti-cgt-msp430_21.6.1.LTS\lib\</path>
         <kind>archive</kind>
         <file>rts430x_sc_sd_eabi.lib</file>
         <name>int48.asm.obj</name>
      </input_file>
      <input_file id="fl-52">
         <path>C:\ti\ccs2040\ccs\tools\compiler\ti-cgt-msp430_21.6.1.LTS\lib\</path>
         <kind>archive</kind>
         <file>rts430x_sc_sd_eabi.lib</file>
         <name>int49.asm.obj</name>
      </input_file>
      <input_file id="fl-53">
         <path>C:\ti\ccs2040\ccs\tools\compiler\ti-cgt-msp430_21.6.1.LTS\lib\</path>
         <kind>archive</kind>
         <file>rts430x_sc_sd_eabi.lib</file>
         <name>int50.asm.obj</name>
      </input_file>
      <input_file id="fl-54">
         <path>C:\ti\ccs2040\ccs\tools\compiler\ti-cgt-msp430_21.6.1.LTS\lib\</path>
         <kind>archive</kind>
         <file>rts430x_sc_sd_eabi.lib</file>
         <name>int51.asm.obj</name>
      </input_file>
      <input_file id="fl-55">
         <path>C:\ti\ccs2040\ccs\tools\compiler\ti-cgt-msp430_21.6.1.LTS\lib\</path>
         <kind>archive</kind>
         <file>rts430x_sc_sd_eabi.lib</file>
         <name>int52.asm.obj</name>
      </input_file>
      <input_file id="fl-56">
         <path>C:\ti\ccs2040\ccs\tools\compiler\ti-cgt-msp430_21.6.1.LTS\lib\</path>
         <kind>archive</kind>
         <file>rts430x_sc_sd_eabi.lib</file>
         <name>int53.asm.obj</name>
      </input_file>
      <input_file id="fl-57">
         <path>C:\ti\ccs2040\ccs\tools\compiler\ti-cgt-msp430_21.6.1.LTS\lib\</path>
         <kind>archive</kind>
         <file>rts430x_sc_sd_eabi.lib</file>
         <name>int54.asm.obj</name>
      </input_file>
      <input_file id="fl-58">
         <path>C:\ti\ccs2040\ccs\tools\compiler\ti-cgt-msp430_21.6.1.LTS\lib\</path>
         <kind>archive</kind>
         <file>rts430x_sc_sd_eabi.lib</file>
         <name>int55.asm.obj</name>
      </input_file>
      <input_file id="fl-59">
         <path>C:\ti\ccs2040\ccs\tools\compiler\ti-cgt-msp430_21.6.1.LTS\lib\</path>
         <kind>archive</kind>
         <file>rts430x_sc_sd_eabi.lib</file>
         <name>int56.asm.obj</name>
      </input_file>
      <input_file id="fl-5a">
         <path>C:\ti\ccs2040\ccs\tools\compiler\ti-cgt-msp430_21.6.1.LTS\lib\</path>
         <kind>archive</kind>
         <file>rts430x_sc_sd_eabi.lib</file>
         <name>int57.asm.obj</name>
      </input_file>
      <input_file id="fl-5b">
         <path>C:\ti\ccs2040\ccs\tools\compiler\ti-cgt-msp430_21.6.1.LTS\lib\</path>
         <kind>archive</kind>
         <file>rts430x_sc_sd_eabi.lib</file>
         <name>int58.asm.obj</name>
      </input_file>
      <input_file id="fl-5c">
         <path>C:\ti\ccs2040\ccs\tools\compiler\ti-cgt-msp430_21.6.1.LTS\lib\</path>
         <kind>archive</kind>
         <file>rts430x_sc_sd_eabi.lib</file>
         <name>isr_trap.asm.obj</name>
      </input_file>
      <input_file id="fl-5d">
         <path>C:\ti\ccs2040\ccs\tools\compiler\ti-cgt-msp430_21.6.1.LTS\lib\</path>
         <kind>archive</kind>
         <file>rts430x_sc_sd_eabi.lib</file>
         <name>lsl16.asm.obj</name>
      </input_file>
      <input_file id="fl-5e">
         <path>C:\ti\ccs2040\ccs\tools\compiler\ti-cgt-msp430_21.6.1.LTS\lib\</path>
         <kind>archive</kind>
         <file>rts430x_sc_sd_eabi.lib</file>
         <name>lsl32.asm.obj</name>
      </input_file>
      <input_file id="fl-5f">
         <path>C:\ti\ccs2040\ccs\tools\compiler\ti-cgt-msp430_21.6.1.LTS\lib\</path>
         <kind>archive</kind>
         <file>rts430x_sc_sd_eabi.lib</file>
         <name>lsr16.asm.obj</name>
      </input_file>
      <input_file id="fl-60">
         <path>C:\ti\ccs2040\ccs\tools\compiler\ti-cgt-msp430_21.6.1.LTS\lib\</path>
         <kind>archive</kind>
         <file>rts430x_sc_sd_eabi.lib</file>
         <name>lsr32.asm.obj</name>
      </input_file>
      <input_file id="fl-61">
         <path>C:\ti\ccs2040\ccs\tools\compiler\ti-cgt-msp430_21.6.1.LTS\lib\</path>
         <kind>archive</kind>
         <file>rts430x_sc_sd_eabi.lib</file>
         <name>mult16.asm.obj</name>
      </input_file>
      <input_file id="fl-62">
         <path>C:\ti\ccs2040\ccs\tools\compiler\ti-cgt-msp430_21.6.1.LTS\lib\</path>
         <kind>archive</kind>
         <file>rts430x_sc_sd_eabi.lib</file>
         <name>mult16_f5hw.asm.obj</name>
      </input_file>
      <input_file id="fl-63">
         <path>C:\ti\ccs2040\ccs\tools\compiler\ti-cgt-msp430_21.6.1.LTS\lib\</path>
         <kind>archive</kind>
         <file>rts430x_sc_sd_eabi.lib</file>
         <name>mult1632.asm.obj</name>
      </input_file>
      <input_file id="fl-64">
         <path>C:\ti\ccs2040\ccs\tools\compiler\ti-cgt-msp430_21.6.1.LTS\lib\</path>
         <kind>archive</kind>
         <file>rts430x_sc_sd_eabi.lib</file>
         <name>mult1632_f5hw.asm.obj</name>
      </input_file>
      <input_file id="fl-65">
         <path>C:\ti\ccs2040\ccs\tools\compiler\ti-cgt-msp430_21.6.1.LTS\lib\</path>
         <kind>archive</kind>
         <file>rts430x_sc_sd_eabi.lib</file>
         <name>mult32.asm.obj</name>
      </input_file>
      <input_file id="fl-66">
         <path>C:\ti\ccs2040\ccs\tools\compiler\ti-cgt-msp430_21.6.1.LTS\lib\</path>
         <kind>archive</kind>
         <file>rts430x_sc_sd_eabi.lib</file>
         <name>mult32_f5hw.asm.obj</name>
      </input_file>
      <input_file id="fl-67">
         <path>C:\ti\ccs2040\ccs\tools\compiler\ti-cgt-msp430_21.6.1.LTS\lib\</path>
         <kind>archive</kind>
         <file>rts430x_sc_sd_eabi.lib</file>
         <name>mult3264_f5hw.asm.obj</name>
      </input_file>
      <input_file id="fl-68">
         <path>C:\ti\ccs2040\ccs\tools\compiler\ti-cgt-msp430_21.6.1.LTS\lib\</path>
         <kind>archive</kind>
         <file>rts430x_sc_sd_eabi.lib</file>
         <name>mult64.asm.obj</name>
      </input_file>
      <input_file id="fl-69">
         <path>C:\ti\ccs2040\ccs\tools\compiler\ti-cgt-msp430_21.6.1.LTS\lib\</path>
         <kind>archive</kind>
         <file>rts430x_sc_sd_eabi.lib</file>
         <name>mult64_f5hw.asm.obj</name>
      </input_file>
      <input_file id="fl-6a">
         <path>C:\ti\ccs2040\ccs\tools\compiler\ti-cgt-msp430_21.6.1.LTS\lib\</path>
         <kind>archive</kind>
         <file>rts430x_sc_sd_eabi.lib</file>
         <name>boot.c.obj</name>
      </input_file>
      <input_file id="fl-6b">
         <path>C:\ti\ccs2040\ccs\tools\compiler\ti-cgt-msp430_21.6.1.LTS\lib\</path>
         <kind>archive</kind>
         <file>rts430x_sc_sd_eabi.lib</file>
         <name>autoinit.c.obj</name>
      </input_file>
      <input_file id="fl-6c">
         <path>C:\ti\ccs2040\ccs\tools\compiler\ti-cgt-msp430_21.6.1.LTS\lib\</path>
         <kind>archive</kind>
         <file>rts430x_sc_sd_eabi.lib</file>
         <name>copy_zero_init.c.obj</name>
      </input_file>
      <input_file id="fl-6d">
         <path>C:\ti\ccs2040\ccs\tools\compiler\ti-cgt-msp430_21.6.1.LTS\lib\</path>
         <kind>archive</kind>
         <file>rts430x_sc_sd_eabi.lib</file>
         <name>cpy_tbl.c.obj</name>
      </input_file>
      <input_file id="fl-6e">
         <path>C:\ti\ccs2040\ccs\tools\compiler\ti-cgt-msp430_21.6.1.LTS\lib\</path>
         <kind>archive</kind>
         <file>rts430x_sc_sd_eabi.lib</file>
         <name>mpu_init.c.obj</name>
      </input_file>
      <input_file id="fl-6f">
         <path>C:\ti\ccs2040\ccs\tools\compiler\ti-cgt-msp430_21.6.1.LTS\lib\</path>
         <kind>archive</kind>
         <file>rts430x_sc_sd_eabi.lib</file>
         <name>lsl64.c.obj</name>
      </input_file>
      <input_file id="fl-70">
         <path>C:\ti\ccs2040\ccs\tools\compiler\ti-cgt-msp430_21.6.1.LTS\lib\</path>
         <kind>archive</kind>
         <file>rts430x_sc_sd_eabi.lib</file>
         <name>lsr64.c.obj</name>
      </input_file>
      <input_file id="fl-71">
         <path>C:\ti\ccs2040\ccs\tools\compiler\ti-cgt-msp430_21.6.1.LTS\lib\</path>
         <kind>archive</kind>
         <file>rts430x_sc_sd_eabi.lib</file>
         <name>startup.c.obj</name>
      </input_file>
      <input_file id="fl-72">
         <path>C:\ti\ccs2040\ccs\tools\compiler\ti-cgt-msp430_21.6.1.LTS\lib\</path>
         <kind>archive</kind>
         <file>rts430x_sc_sd_eabi.lib</file>
         <name>copy_decompress_none.c.obj</name>
      </input_file>
      <input_file id="fl-73">
         <path>C:\ti\ccs2040\ccs\tools\compiler\ti-cgt-msp430_21.6.1.LTS\lib\</path>
         <kind>archive</kind>
         <file>rts430x_sc_sd_eabi.lib</file>
         <name>copy_decompress_lzss.c.obj</name>
      </input_file>
      <input_file id="fl-74">
         <path>C:\ti\ccs2040\ccs\tools\compiler\ti-cgt-msp430_21.6.1.LTS\lib\</path>
         <kind>archive</kind>
         <file>rts430x_sc_sd_eabi.lib</file>
         <name>exit.c.obj</name>
      </input_file>
      <input_file id="fl-75">
         <path>C:\ti\ccs2040\ccs\tools\compiler\ti-cgt-msp430_21.6.1.LTS\lib\</path>
         <kind>archive</kind>
         <file>rts430x_sc_sd_eabi.lib</file>
         <name>_lock.c.obj</name>
      </input_file>
      <input_file id="fl-76">
         <path>C:\ti\ccs2040\ccs\tools\compiler\ti-cgt-msp430_21.6.1.LTS\lib\</path>
         <kind>archive</kind>
         <file>rts430x_sc_sd_eabi.lib</file>
         <name>args_main.c.obj</name>
      </input_file>
      <input_file id="fl-77">
         <path>C:\ti\ccs2040\ccs\tools\compiler\ti-cgt-msp430_21.6.1.LTS\lib\</path>
         <kind>archive</kind>
         <file>rts430x_sc_sd_eabi.lib</file>
         <name>memcpy.c.obj</name>
      </input_file>
      <input_file id="fl-78">
         <path>C:\ti\ccs2040\ccs\tools\compiler\ti-cgt-msp430_21.6.1.LTS\lib\</path>
         <kind>archive</kind>
         <file>rts430x_sc_sd_eabi.lib</file>
         <name>strcmp.c.obj</name>
      </input_file>
      <input_file id="fl-79">
         <path>C:\ti\ccs2040\ccs\tools\compiler\ti-cgt-msp430_21.6.1.LTS\lib\</path>
         <kind>archive</kind>
         <file>rts430x_sc_sd_eabi.lib</file>
         <name>abs.c.obj</name>
      </input_file>
      <input_file id="fl-7a">
         <path>C:\ti\ccs2040\ccs\tools\compiler\ti-cgt-msp430_21.6.1.LTS\lib\</path>
         <kind>archive</kind>
         <file>rts430x_sc_sd_eabi.lib</file>
         <name>exit_gvars.c.obj</name>
      </input_file>
   </input_file_list>
   <object_component_list>
      <object_component id="oc-5e3">
         <name>.cinit..data.load</name>
         <load_address>0xc400</load_address>
         <run_address>0xc400</run_address>
         <size>0xa7</size>
      </object_component>
      <object_component id="oc-5e0">
         <name>__TI_handler_table</name>
         <load_address>0xc4a8</load_address>
         <run_address>0xc4a8</run_address>
         <size>0x6</size>
      </object_component>
      <object_component id="oc-5e2">
         <name>.cinit..bss.load</name>
         <load_address>0xc4ae</load_address>
         <run_address>0xc4ae</run_address>
         <size>0x4</size>
      </object_component>
      <object_component id="oc-5e1">
         <name>__TI_cinit_table</name>
         <load_address>0xc4b2</load_address>
         <run_address>0xc4b2</run_address>
         <size>0x8</size>
      </object_component>
      <object_component id="oc-578">
         <name>.binit</name>
         <load_address>0xc4ba</load_address>
         <run_address>0xc4ba</run_address>
         <size>0x0</size>
      </object_component>
      <object_component id="oc-510">
         <name>.const:.string</name>
         <load_address>0xc4ba</load_address>
         <run_address>0xc4ba</run_address>
         <size>0x1e</size>
         <input_file_ref idref="fl-c"/>
      </object_component>
      <object_component id="oc-367">
         <name>.const:UARTPort</name>
         <load_address>0xc4d8</load_address>
         <run_address>0xc4d8</run_address>
         <size>0x14</size>
         <input_file_ref idref="fl-c"/>
      </object_component>
      <object_component id="oc-4fb">
         <name>.text:CAPT_calibrateGain</name>
         <load_address>0xc4ec</load_address>
         <run_address>0xc4ec</run_address>
         <size>0x1c8</size>
         <input_file_ref idref="fl-1d"/>
      </object_component>
      <object_component id="oc-4fc">
         <name>.text:CAPT_calibrateOffset</name>
         <load_address>0xc6b4</load_address>
         <run_address>0xc6b4</run_address>
         <size>0x19c</size>
         <input_file_ref idref="fl-1d"/>
      </object_component>
      <object_component id="oc-497">
         <name>.text:CAPT_updateSensor</name>
         <load_address>0xc850</load_address>
         <run_address>0xc850</run_address>
         <size>0x164</size>
         <input_file_ref idref="fl-20"/>
      </object_component>
      <object_component id="oc-3f5">
         <name>.text:prepare_tx_for_button</name>
         <load_address>0xc9b4</load_address>
         <run_address>0xc9b4</run_address>
         <size>0xe2</size>
         <input_file_ref idref="fl-c"/>
      </object_component>
      <object_component id="oc-3da">
         <name>.text:CS_initFLL</name>
         <load_address>0xca96</load_address>
         <run_address>0xca96</run_address>
         <size>0xc4</size>
         <input_file_ref idref="fl-21"/>
      </object_component>
      <object_component id="oc-291">
         <name>.text:UART_ISR</name>
         <load_address>0xcb5a</load_address>
         <run_address>0xcb5a</run_address>
         <size>0xb6</size>
         <input_file_ref idref="fl-8"/>
      </object_component>
      <object_component id="oc-3d9">
         <name>.text:CS_initClockSignal</name>
         <load_address>0xcc10</load_address>
         <run_address>0xcc10</run_address>
         <size>0xb4</size>
         <input_file_ref idref="fl-21"/>
      </object_component>
      <object_component id="oc-352">
         <name>.text:BSP_configureMCU</name>
         <load_address>0xccc4</load_address>
         <run_address>0xccc4</run_address>
         <size>0xa8</size>
         <input_file_ref idref="fl-a"/>
      </object_component>
      <object_component id="oc-49a">
         <name>.text:CAPT_testForRecalibration</name>
         <load_address>0xcd6c</load_address>
         <run_address>0xcd6c</run_address>
         <size>0x70</size>
         <input_file_ref idref="fl-20"/>
      </object_component>
      <object_component id="oc-69">
         <name>.text:decompress:lzss:__TI_decompress_lzss</name>
         <load_address>0xcddc</load_address>
         <run_address>0xcddc</run_address>
         <size>0x6e</size>
         <input_file_ref idref="fl-73"/>
      </object_component>
      <object_component id="oc-47b">
         <name>.text:CAPT_initSensor</name>
         <load_address>0xce4a</load_address>
         <run_address>0xce4a</run_address>
         <size>0x6a</size>
         <input_file_ref idref="fl-20"/>
      </object_component>
      <object_component id="oc-50b">
         <name>.text:CAPT_processSensor</name>
         <load_address>0xceb4</load_address>
         <run_address>0xceb4</run_address>
         <size>0x6a</size>
         <input_file_ref idref="fl-20"/>
      </object_component>
      <object_component id="oc-36a">
         <name>.text:UART_openPort</name>
         <load_address>0xcf1e</load_address>
         <run_address>0xcf1e</run_address>
         <size>0x62</size>
         <input_file_ref idref="fl-8"/>
      </object_component>
      <object_component id="oc-30d">
         <name>.text:main</name>
         <load_address>0xcf80</load_address>
         <run_address>0xcf80</run_address>
         <size>0x62</size>
         <input_file_ref idref="fl-2"/>
      </object_component>
      <object_component id="oc-50a">
         <name>.text:CAPT_processFSMCycle</name>
         <load_address>0xcfe2</load_address>
         <run_address>0xcfe2</run_address>
         <size>0x58</size>
         <input_file_ref idref="fl-20"/>
      </object_component>
      <object_component id="oc-408">
         <name>.text:CAPT_updateUI</name>
         <load_address>0xd03a</load_address>
         <run_address>0xd03a</run_address>
         <size>0x58</size>
         <input_file_ref idref="fl-3"/>
      </object_component>
      <object_component id="oc-550">
         <name>.text:CAPT_updateSensorNoise</name>
         <load_address>0xd092</load_address>
         <run_address>0xd092</run_address>
         <size>0x56</size>
         <input_file_ref idref="fl-20"/>
      </object_component>
      <object_component id="oc-37f">
         <name>.text:process_rx</name>
         <load_address>0xd0e8</load_address>
         <run_address>0xd0e8</run_address>
         <size>0x54</size>
         <input_file_ref idref="fl-c"/>
      </object_component>
      <object_component id="oc-3b0">
         <name>.text:__TI_auto_init_nobinit_nopinit_hold_wdt:__TI_auto_init_nobinit_nopinit_hold_wdt</name>
         <load_address>0xd13c</load_address>
         <run_address>0xd13c</run_address>
         <size>0x52</size>
         <input_file_ref idref="fl-6b"/>
      </object_component>
      <object_component id="oc-4a9">
         <name>.text:parse_command</name>
         <load_address>0xd18e</load_address>
         <run_address>0xd18e</run_address>
         <size>0x52</size>
         <input_file_ref idref="fl-c"/>
      </object_component>
      <object_component id="oc-552">
         <name>.text:CAPT_preProcessSlider</name>
         <load_address>0xd1e0</load_address>
         <run_address>0xd1e0</run_address>
         <size>0x4e</size>
         <input_file_ref idref="fl-20"/>
      </object_component>
      <object_component id="oc-575">
         <name>.text:CAPT_flagAllElementsForReseed</name>
         <load_address>0xd22e</load_address>
         <run_address>0xd22e</run_address>
         <size>0x48</size>
         <input_file_ref idref="fl-20"/>
      </object_component>
      <object_component id="oc-50e">
         <name>.text:CAPT_loadCycle</name>
         <load_address>0xd276</load_address>
         <run_address>0xd276</run_address>
         <size>0x48</size>
         <input_file_ref idref="fl-20"/>
      </object_component>
      <object_component id="oc-4c7">
         <name>.text:recalib_handling</name>
         <load_address>0xd2be</load_address>
         <run_address>0xd2be</run_address>
         <size>0x44</size>
         <input_file_ref idref="fl-c"/>
      </object_component>
      <object_component id="oc-421">
         <name>.text:UART_transmitBuffer</name>
         <load_address>0xd302</load_address>
         <run_address>0xd302</run_address>
         <size>0x42</size>
         <input_file_ref idref="fl-8"/>
      </object_component>
      <object_component id="oc-379">
         <name>.text:transmit_pending_data</name>
         <load_address>0xd344</load_address>
         <run_address>0xd344</run_address>
         <size>0x42</size>
         <input_file_ref idref="fl-c"/>
      </object_component>
      <object_component id="oc-286">
         <name>.text:CAPT_ISR</name>
         <load_address>0xd386</load_address>
         <run_address>0xd386</run_address>
         <size>0x40</size>
         <input_file_ref idref="fl-4"/>
      </object_component>
      <object_component id="oc-3e0">
         <name>.text:CAPT_initUI</name>
         <load_address>0xd3c6</load_address>
         <run_address>0xd3c6</run_address>
         <size>0x40</size>
         <input_file_ref idref="fl-3"/>
      </object_component>
      <object_component id="oc-4bb">
         <name>.text:disable_handling</name>
         <load_address>0xd406</load_address>
         <run_address>0xd406</run_address>
         <size>0x40</size>
         <input_file_ref idref="fl-c"/>
      </object_component>
      <object_component id="oc-4b5">
         <name>.text:enable_handling</name>
         <load_address>0xd446</load_address>
         <run_address>0xd446</run_address>
         <size>0x40</size>
         <input_file_ref idref="fl-c"/>
      </object_component>
      <object_component id="oc-50d">
         <name>.text:CAPT_unloadCycle</name>
         <load_address>0xd486</load_address>
         <run_address>0xd486</run_address>
         <size>0x3e</size>
         <input_file_ref idref="fl-20"/>
      </object_component>
      <object_component id="oc-3d8">
         <name>.text:CS_turnOnXT1LFWithTimeout</name>
         <load_address>0xd4c4</load_address>
         <run_address>0xd4c4</run_address>
         <size>0x3e</size>
         <input_file_ref idref="fl-21"/>
      </object_component>
      <object_component id="oc-4af">
         <name>.text:unknown_handling</name>
         <load_address>0xd502</load_address>
         <run_address>0xd502</run_address>
         <size>0x3c</size>
         <input_file_ref idref="fl-c"/>
      </object_component>
      <object_component id="oc-4c1">
         <name>.text:verify_handling</name>
         <load_address>0xd53e</load_address>
         <run_address>0xd53e</run_address>
         <size>0x3c</size>
         <input_file_ref idref="fl-c"/>
      </object_component>
      <object_component id="oc-358">
         <name>.text:CAPT_appStart</name>
         <load_address>0xd57a</load_address>
         <run_address>0xd57a</run_address>
         <size>0x3a</size>
         <input_file_ref idref="fl-9"/>
      </object_component>
      <object_component id="oc-551">
         <name>.text:CAPT_updateSensorTimeout</name>
         <load_address>0xd5b4</load_address>
         <run_address>0xd5b4</run_address>
         <size>0x36</size>
         <input_file_ref idref="fl-20"/>
      </object_component>
      <object_component id="oc-385">
         <name>.text:CAPT_appSleep</name>
         <load_address>0xd5ea</load_address>
         <run_address>0xd5ea</run_address>
         <size>0x32</size>
         <input_file_ref idref="fl-9"/>
      </object_component>
      <object_component id="oc-533">
         <name>.text:CAPT_startConversionAndWaitUntilDone</name>
         <load_address>0xd61c</load_address>
         <run_address>0xd61c</run_address>
         <size>0x2e</size>
         <input_file_ref idref="fl-20"/>
      </object_component>
      <object_component id="oc-48a">
         <name>.text:calculate_crc16</name>
         <load_address>0xd64a</load_address>
         <run_address>0xd64a</run_address>
         <size>0x2c</size>
         <input_file_ref idref="fl-c"/>
      </object_component>
      <object_component id="oc-373">
         <name>.text:CAPT_appHandler</name>
         <load_address>0xd676</load_address>
         <run_address>0xd676</run_address>
         <size>0x2a</size>
         <input_file_ref idref="fl-9"/>
      </object_component>
      <object_component id="oc-431">
         <name>.text:process_command</name>
         <load_address>0xd6a0</load_address>
         <run_address>0xd6a0</run_address>
         <size>0x28</size>
         <input_file_ref idref="fl-c"/>
      </object_component>
      <object_component id="oc-50c">
         <name>.text:CAPT_blockOnFlag</name>
         <load_address>0xd6c8</load_address>
         <run_address>0xd6c8</run_address>
         <size>0x26</size>
         <input_file_ref idref="fl-20"/>
      </object_component>
      <object_component id="oc-40e">
         <name>.text:CAPT_getGlobalUIProximityStatus</name>
         <load_address>0xd6ee</load_address>
         <run_address>0xd6ee</run_address>
         <size>0x24</size>
         <input_file_ref idref="fl-3"/>
      </object_component>
      <object_component id="oc-437">
         <name>.text:uart_read</name>
         <load_address>0xd712</load_address>
         <run_address>0xd712</run_address>
         <size>0x24</size>
         <input_file_ref idref="fl-c"/>
      </object_component>
      <object_component id="oc-47e">
         <name>.text:CAPT_calibrateSensor</name>
         <load_address>0xd736</load_address>
         <run_address>0xd736</run_address>
         <size>0x22</size>
         <input_file_ref idref="fl-1d"/>
      </object_component>
      <object_component id="oc-3e6">
         <name>.text:CAPT_calibrateUI</name>
         <load_address>0xd758</load_address>
         <run_address>0xd758</run_address>
         <size>0x20</size>
         <input_file_ref idref="fl-3"/>
      </object_component>
      <object_component id="oc-47a">
         <name>.text:CAPT_init</name>
         <load_address>0xd778</load_address>
         <run_address>0xd778</run_address>
         <size>0x20</size>
         <input_file_ref idref="fl-1f"/>
      </object_component>
      <object_component id="oc-498">
         <name>.text:CAPT_testForMaxCountRecalibration</name>
         <load_address>0xd798</load_address>
         <run_address>0xd798</run_address>
         <size>0x20</size>
         <input_file_ref idref="fl-20"/>
      </object_component>
      <object_component id="oc-3fd">
         <name>.text:uart_rx_callback</name>
         <load_address>0xd7b8</load_address>
         <run_address>0xd7b8</run_address>
         <size>0x20</size>
         <input_file_ref idref="fl-c"/>
      </object_component>
      <object_component id="oc-3db">
         <name>.text:CS_clearAllOscFlagsWithTimeout</name>
         <load_address>0xd7d8</load_address>
         <run_address>0xd7d8</run_address>
         <size>0x1e</size>
         <input_file_ref idref="fl-21"/>
      </object_component>
      <object_component id="oc-2a9">
         <name>.text:_c_int00_noargs</name>
         <load_address>0xd7f6</load_address>
         <run_address>0xd7f6</run_address>
         <size>0x1c</size>
         <input_file_ref idref="fl-6a"/>
      </object_component>
      <object_component id="oc-499">
         <name>.text:CAPT_testForNegativeTouchRecalibration</name>
         <load_address>0xd812</load_address>
         <run_address>0xd812</run_address>
         <size>0x18</size>
         <input_file_ref idref="fl-20"/>
      </object_component>
      <object_component id="oc-511">
         <name>.text:strcmp</name>
         <load_address>0xd82a</load_address>
         <run_address>0xd82a</run_address>
         <size>0x18</size>
         <input_file_ref idref="fl-78"/>
      </object_component>
      <object_component id="oc-3d6">
         <name>.text:FRAMCtl_configureWaitStateControl</name>
         <load_address>0xd842</load_address>
         <run_address>0xd842</run_address>
         <size>0x16</size>
         <input_file_ref idref="fl-22"/>
      </object_component>
      <object_component id="oc-297">
         <name>.text:decompress:ZI:__TI_zero_init_nomemset:__TI_zero_init_nomemset</name>
         <load_address>0xd858</load_address>
         <run_address>0xd858</run_address>
         <size>0x14</size>
         <input_file_ref idref="fl-6c"/>
      </object_component>
      <object_component id="oc-419">
         <name>.text</name>
         <load_address>0xd86c</load_address>
         <run_address>0xd86c</run_address>
         <size>0x14</size>
         <input_file_ref idref="fl-62"/>
      </object_component>
      <object_component id="oc-6f">
         <name>.text:decompress:none:__TI_decompress_none</name>
         <load_address>0xd880</load_address>
         <run_address>0xd880</run_address>
         <size>0x12</size>
         <input_file_ref idref="fl-72"/>
      </object_component>
      <object_component id="oc-279">
         <name>.text:memcpy</name>
         <load_address>0xd892</load_address>
         <run_address>0xd892</run_address>
         <size>0x12</size>
         <input_file_ref idref="fl-77"/>
      </object_component>
      <object_component id="oc-3d7">
         <name>.text:CS_setExternalClockSource</name>
         <load_address>0xd8a4</load_address>
         <run_address>0xd8a4</run_address>
         <size>0xa</size>
         <input_file_ref idref="fl-21"/>
      </object_component>
      <object_component id="oc-307">
         <name>.text:_system_pre_init</name>
         <load_address>0xd8ae</load_address>
         <run_address>0xd8ae</run_address>
         <size>0xa</size>
         <input_file_ref idref="fl-a"/>
      </object_component>
      <object_component id="oc-28c">
         <name>.text:_isr:__TI_ISR_TRAP</name>
         <load_address>0xd8b8</load_address>
         <run_address>0xd8b8</run_address>
         <size>0x8</size>
         <input_file_ref idref="fl-5c"/>
      </object_component>
      <object_component id="oc-50f">
         <name>.text:CAPT_clearIFG</name>
         <load_address>0xd8c0</load_address>
         <run_address>0xd8c0</run_address>
         <size>0x6</size>
         <input_file_ref idref="fl-1f"/>
      </object_component>
      <object_component id="oc-2e9">
         <name>.text:CAPT_getInterruptVector</name>
         <load_address>0xd8c6</load_address>
         <run_address>0xd8c6</run_address>
         <size>0x6</size>
         <input_file_ref idref="fl-1f"/>
      </object_component>
      <object_component id="oc-38c">
         <name>.text:abort</name>
         <load_address>0xd8cc</load_address>
         <run_address>0xd8cc</run_address>
         <size>0x6</size>
         <input_file_ref idref="fl-74"/>
      </object_component>
      <object_component id="oc-361">
         <name>.text:btn00_callback</name>
         <load_address>0xd8d2</load_address>
         <run_address>0xd8d2</run_address>
         <size>0x4</size>
         <input_file_ref idref="fl-c"/>
      </object_component>
      <object_component id="oc-451">
         <name>.text:_system_post_cinit</name>
         <load_address>0xd8d6</load_address>
         <run_address>0xd8d6</run_address>
         <size>0x2</size>
         <input_file_ref idref="fl-71"/>
      </object_component>
      <object_component id="oc-41e">
         <name>.bss:tx_buf</name>
         <uninitialized>true</uninitialized>
         <run_address>0x20c0</run_address>
         <size>0x1c</size>
         <input_file_ref idref="fl-c"/>
      </object_component>
      <object_component id="oc-42e">
         <name>.bss:rx_buffer</name>
         <uninitialized>true</uninitialized>
         <run_address>0x2080</run_address>
         <size>0x40</size>
         <input_file_ref idref="fl-c"/>
      </object_component>
      <object_component id="oc-493">
         <name>.bss:rx_ring</name>
         <uninitialized>true</uninitialized>
         <run_address>0x2000</run_address>
         <size>0x80</size>
         <input_file_ref idref="fl-c"/>
      </object_component>
      <object_component id="oc-521">
         <name>.bss:frame$1</name>
         <uninitialized>true</uninitialized>
         <run_address>0x20dc</run_address>
         <size>0xe</size>
         <input_file_ref idref="fl-c"/>
      </object_component>
      <object_component id="oc-51f">
         <name>.bss:frame$2</name>
         <uninitialized>true</uninitialized>
         <run_address>0x20ea</run_address>
         <size>0xe</size>
         <input_file_ref idref="fl-c"/>
      </object_component>
      <object_component id="oc-525">
         <name>.bss:frame$3</name>
         <uninitialized>true</uninitialized>
         <run_address>0x20f8</run_address>
         <size>0xe</size>
         <input_file_ref idref="fl-c"/>
      </object_component>
      <object_component id="oc-523">
         <name>.bss:frame$4</name>
         <uninitialized>true</uninitialized>
         <run_address>0x2106</run_address>
         <size>0xe</size>
         <input_file_ref idref="fl-c"/>
      </object_component>
      <object_component id="oc-51d">
         <name>.bss:frame$5</name>
         <uninitialized>true</uninitialized>
         <run_address>0x2114</run_address>
         <size>0xe</size>
         <input_file_ref idref="fl-c"/>
      </object_component>
      <object_component id="oc-2f0">
         <name>.common:g_bEndOfConversionFlag</name>
         <uninitialized>true</uninitialized>
         <run_address>0x2164</run_address>
         <size>0x1</size>
      </object_component>
      <object_component id="oc-2ef">
         <name>.common:g_bDetectionFlag</name>
         <uninitialized>true</uninitialized>
         <run_address>0x2163</run_address>
         <size>0x1</size>
      </object_component>
      <object_component id="oc-2ee">
         <name>.common:g_bConvTimerFlag</name>
         <uninitialized>true</uninitialized>
         <run_address>0x2162</run_address>
         <size>0x1</size>
      </object_component>
      <object_component id="oc-2ed">
         <name>.common:g_bConvCounterFlag</name>
         <uninitialized>true</uninitialized>
         <run_address>0x2161</run_address>
         <size>0x1</size>
      </object_component>
      <object_component id="oc-2ea">
         <name>.common:g_bMaxCountErrorFlag</name>
         <uninitialized>true</uninitialized>
         <run_address>0x2165</run_address>
         <size>0x1</size>
      </object_component>
      <object_component id="oc-2f8">
         <name>.common:g_pUARTPort</name>
         <uninitialized>true</uninitialized>
         <run_address>0x215a</run_address>
         <size>0x2</size>
      </object_component>
      <object_component id="oc-2f3">
         <name>.common:g_pUARTTransmitPtr</name>
         <uninitialized>true</uninitialized>
         <run_address>0x215c</run_address>
         <size>0x2</size>
      </object_component>
      <object_component id="oc-2f6">
         <name>.common:g_ui16UARTTransmitBytesLeft</name>
         <uninitialized>true</uninitialized>
         <run_address>0x215e</run_address>
         <size>0x2</size>
      </object_component>
      <object_component id="oc-2f7">
         <name>.common:g_UARTStatus</name>
         <uninitialized>true</uninitialized>
         <run_address>0x2160</run_address>
         <size>0x1</size>
      </object_component>
      <object_component id="oc-556">
         <name>.common:BTN00_E00_RawCnts</name>
         <uninitialized>true</uninitialized>
         <run_address>0x214a</run_address>
         <size>0x2</size>
      </object_component>
      <object_component id="oc-555">
         <name>.common:BTN00_E00_Tuning</name>
         <uninitialized>true</uninitialized>
         <run_address>0x212a</run_address>
         <size>0x4</size>
      </object_component>
      <object_component id="oc-55a">
         <name>.common:BTN00_E01_RawCnts</name>
         <uninitialized>true</uninitialized>
         <run_address>0x214c</run_address>
         <size>0x2</size>
      </object_component>
      <object_component id="oc-559">
         <name>.common:BTN00_E01_Tuning</name>
         <uninitialized>true</uninitialized>
         <run_address>0x212e</run_address>
         <size>0x4</size>
      </object_component>
      <object_component id="oc-55e">
         <name>.common:BTN00_E02_RawCnts</name>
         <uninitialized>true</uninitialized>
         <run_address>0x214e</run_address>
         <size>0x2</size>
      </object_component>
      <object_component id="oc-55d">
         <name>.common:BTN00_E02_Tuning</name>
         <uninitialized>true</uninitialized>
         <run_address>0x2132</run_address>
         <size>0x4</size>
      </object_component>
      <object_component id="oc-562">
         <name>.common:BTN00_E03_RawCnts</name>
         <uninitialized>true</uninitialized>
         <run_address>0x2150</run_address>
         <size>0x2</size>
      </object_component>
      <object_component id="oc-561">
         <name>.common:BTN00_E03_Tuning</name>
         <uninitialized>true</uninitialized>
         <run_address>0x2136</run_address>
         <size>0x4</size>
      </object_component>
      <object_component id="oc-566">
         <name>.common:BTN00_E04_RawCnts</name>
         <uninitialized>true</uninitialized>
         <run_address>0x2152</run_address>
         <size>0x2</size>
      </object_component>
      <object_component id="oc-565">
         <name>.common:BTN00_E04_Tuning</name>
         <uninitialized>true</uninitialized>
         <run_address>0x213a</run_address>
         <size>0x4</size>
      </object_component>
      <object_component id="oc-56a">
         <name>.common:BTN00_E05_RawCnts</name>
         <uninitialized>true</uninitialized>
         <run_address>0x2154</run_address>
         <size>0x2</size>
      </object_component>
      <object_component id="oc-569">
         <name>.common:BTN00_E05_Tuning</name>
         <uninitialized>true</uninitialized>
         <run_address>0x213e</run_address>
         <size>0x4</size>
      </object_component>
      <object_component id="oc-56e">
         <name>.common:BTN00_E06_RawCnts</name>
         <uninitialized>true</uninitialized>
         <run_address>0x2156</run_address>
         <size>0x2</size>
      </object_component>
      <object_component id="oc-56d">
         <name>.common:BTN00_E06_Tuning</name>
         <uninitialized>true</uninitialized>
         <run_address>0x2142</run_address>
         <size>0x4</size>
      </object_component>
      <object_component id="oc-572">
         <name>.common:BTN00_E07_RawCnts</name>
         <uninitialized>true</uninitialized>
         <run_address>0x2158</run_address>
         <size>0x2</size>
      </object_component>
      <object_component id="oc-571">
         <name>.common:BTN00_E07_Tuning</name>
         <uninitialized>true</uninitialized>
         <run_address>0x2146</run_address>
         <size>0x4</size>
      </object_component>
      <object_component id="oc-3f0">
         <name>.common:BTN00_Params</name>
         <uninitialized>true</uninitialized>
         <run_address>0x2122</run_address>
         <size>0x8</size>
      </object_component>
      <object_component id="oc-370">
         <name>.data</name>
         <load_address>0x2288</load_address>
         <run_address>0x2288</run_address>
         <size>0x1</size>
         <input_file_ref idref="fl-2"/>
      </object_component>
      <object_component id="oc-414">
         <name>.data</name>
         <load_address>0x2285</load_address>
         <run_address>0x2285</run_address>
         <size>0x1</size>
         <input_file_ref idref="fl-9"/>
      </object_component>
      <object_component id="oc-534">
         <name>.data:BTN00_E00</name>
         <load_address>0x2184</load_address>
         <run_address>0x2184</run_address>
         <size>0x1a</size>
         <input_file_ref idref="fl-b"/>
      </object_component>
      <object_component id="oc-537">
         <name>.data:BTN00_E01</name>
         <load_address>0x219e</load_address>
         <run_address>0x219e</run_address>
         <size>0x1a</size>
         <input_file_ref idref="fl-b"/>
      </object_component>
      <object_component id="oc-53a">
         <name>.data:BTN00_E02</name>
         <load_address>0x21b8</load_address>
         <run_address>0x21b8</run_address>
         <size>0x1a</size>
         <input_file_ref idref="fl-b"/>
      </object_component>
      <object_component id="oc-53d">
         <name>.data:BTN00_E03</name>
         <load_address>0x21d2</load_address>
         <run_address>0x21d2</run_address>
         <size>0x1a</size>
         <input_file_ref idref="fl-b"/>
      </object_component>
      <object_component id="oc-542">
         <name>.data:BTN00_E04</name>
         <load_address>0x21ec</load_address>
         <run_address>0x21ec</run_address>
         <size>0x1a</size>
         <input_file_ref idref="fl-b"/>
      </object_component>
      <object_component id="oc-545">
         <name>.data:BTN00_E05</name>
         <load_address>0x2206</load_address>
         <run_address>0x2206</run_address>
         <size>0x1a</size>
         <input_file_ref idref="fl-b"/>
      </object_component>
      <object_component id="oc-548">
         <name>.data:BTN00_E06</name>
         <load_address>0x2220</load_address>
         <run_address>0x2220</run_address>
         <size>0x1a</size>
         <input_file_ref idref="fl-b"/>
      </object_component>
      <object_component id="oc-54b">
         <name>.data:BTN00_E07</name>
         <load_address>0x223a</load_address>
         <run_address>0x223a</run_address>
         <size>0x1a</size>
         <input_file_ref idref="fl-b"/>
      </object_component>
      <object_component id="oc-4fd">
         <name>.data:BTN00_C00_Elements</name>
         <load_address>0x2262</load_address>
         <run_address>0x2262</run_address>
         <size>0x8</size>
         <input_file_ref idref="fl-b"/>
      </object_component>
      <object_component id="oc-480">
         <name>.data:BTN00_C00</name>
         <load_address>0x2272</load_address>
         <run_address>0x2272</run_address>
         <size>0x4</size>
         <input_file_ref idref="fl-b"/>
      </object_component>
      <object_component id="oc-502">
         <name>.data:BTN00_C01_Elements</name>
         <load_address>0x226a</load_address>
         <run_address>0x226a</run_address>
         <size>0x8</size>
         <input_file_ref idref="fl-b"/>
      </object_component>
      <object_component id="oc-483">
         <name>.data:BTN00_C01</name>
         <load_address>0x2276</load_address>
         <run_address>0x2276</run_address>
         <size>0x4</size>
         <input_file_ref idref="fl-b"/>
      </object_component>
      <object_component id="oc-3ed">
         <name>.data:BTN00_Cycles</name>
         <load_address>0x227a</load_address>
         <run_address>0x227a</run_address>
         <size>0x4</size>
         <input_file_ref idref="fl-b"/>
      </object_component>
      <object_component id="oc-35e">
         <name>.data:BTN00</name>
         <load_address>0x2166</load_address>
         <run_address>0x2166</run_address>
         <size>0x1e</size>
         <input_file_ref idref="fl-b"/>
      </object_component>
      <object_component id="oc-475">
         <name>.data:g_pCaptivateSensorArray</name>
         <load_address>0x2286</load_address>
         <run_address>0x2286</run_address>
         <size>0x2</size>
         <input_file_ref idref="fl-b"/>
      </object_component>
      <object_component id="oc-3dd">
         <name>.data:g_uiApp</name>
         <load_address>0x2254</load_address>
         <run_address>0x2254</run_address>
         <size>0xe</size>
         <input_file_ref idref="fl-b"/>
      </object_component>
      <object_component id="oc-427">
         <name>.data:tx_frame_counts</name>
         <load_address>0x228a</load_address>
         <run_address>0x228a</run_address>
         <size>0x1</size>
         <input_file_ref idref="fl-c"/>
      </object_component>
      <object_component id="oc-416">
         <name>.data:tx_pending_flags</name>
         <load_address>0x228c</load_address>
         <run_address>0x228c</run_address>
         <size>0x1</size>
         <input_file_ref idref="fl-c"/>
      </object_component>
      <object_component id="oc-42b">
         <name>.data</name>
         <load_address>0x2282</load_address>
         <run_address>0x2282</run_address>
         <size>0x3</size>
         <input_file_ref idref="fl-c"/>
      </object_component>
      <object_component id="oc-474">
         <name>.data</name>
         <load_address>0x227e</load_address>
         <run_address>0x227e</run_address>
         <size>0x4</size>
         <input_file_ref idref="fl-21"/>
      </object_component>
      <object_component id="oc-26a">
         <name>.stack</name>
         <uninitialized>true</uninitialized>
         <run_address>0x2f00</run_address>
         <size>0x2</size>
         <input_file_ref idref="fl-6a"/>
      </object_component>
      <object_component id="oc-5e4">
         <name>.stack</name>
         <uninitialized>true</uninitialized>
         <run_address>0x2f00</run_address>
         <size>0x0</size>
      </object_component>
      <object_component id="oc-75">
         <name>.int40</name>
         <load_address>0xffd8</load_address>
         <run_address>0xffd8</run_address>
         <size>0x2</size>
         <input_file_ref idref="fl-4"/>
      </object_component>
      <object_component id="oc-76">
         <name>.int41</name>
         <load_address>0xffda</load_address>
         <run_address>0xffda</run_address>
         <size>0x2</size>
         <input_file_ref idref="fl-4b"/>
      </object_component>
      <object_component id="oc-77">
         <name>.int42</name>
         <load_address>0xffdc</load_address>
         <run_address>0xffdc</run_address>
         <size>0x2</size>
         <input_file_ref idref="fl-4c"/>
      </object_component>
      <object_component id="oc-78">
         <name>.int43</name>
         <load_address>0xffde</load_address>
         <run_address>0xffde</run_address>
         <size>0x2</size>
         <input_file_ref idref="fl-4d"/>
      </object_component>
      <object_component id="oc-79">
         <name>.int44</name>
         <load_address>0xffe0</load_address>
         <run_address>0xffe0</run_address>
         <size>0x2</size>
         <input_file_ref idref="fl-4e"/>
      </object_component>
      <object_component id="oc-7a">
         <name>.int45</name>
         <load_address>0xffe2</load_address>
         <run_address>0xffe2</run_address>
         <size>0x2</size>
         <input_file_ref idref="fl-4f"/>
      </object_component>
      <object_component id="oc-7b">
         <name>.int46</name>
         <load_address>0xffe4</load_address>
         <run_address>0xffe4</run_address>
         <size>0x2</size>
         <input_file_ref idref="fl-8"/>
      </object_component>
      <object_component id="oc-7c">
         <name>.int47</name>
         <load_address>0xffe6</load_address>
         <run_address>0xffe6</run_address>
         <size>0x2</size>
         <input_file_ref idref="fl-50"/>
      </object_component>
      <object_component id="oc-7d">
         <name>.int48</name>
         <load_address>0xffe8</load_address>
         <run_address>0xffe8</run_address>
         <size>0x2</size>
         <input_file_ref idref="fl-51"/>
      </object_component>
      <object_component id="oc-7e">
         <name>.int49</name>
         <load_address>0xffea</load_address>
         <run_address>0xffea</run_address>
         <size>0x2</size>
         <input_file_ref idref="fl-52"/>
      </object_component>
      <object_component id="oc-7f">
         <name>.int50</name>
         <load_address>0xffec</load_address>
         <run_address>0xffec</run_address>
         <size>0x2</size>
         <input_file_ref idref="fl-53"/>
      </object_component>
      <object_component id="oc-80">
         <name>.int51</name>
         <load_address>0xffee</load_address>
         <run_address>0xffee</run_address>
         <size>0x2</size>
         <input_file_ref idref="fl-54"/>
      </object_component>
      <object_component id="oc-81">
         <name>.int52</name>
         <load_address>0xfff0</load_address>
         <run_address>0xfff0</run_address>
         <size>0x2</size>
         <input_file_ref idref="fl-55"/>
      </object_component>
      <object_component id="oc-82">
         <name>.int53</name>
         <load_address>0xfff2</load_address>
         <run_address>0xfff2</run_address>
         <size>0x2</size>
         <input_file_ref idref="fl-56"/>
      </object_component>
      <object_component id="oc-83">
         <name>.int54</name>
         <load_address>0xfff4</load_address>
         <run_address>0xfff4</run_address>
         <size>0x2</size>
         <input_file_ref idref="fl-57"/>
      </object_component>
      <object_component id="oc-84">
         <name>.int55</name>
         <load_address>0xfff6</load_address>
         <run_address>0xfff6</run_address>
         <size>0x2</size>
         <input_file_ref idref="fl-58"/>
      </object_component>
      <object_component id="oc-85">
         <name>.int56</name>
         <load_address>0xfff8</load_address>
         <run_address>0xfff8</run_address>
         <size>0x2</size>
         <input_file_ref idref="fl-59"/>
      </object_component>
      <object_component id="oc-86">
         <name>.int57</name>
         <load_address>0xfffa</load_address>
         <run_address>0xfffa</run_address>
         <size>0x2</size>
         <input_file_ref idref="fl-5a"/>
      </object_component>
      <object_component id="oc-87">
         <name>.int58</name>
         <load_address>0xfffc</load_address>
         <run_address>0xfffc</run_address>
         <size>0x2</size>
         <input_file_ref idref="fl-5b"/>
      </object_component>
      <object_component id="oc-26d">
         <name>.reset</name>
         <load_address>0xfffe</load_address>
         <run_address>0xfffe</run_address>
         <size>0x2</size>
         <input_file_ref idref="fl-6a"/>
      </object_component>
      <object_component id="oc-3cb">
         <name>.debug_info</name>
         <load_address>0x0</load_address>
         <run_address>0x0</run_address>
         <size>0x3e2</size>
         <input_file_ref idref="fl-2"/>
      </object_component>
      <object_component id="oc-371">
         <name>.debug_info</name>
         <load_address>0x3e2</load_address>
         <run_address>0x3e2</run_address>
         <size>0xcb</size>
         <input_file_ref idref="fl-2"/>
      </object_component>
      <object_component id="oc-30e">
         <name>.debug_info</name>
         <load_address>0x4ad</load_address>
         <run_address>0x4ad</run_address>
         <size>0x184</size>
         <input_file_ref idref="fl-2"/>
      </object_component>
      <object_component id="oc-334">
         <name>.debug_info</name>
         <load_address>0x631</load_address>
         <run_address>0x631</run_address>
         <size>0x11e7</size>
         <input_file_ref idref="fl-2"/>
      </object_component>
      <object_component id="oc-345">
         <name>.debug_info</name>
         <load_address>0x1818</load_address>
         <run_address>0x1818</run_address>
         <size>0xbb</size>
         <input_file_ref idref="fl-2"/>
      </object_component>
      <object_component id="oc-33e">
         <name>.debug_info</name>
         <load_address>0x18d3</load_address>
         <run_address>0x18d3</run_address>
         <size>0x26b</size>
         <input_file_ref idref="fl-2"/>
      </object_component>
      <object_component id="oc-3d1">
         <name>.debug_info</name>
         <load_address>0x1b3e</load_address>
         <run_address>0x1b3e</run_address>
         <size>0xee</size>
         <input_file_ref idref="fl-2"/>
      </object_component>
      <object_component id="oc-2fa">
         <name>.debug_info</name>
         <load_address>0x1c2c</load_address>
         <run_address>0x1c2c</run_address>
         <size>0x8b</size>
         <input_file_ref idref="fl-2"/>
      </object_component>
      <object_component id="oc-3cc">
         <name>.debug_info</name>
         <load_address>0x1cb7</load_address>
         <run_address>0x1cb7</run_address>
         <size>0x282</size>
         <input_file_ref idref="fl-2"/>
      </object_component>
      <object_component id="oc-339">
         <name>.debug_info</name>
         <load_address>0x1f39</load_address>
         <run_address>0x1f39</run_address>
         <size>0xbb</size>
         <input_file_ref idref="fl-2"/>
      </object_component>
      <object_component id="oc-34a">
         <name>.debug_info</name>
         <load_address>0x1ff4</load_address>
         <run_address>0x1ff4</run_address>
         <size>0x35</size>
         <input_file_ref idref="fl-2"/>
      </object_component>
      <object_component id="oc-47d">
         <name>.debug_info</name>
         <load_address>0x2029</load_address>
         <run_address>0x2029</run_address>
         <size>0x3b7</size>
         <input_file_ref idref="fl-3"/>
      </object_component>
      <object_component id="oc-409">
         <name>.debug_info</name>
         <load_address>0x23e0</load_address>
         <run_address>0x23e0</run_address>
         <size>0x239</size>
         <input_file_ref idref="fl-3"/>
      </object_component>
      <object_component id="oc-3e2">
         <name>.debug_info</name>
         <load_address>0x2619</load_address>
         <run_address>0x2619</run_address>
         <size>0x1cf</size>
         <input_file_ref idref="fl-3"/>
      </object_component>
      <object_component id="oc-410">
         <name>.debug_info</name>
         <load_address>0x27e8</load_address>
         <run_address>0x27e8</run_address>
         <size>0x1a0</size>
         <input_file_ref idref="fl-3"/>
      </object_component>
      <object_component id="oc-3e8">
         <name>.debug_info</name>
         <load_address>0x2988</load_address>
         <run_address>0x2988</run_address>
         <size>0x1b2</size>
         <input_file_ref idref="fl-3"/>
      </object_component>
      <object_component id="oc-2dd">
         <name>.debug_info</name>
         <load_address>0x2b3a</load_address>
         <run_address>0x2b3a</run_address>
         <size>0x2c</size>
         <input_file_ref idref="fl-3"/>
      </object_component>
      <object_component id="oc-2eb">
         <name>.debug_info</name>
         <load_address>0x2b66</load_address>
         <run_address>0x2b66</run_address>
         <size>0x340</size>
         <input_file_ref idref="fl-4"/>
      </object_component>
      <object_component id="oc-287">
         <name>.debug_info</name>
         <load_address>0x2ea6</load_address>
         <run_address>0x2ea6</run_address>
         <size>0x14d</size>
         <input_file_ref idref="fl-4"/>
      </object_component>
      <object_component id="oc-2f4">
         <name>.debug_info</name>
         <load_address>0x2ff3</load_address>
         <run_address>0x2ff3</run_address>
         <size>0x3cc</size>
         <input_file_ref idref="fl-8"/>
      </object_component>
      <object_component id="oc-425">
         <name>.debug_info</name>
         <load_address>0x33bf</load_address>
         <run_address>0x33bf</run_address>
         <size>0x1a7</size>
         <input_file_ref idref="fl-8"/>
      </object_component>
      <object_component id="oc-36e">
         <name>.debug_info</name>
         <load_address>0x3566</load_address>
         <run_address>0x3566</run_address>
         <size>0x175</size>
         <input_file_ref idref="fl-8"/>
      </object_component>
      <object_component id="oc-295">
         <name>.debug_info</name>
         <load_address>0x36db</load_address>
         <run_address>0x36db</run_address>
         <size>0x1b7</size>
         <input_file_ref idref="fl-8"/>
      </object_component>
      <object_component id="oc-359">
         <name>.debug_info</name>
         <load_address>0x3892</load_address>
         <run_address>0x3892</run_address>
         <size>0x189</size>
         <input_file_ref idref="fl-9"/>
      </object_component>
      <object_component id="oc-386">
         <name>.debug_info</name>
         <load_address>0x3a1b</load_address>
         <run_address>0x3a1b</run_address>
         <size>0x13e</size>
         <input_file_ref idref="fl-9"/>
      </object_component>
      <object_component id="oc-374">
         <name>.debug_info</name>
         <load_address>0x3b59</load_address>
         <run_address>0x3b59</run_address>
         <size>0x199</size>
         <input_file_ref idref="fl-9"/>
      </object_component>
      <object_component id="oc-308">
         <name>.debug_info</name>
         <load_address>0x3cf2</load_address>
         <run_address>0x3cf2</run_address>
         <size>0x13f</size>
         <input_file_ref idref="fl-a"/>
      </object_component>
      <object_component id="oc-353">
         <name>.debug_info</name>
         <load_address>0x3e31</load_address>
         <run_address>0x3e31</run_address>
         <size>0x256</size>
         <input_file_ref idref="fl-a"/>
      </object_component>
      <object_component id="oc-3f1">
         <name>.debug_info</name>
         <load_address>0x4087</load_address>
         <run_address>0x4087</run_address>
         <size>0x508</size>
         <input_file_ref idref="fl-b"/>
      </object_component>
      <object_component id="oc-535">
         <name>.debug_info</name>
         <load_address>0x458f</load_address>
         <run_address>0x458f</run_address>
         <size>0xe9</size>
         <input_file_ref idref="fl-b"/>
      </object_component>
      <object_component id="oc-538">
         <name>.debug_info</name>
         <load_address>0x4678</load_address>
         <run_address>0x4678</run_address>
         <size>0xe9</size>
         <input_file_ref idref="fl-b"/>
      </object_component>
      <object_component id="oc-53b">
         <name>.debug_info</name>
         <load_address>0x4761</load_address>
         <run_address>0x4761</run_address>
         <size>0xe9</size>
         <input_file_ref idref="fl-b"/>
      </object_component>
      <object_component id="oc-53e">
         <name>.debug_info</name>
         <load_address>0x484a</load_address>
         <run_address>0x484a</run_address>
         <size>0xe9</size>
         <input_file_ref idref="fl-b"/>
      </object_component>
      <object_component id="oc-543">
         <name>.debug_info</name>
         <load_address>0x4933</load_address>
         <run_address>0x4933</run_address>
         <size>0xe9</size>
         <input_file_ref idref="fl-b"/>
      </object_component>
      <object_component id="oc-546">
         <name>.debug_info</name>
         <load_address>0x4a1c</load_address>
         <run_address>0x4a1c</run_address>
         <size>0xe9</size>
         <input_file_ref idref="fl-b"/>
      </object_component>
      <object_component id="oc-549">
         <name>.debug_info</name>
         <load_address>0x4b05</load_address>
         <run_address>0x4b05</run_address>
         <size>0xe9</size>
         <input_file_ref idref="fl-b"/>
      </object_component>
      <object_component id="oc-54c">
         <name>.debug_info</name>
         <load_address>0x4bee</load_address>
         <run_address>0x4bee</run_address>
         <size>0xe9</size>
         <input_file_ref idref="fl-b"/>
      </object_component>
      <object_component id="oc-4fe">
         <name>.debug_info</name>
         <load_address>0x4cd7</load_address>
         <run_address>0x4cd7</run_address>
         <size>0xfb</size>
         <input_file_ref idref="fl-b"/>
      </object_component>
      <object_component id="oc-481">
         <name>.debug_info</name>
         <load_address>0x4dd2</load_address>
         <run_address>0x4dd2</run_address>
         <size>0xe9</size>
         <input_file_ref idref="fl-b"/>
      </object_component>
      <object_component id="oc-503">
         <name>.debug_info</name>
         <load_address>0x4ebb</load_address>
         <run_address>0x4ebb</run_address>
         <size>0xfb</size>
         <input_file_ref idref="fl-b"/>
      </object_component>
      <object_component id="oc-484">
         <name>.debug_info</name>
         <load_address>0x4fb6</load_address>
         <run_address>0x4fb6</run_address>
         <size>0xe9</size>
         <input_file_ref idref="fl-b"/>
      </object_component>
      <object_component id="oc-3ee">
         <name>.debug_info</name>
         <load_address>0x509f</load_address>
         <run_address>0x509f</run_address>
         <size>0xef</size>
         <input_file_ref idref="fl-b"/>
      </object_component>
      <object_component id="oc-35f">
         <name>.debug_info</name>
         <load_address>0x518e</load_address>
         <run_address>0x518e</run_address>
         <size>0xe1</size>
         <input_file_ref idref="fl-b"/>
      </object_component>
      <object_component id="oc-476">
         <name>.debug_info</name>
         <load_address>0x526f</load_address>
         <run_address>0x526f</run_address>
         <size>0x106</size>
         <input_file_ref idref="fl-b"/>
      </object_component>
      <object_component id="oc-3de">
         <name>.debug_info</name>
         <load_address>0x5375</load_address>
         <run_address>0x5375</run_address>
         <size>0xe6</size>
         <input_file_ref idref="fl-b"/>
      </object_component>
      <object_component id="oc-3fc">
         <name>.debug_info</name>
         <load_address>0x545b</load_address>
         <run_address>0x545b</run_address>
         <size>0x367</size>
         <input_file_ref idref="fl-c"/>
      </object_component>
      <object_component id="oc-41f">
         <name>.debug_info</name>
         <load_address>0x57c2</load_address>
         <run_address>0x57c2</run_address>
         <size>0xd3</size>
         <input_file_ref idref="fl-c"/>
      </object_component>
      <object_component id="oc-428">
         <name>.debug_info</name>
         <load_address>0x5895</load_address>
         <run_address>0x5895</run_address>
         <size>0xe5</size>
         <input_file_ref idref="fl-c"/>
      </object_component>
      <object_component id="oc-417">
         <name>.debug_info</name>
         <load_address>0x597a</load_address>
         <run_address>0x597a</run_address>
         <size>0xe7</size>
         <input_file_ref idref="fl-c"/>
      </object_component>
      <object_component id="oc-42f">
         <name>.debug_info</name>
         <load_address>0x5a61</load_address>
         <run_address>0x5a61</run_address>
         <size>0xd9</size>
         <input_file_ref idref="fl-c"/>
      </object_component>
      <object_component id="oc-42c">
         <name>.debug_info</name>
         <load_address>0x5b3a</load_address>
         <run_address>0x5b3a</run_address>
         <size>0x113</size>
         <input_file_ref idref="fl-c"/>
      </object_component>
      <object_component id="oc-494">
         <name>.debug_info</name>
         <load_address>0x5c4d</load_address>
         <run_address>0x5c4d</run_address>
         <size>0xd5</size>
         <input_file_ref idref="fl-c"/>
      </object_component>
      <object_component id="oc-368">
         <name>.debug_info</name>
         <load_address>0x5d22</load_address>
         <run_address>0x5d22</run_address>
         <size>0xd9</size>
         <input_file_ref idref="fl-c"/>
      </object_component>
      <object_component id="oc-48c">
         <name>.debug_info</name>
         <load_address>0x5dfb</load_address>
         <run_address>0x5dfb</run_address>
         <size>0x14d</size>
         <input_file_ref idref="fl-c"/>
      </object_component>
      <object_component id="oc-4c2">
         <name>.debug_info</name>
         <load_address>0x5f48</load_address>
         <run_address>0x5f48</run_address>
         <size>0x17d</size>
         <input_file_ref idref="fl-c"/>
      </object_component>
      <object_component id="oc-4b0">
         <name>.debug_info</name>
         <load_address>0x60c5</load_address>
         <run_address>0x60c5</run_address>
         <size>0x182</size>
         <input_file_ref idref="fl-c"/>
      </object_component>
      <object_component id="oc-3ff">
         <name>.debug_info</name>
         <load_address>0x6247</load_address>
         <run_address>0x6247</run_address>
         <size>0x180</size>
         <input_file_ref idref="fl-c"/>
      </object_component>
      <object_component id="oc-438">
         <name>.debug_info</name>
         <load_address>0x63c7</load_address>
         <run_address>0x63c7</run_address>
         <size>0x13c</size>
         <input_file_ref idref="fl-c"/>
      </object_component>
      <object_component id="oc-37b">
         <name>.debug_info</name>
         <load_address>0x6503</load_address>
         <run_address>0x6503</run_address>
         <size>0x16f</size>
         <input_file_ref idref="fl-c"/>
      </object_component>
      <object_component id="oc-4c8">
         <name>.debug_info</name>
         <load_address>0x6672</load_address>
         <run_address>0x6672</run_address>
         <size>0x196</size>
         <input_file_ref idref="fl-c"/>
      </object_component>
      <object_component id="oc-4aa">
         <name>.debug_info</name>
         <load_address>0x6808</load_address>
         <run_address>0x6808</run_address>
         <size>0x17f</size>
         <input_file_ref idref="fl-c"/>
      </object_component>
      <object_component id="oc-4b6">
         <name>.debug_info</name>
         <load_address>0x6987</load_address>
         <run_address>0x6987</run_address>
         <size>0x17d</size>
         <input_file_ref idref="fl-c"/>
      </object_component>
      <object_component id="oc-4bc">
         <name>.debug_info</name>
         <load_address>0x6b04</load_address>
         <run_address>0x6b04</run_address>
         <size>0x17f</size>
         <input_file_ref idref="fl-c"/>
      </object_component>
      <object_component id="oc-432">
         <name>.debug_info</name>
         <load_address>0x6c83</load_address>
         <run_address>0x6c83</run_address>
         <size>0x1c0</size>
         <input_file_ref idref="fl-c"/>
      </object_component>
      <object_component id="oc-380">
         <name>.debug_info</name>
         <load_address>0x6e43</load_address>
         <run_address>0x6e43</run_address>
         <size>0x16b</size>
         <input_file_ref idref="fl-c"/>
      </object_component>
      <object_component id="oc-3f6">
         <name>.debug_info</name>
         <load_address>0x6fae</load_address>
         <run_address>0x6fae</run_address>
         <size>0x20c</size>
         <input_file_ref idref="fl-c"/>
      </object_component>
      <object_component id="oc-362">
         <name>.debug_info</name>
         <load_address>0x71ba</load_address>
         <run_address>0x71ba</run_address>
         <size>0x156</size>
         <input_file_ref idref="fl-c"/>
      </object_component>
      <object_component id="oc-518">
         <name>.debug_info</name>
         <load_address>0x7310</load_address>
         <run_address>0x7310</run_address>
         <size>0x6a</size>
         <input_file_ref idref="fl-c"/>
      </object_component>
      <object_component id="oc-28d">
         <name>.debug_info</name>
         <load_address>0x737a</load_address>
         <run_address>0x737a</run_address>
         <size>0xdd</size>
         <input_file_ref idref="fl-5c"/>
      </object_component>
      <object_component id="oc-41b">
         <name>.debug_info</name>
         <load_address>0x7457</load_address>
         <run_address>0x7457</run_address>
         <size>0xf3</size>
         <input_file_ref idref="fl-62"/>
      </object_component>
      <object_component id="oc-26b">
         <name>.debug_info</name>
         <load_address>0x754a</load_address>
         <run_address>0x754a</run_address>
         <size>0xce</size>
         <input_file_ref idref="fl-6a"/>
      </object_component>
      <object_component id="oc-2ad">
         <name>.debug_info</name>
         <load_address>0x7618</load_address>
         <run_address>0x7618</run_address>
         <size>0x148</size>
         <input_file_ref idref="fl-6a"/>
      </object_component>
      <object_component id="oc-274">
         <name>.debug_info</name>
         <load_address>0x7760</load_address>
         <run_address>0x7760</run_address>
         <size>0x84</size>
         <input_file_ref idref="fl-6a"/>
      </object_component>
      <object_component id="oc-458">
         <name>.debug_info</name>
         <load_address>0x77e4</load_address>
         <run_address>0x77e4</run_address>
         <size>0x3ac</size>
         <input_file_ref idref="fl-6b"/>
      </object_component>
      <object_component id="oc-3b1">
         <name>.debug_info</name>
         <load_address>0x7b90</load_address>
         <run_address>0x7b90</run_address>
         <size>0x1df</size>
         <input_file_ref idref="fl-6b"/>
      </object_component>
      <object_component id="oc-4e6">
         <name>.debug_info</name>
         <load_address>0x7d6f</load_address>
         <run_address>0x7d6f</run_address>
         <size>0x39</size>
         <input_file_ref idref="fl-6b"/>
      </object_component>
      <object_component id="oc-4f2">
         <name>.debug_info</name>
         <load_address>0x7da8</load_address>
         <run_address>0x7da8</run_address>
         <size>0x2c</size>
         <input_file_ref idref="fl-6b"/>
      </object_component>
      <object_component id="oc-463">
         <name>.debug_info</name>
         <load_address>0x7dd4</load_address>
         <run_address>0x7dd4</run_address>
         <size>0x2c</size>
         <input_file_ref idref="fl-6b"/>
      </object_component>
      <object_component id="oc-4eb">
         <name>.debug_info</name>
         <load_address>0x7e00</load_address>
         <run_address>0x7e00</run_address>
         <size>0xcd</size>
         <input_file_ref idref="fl-6b"/>
      </object_component>
      <object_component id="oc-305">
         <name>.debug_info</name>
         <load_address>0x7ecd</load_address>
         <run_address>0x7ecd</run_address>
         <size>0x143</size>
         <input_file_ref idref="fl-6c"/>
      </object_component>
      <object_component id="oc-299">
         <name>.debug_info</name>
         <load_address>0x8010</load_address>
         <run_address>0x8010</run_address>
         <size>0x1a0</size>
         <input_file_ref idref="fl-6c"/>
      </object_component>
      <object_component id="oc-300">
         <name>.debug_info</name>
         <load_address>0x81b0</load_address>
         <run_address>0x81b0</run_address>
         <size>0x46</size>
         <input_file_ref idref="fl-6c"/>
      </object_component>
      <object_component id="oc-454">
         <name>.debug_info</name>
         <load_address>0x81f6</load_address>
         <run_address>0x81f6</run_address>
         <size>0x11e</size>
         <input_file_ref idref="fl-71"/>
      </object_component>
      <object_component id="oc-285">
         <name>.debug_info</name>
         <load_address>0x8314</load_address>
         <run_address>0x8314</run_address>
         <size>0x14e</size>
         <input_file_ref idref="fl-72"/>
      </object_component>
      <object_component id="oc-71">
         <name>.debug_info</name>
         <load_address>0x8462</load_address>
         <run_address>0x8462</run_address>
         <size>0x1b8</size>
         <input_file_ref idref="fl-72"/>
      </object_component>
      <object_component id="oc-280">
         <name>.debug_info</name>
         <load_address>0x861a</load_address>
         <run_address>0x861a</run_address>
         <size>0x46</size>
         <input_file_ref idref="fl-72"/>
      </object_component>
      <object_component id="oc-2e2">
         <name>.debug_info</name>
         <load_address>0x8660</load_address>
         <run_address>0x8660</run_address>
         <size>0x2c</size>
         <input_file_ref idref="fl-72"/>
      </object_component>
      <object_component id="oc-2da">
         <name>.debug_info</name>
         <load_address>0x868c</load_address>
         <run_address>0x868c</run_address>
         <size>0x144</size>
         <input_file_ref idref="fl-73"/>
      </object_component>
      <object_component id="oc-6b">
         <name>.debug_info</name>
         <load_address>0x87d0</load_address>
         <run_address>0x87d0</run_address>
         <size>0x21e</size>
         <input_file_ref idref="fl-73"/>
      </object_component>
      <object_component id="oc-26f">
         <name>.debug_info</name>
         <load_address>0x89ee</load_address>
         <run_address>0x89ee</run_address>
         <size>0x60</size>
         <input_file_ref idref="fl-73"/>
      </object_component>
      <object_component id="oc-329">
         <name>.debug_info</name>
         <load_address>0x8a4e</load_address>
         <run_address>0x8a4e</run_address>
         <size>0x46</size>
         <input_file_ref idref="fl-73"/>
      </object_component>
      <object_component id="oc-2d5">
         <name>.debug_info</name>
         <load_address>0x8a94</load_address>
         <run_address>0x8a94</run_address>
         <size>0x39</size>
         <input_file_ref idref="fl-73"/>
      </object_component>
      <object_component id="oc-38f">
         <name>.debug_info</name>
         <load_address>0x8acd</load_address>
         <run_address>0x8acd</run_address>
         <size>0xf0</size>
         <input_file_ref idref="fl-74"/>
      </object_component>
      <object_component id="oc-2dc">
         <name>.debug_info</name>
         <load_address>0x8bbd</load_address>
         <run_address>0x8bbd</run_address>
         <size>0x14f</size>
         <input_file_ref idref="fl-77"/>
      </object_component>
      <object_component id="oc-27b">
         <name>.debug_info</name>
         <load_address>0x8d0c</load_address>
         <run_address>0x8d0c</run_address>
         <size>0x148</size>
         <input_file_ref idref="fl-77"/>
      </object_component>
      <object_component id="oc-554">
         <name>.debug_info</name>
         <load_address>0x8e54</load_address>
         <run_address>0x8e54</run_address>
         <size>0x130</size>
         <input_file_ref idref="fl-78"/>
      </object_component>
      <object_component id="oc-514">
         <name>.debug_info</name>
         <load_address>0x8f84</load_address>
         <run_address>0x8f84</run_address>
         <size>0x1e1</size>
         <input_file_ref idref="fl-78"/>
      </object_component>
      <object_component id="oc-5e5">
         <name>.debug_info</name>
         <load_address>0x9165</load_address>
         <run_address>0x9165</run_address>
         <size>0x9a</size>
      </object_component>
      <object_component id="oc-473">
         <name>.debug_line</name>
         <load_address>0x0</load_address>
         <run_address>0x0</run_address>
         <size>0x1b5</size>
         <input_file_ref idref="fl-2"/>
      </object_component>
      <object_component id="oc-407">
         <name>.debug_line</name>
[...]
      <symbol id="sm-1e9">
         <name>__TI_pprof_out_hndl</name>
         <value>0xffffffff</value>
      </symbol>
      <symbol id="sm-1ea">
         <name>__TI_prof_data_start</name>
         <value>0xffffffff</value>
      </symbol>
      <symbol id="sm-1eb">
         <name>__TI_prof_data_size</name>
         <value>0xffffffff</value>
      </symbol>
      <symbol id="sm-27f">
         <name>isFrozen</name>
         <value>0x2288</value>
         <object_component_ref idref="oc-370"/>
      </symbol>
      <symbol id="sm-280">
         <name>main</name>
         <value>0xcf80</value>
         <object_component_ref idref="oc-30d"/>
      </symbol>
      <symbol id="sm-2b1">
         <name>CAPT_updateUI</name>
         <value>0xd03a</value>
         <object_component_ref idref="oc-408"/>
      </symbol>
      <symbol id="sm-2b2">
         <name>CAPT_getGlobalUIProximityStatus</name>
         <value>0xd6ee</value>
         <object_component_ref idref="oc-40e"/>
      </symbol>
      <symbol id="sm-2b3">
         <name>CAPT_initUI</name>
         <value>0xd3c6</value>
         <object_component_ref idref="oc-3e0"/>
      </symbol>
      <symbol id="sm-2b4">
         <name>CAPT_calibrateUI</name>
         <value>0xd758</value>
         <object_component_ref idref="oc-3e6"/>
      </symbol>
      <symbol id="sm-2c7">
         <name>g_bEndOfConversionFlag</name>
         <value>0x2164</value>
      </symbol>
      <symbol id="sm-2c8">
         <name>g_bDetectionFlag</name>
         <value>0x2163</value>
      </symbol>
      <symbol id="sm-2c9">
         <name>g_bConvTimerFlag</name>
         <value>0x2162</value>
      </symbol>
      <symbol id="sm-2ca">
         <name>g_bConvCounterFlag</name>
         <value>0x2161</value>
      </symbol>
      <symbol id="sm-2cb">
         <name>g_bMaxCountErrorFlag</name>
         <value>0x2165</value>
      </symbol>
      <symbol id="sm-2cc">
         <name>__TI_int40</name>
         <value>0xffd8</value>
         <object_component_ref idref="oc-75"/>
      </symbol>
      <symbol id="sm-2cd">
         <name>CAPT_ISR</name>
         <value>0xd386</value>
         <object_component_ref idref="oc-286"/>
      </symbol>
      <symbol id="sm-2f4">
         <name>g_pUARTPort</name>
         <value>0x215a</value>
      </symbol>
      <symbol id="sm-2f5">
         <name>g_pUARTTransmitPtr</name>
         <value>0x215c</value>
      </symbol>
      <symbol id="sm-2f6">
         <name>g_ui16UARTTransmitBytesLeft</name>
         <value>0x215e</value>
      </symbol>
      <symbol id="sm-2f7">
         <name>g_UARTStatus</name>
         <value>0x2160</value>
      </symbol>
      <symbol id="sm-2f8">
         <name>UART_openPort</name>
         <value>0xcf1e</value>
         <object_component_ref idref="oc-36a"/>
      </symbol>
      <symbol id="sm-2f9">
         <name>__TI_int46</name>
         <value>0xffe4</value>
         <object_component_ref idref="oc-7b"/>
      </symbol>
      <symbol id="sm-2fa">
         <name>UART_ISR</name>
         <value>0xcb5a</value>
         <object_component_ref idref="oc-291"/>
      </symbol>
      <symbol id="sm-2fb">
         <name>UART_transmitBuffer</name>
         <value>0xd302</value>
         <object_component_ref idref="oc-421"/>
      </symbol>
      <symbol id="sm-316">
         <name>CAPT_appHandler</name>
         <value>0xd676</value>
         <object_component_ref idref="oc-373"/>
      </symbol>
      <symbol id="sm-317">
         <name>CAPT_appStart</name>
         <value>0xd57a</value>
         <object_component_ref idref="oc-358"/>
      </symbol>
      <symbol id="sm-318">
         <name>CAPT_appSleep</name>
         <value>0xd5ea</value>
         <object_component_ref idref="oc-385"/>
      </symbol>
      <symbol id="sm-32a">
         <name>BSP_configureMCU</name>
         <value>0xccc4</value>
         <object_component_ref idref="oc-352"/>
      </symbol>
      <symbol id="sm-32b">
         <name>_system_pre_init</name>
         <value>0xd8ae</value>
         <object_component_ref idref="oc-307"/>
      </symbol>
      <symbol id="sm-381">
         <name>BTN00_E00_RawCnts</name>
         <value>0x214a</value>
      </symbol>
      <symbol id="sm-382">
         <name>BTN00_E00_Tuning</name>
         <value>0x212a</value>
      </symbol>
      <symbol id="sm-383">
         <name>BTN00_E01_RawCnts</name>
         <value>0x214c</value>
      </symbol>
      <symbol id="sm-384">
         <name>BTN00_E01_Tuning</name>
         <value>0x212e</value>
      </symbol>
      <symbol id="sm-385">
         <name>BTN00_E02_RawCnts</name>
         <value>0x214e</value>
      </symbol>
      <symbol id="sm-386">
         <name>BTN00_E02_Tuning</name>
         <value>0x2132</value>
      </symbol>
      <symbol id="sm-387">
         <name>BTN00_E03_RawCnts</name>
         <value>0x2150</value>
      </symbol>
      <symbol id="sm-388">
         <name>BTN00_E03_Tuning</name>
         <value>0x2136</value>
      </symbol>
      <symbol id="sm-389">
         <name>BTN00_E04_RawCnts</name>
         <value>0x2152</value>
      </symbol>
      <symbol id="sm-38a">
         <name>BTN00_E04_Tuning</name>
         <value>0x213a</value>
      </symbol>
      <symbol id="sm-38b">
         <name>BTN00_E05_RawCnts</name>
         <value>0x2154</value>
      </symbol>
      <symbol id="sm-38c">
         <name>BTN00_E05_Tuning</name>
         <value>0x213e</value>
      </symbol>
      <symbol id="sm-38d">
         <name>BTN00_E06_RawCnts</name>
         <value>0x2156</value>
      </symbol>
      <symbol id="sm-38e">
         <name>BTN00_E06_Tuning</name>
         <value>0x2142</value>
      </symbol>
      <symbol id="sm-38f">
         <name>BTN00_E07_RawCnts</name>
         <value>0x2158</value>
      </symbol>
      <symbol id="sm-390">
         <name>BTN00_E07_Tuning</name>
         <value>0x2146</value>
      </symbol>
      <symbol id="sm-391">
         <name>BTN00_Params</name>
         <value>0x2122</value>
      </symbol>
      <symbol id="sm-392">
         <name>BTN00_C01_Elements</name>
         <value>0x226a</value>
         <object_component_ref idref="oc-502"/>
      </symbol>
      <symbol id="sm-393">
         <name>BTN00_Cycles</name>
         <value>0x227a</value>
         <object_component_ref idref="oc-3ed"/>
      </symbol>
      <symbol id="sm-394">
         <name>BTN00_E04</name>
         <value>0x21ec</value>
         <object_component_ref idref="oc-542"/>
      </symbol>
      <symbol id="sm-395">
         <name>BTN00_E05</name>
         <value>0x2206</value>
         <object_component_ref idref="oc-545"/>
      </symbol>
      <symbol id="sm-396">
         <name>BTN00_E06</name>
         <value>0x2220</value>
         <object_component_ref idref="oc-548"/>
      </symbol>
      <symbol id="sm-397">
         <name>BTN00_E07</name>
         <value>0x223a</value>
         <object_component_ref idref="oc-54b"/>
      </symbol>
      <symbol id="sm-398">
         <name>BTN00_E00</name>
         <value>0x2184</value>
         <object_component_ref idref="oc-534"/>
      </symbol>
      <symbol id="sm-399">
         <name>BTN00_E01</name>
         <value>0x219e</value>
         <object_component_ref idref="oc-537"/>
      </symbol>
      <symbol id="sm-39a">
         <name>BTN00_E02</name>
         <value>0x21b8</value>
         <object_component_ref idref="oc-53a"/>
      </symbol>
      <symbol id="sm-39b">
         <name>BTN00_E03</name>
         <value>0x21d2</value>
         <object_component_ref idref="oc-53d"/>
      </symbol>
      <symbol id="sm-39c">
         <name>BTN00_C00_Elements</name>
         <value>0x2262</value>
         <object_component_ref idref="oc-4fd"/>
      </symbol>
      <symbol id="sm-39d">
         <name>g_pCaptivateSensorArray</name>
         <value>0x2286</value>
         <object_component_ref idref="oc-475"/>
      </symbol>
      <symbol id="sm-39e">
         <name>BTN00_C00</name>
         <value>0x2272</value>
         <object_component_ref idref="oc-480"/>
      </symbol>
      <symbol id="sm-39f">
         <name>BTN00_C01</name>
         <value>0x2276</value>
         <object_component_ref idref="oc-483"/>
      </symbol>
      <symbol id="sm-3a0">
         <name>g_uiApp</name>
         <value>0x2254</value>
         <object_component_ref idref="oc-3dd"/>
      </symbol>
      <symbol id="sm-3a1">
         <name>BTN00</name>
         <value>0x2166</value>
         <object_component_ref idref="oc-35e"/>
      </symbol>
      <symbol id="sm-46a">
         <name>uart_rx_callback</name>
         <value>0xd7b8</value>
         <object_component_ref idref="oc-3fd"/>
      </symbol>
      <symbol id="sm-46b">
         <name>parse_command</name>
         <value>0xd18e</value>
         <object_component_ref idref="oc-4a9"/>
      </symbol>
      <symbol id="sm-46c">
         <name>recalib_handling</name>
         <value>0xd2be</value>
         <object_component_ref idref="oc-4c7"/>
      </symbol>
      <symbol id="sm-46d">
         <name>transmit_pending_data</name>
         <value>0xd344</value>
         <object_component_ref idref="oc-379"/>
      </symbol>
      <symbol id="sm-46e">
         <name>unknown_handling</name>
         <value>0xd502</value>
         <object_component_ref idref="oc-4af"/>
      </symbol>
      <symbol id="sm-46f">
         <name>verify_handling</name>
         <value>0xd53e</value>
         <object_component_ref idref="oc-4c1"/>
      </symbol>
      <symbol id="sm-470">
         <name>disable_handling</name>
         <value>0xd406</value>
         <object_component_ref idref="oc-4bb"/>
      </symbol>
      <symbol id="sm-471">
         <name>process_command</name>
         <value>0xd6a0</value>
         <object_component_ref idref="oc-431"/>
      </symbol>
      <symbol id="sm-472">
         <name>uart_read</name>
         <value>0xd712</value>
         <object_component_ref idref="oc-437"/>
      </symbol>
      <symbol id="sm-473">
         <name>btn00_callback</name>
         <value>0xd8d2</value>
         <object_component_ref idref="oc-361"/>
      </symbol>
      <symbol id="sm-474">
         <name>enable_handling</name>
         <value>0xd446</value>
         <object_component_ref idref="oc-4b5"/>
      </symbol>
      <symbol id="sm-475">
         <name>process_rx</name>
         <value>0xd0e8</value>
         <object_component_ref idref="oc-37f"/>
      </symbol>
      <symbol id="sm-476">
         <name>UARTPort</name>
         <value>0xc4d8</value>
         <object_component_ref idref="oc-367"/>
      </symbol>
      <symbol id="sm-49e">
         <name>CAPT_calibrateOffset</name>
         <value>0xc6b4</value>
         <object_component_ref idref="oc-4fc"/>
      </symbol>
      <symbol id="sm-49f">
         <name>CAPT_calibrateGain</name>
         <value>0xc4ec</value>
         <object_component_ref idref="oc-4fb"/>
      </symbol>
      <symbol id="sm-4a0">
         <name>CAPT_calibrateSensor</name>
         <value>0xd736</value>
         <object_component_ref idref="oc-47e"/>
      </symbol>
      <symbol id="sm-4a6">
         <name>CAPT_getInterruptVector</name>
         <value>0xd8c6</value>
         <object_component_ref idref="oc-2e9"/>
      </symbol>
      <symbol id="sm-4a7">
         <name>CAPT_init</name>
         <value>0xd778</value>
         <object_component_ref idref="oc-47a"/>
      </symbol>
      <symbol id="sm-4a8">
         <name>CAPT_clearIFG</name>
         <value>0xd8c0</value>
         <object_component_ref idref="oc-50f"/>
      </symbol>
      <symbol id="sm-4eb">
         <name>CAPT_updateSensorTimeout</name>
         <value>0xd5b4</value>
         <object_component_ref idref="oc-551"/>
      </symbol>
      <symbol id="sm-4ec">
         <name>CAPT_updateSensor</name>
         <value>0xc850</value>
         <object_component_ref idref="oc-497"/>
      </symbol>
      <symbol id="sm-4ed">
         <name>CAPT_processSensor</name>
         <value>0xceb4</value>
         <object_component_ref idref="oc-50b"/>
      </symbol>
      <symbol id="sm-4ee">
         <name>CAPT_flagAllElementsForReseed</name>
         <value>0xd22e</value>
         <object_component_ref idref="oc-575"/>
      </symbol>
      <symbol id="sm-4ef">
         <name>CAPT_blockOnFlag</name>
         <value>0xd6c8</value>
         <object_component_ref idref="oc-50c"/>
      </symbol>
      <symbol id="sm-4f0">
         <name>CAPT_startConversionAndWaitUntilDone</name>
         <value>0xd61c</value>
         <object_component_ref idref="oc-533"/>
      </symbol>
      <symbol id="sm-4f1">
         <name>CAPT_unloadCycle</name>
         <value>0xd486</value>
         <object_component_ref idref="oc-50d"/>
      </symbol>
      <symbol id="sm-4f2">
         <name>CAPT_testForRecalibration</name>
         <value>0xcd6c</value>
         <object_component_ref idref="oc-49a"/>
      </symbol>
      <symbol id="sm-4f3">
         <name>CAPT_initSensor</name>
         <value>0xce4a</value>
         <object_component_ref idref="oc-47b"/>
      </symbol>
      <symbol id="sm-4f4">
         <name>CAPT_preProcessSlider</name>
         <value>0xd1e0</value>
         <object_component_ref idref="oc-552"/>
      </symbol>
      <symbol id="sm-4f5">
         <name>CAPT_loadCycle</name>
         <value>0xd276</value>
         <object_component_ref idref="oc-50e"/>
      </symbol>
      <symbol id="sm-4f6">
         <name>CAPT_updateSensorNoise</name>
         <value>0xd092</value>
         <object_component_ref idref="oc-550"/>
      </symbol>
      <symbol id="sm-4f7">
         <name>CAPT_processFSMCycle</name>
         <value>0xcfe2</value>
         <object_component_ref idref="oc-50a"/>
      </symbol>
      <symbol id="sm-4f8">
         <name>CAPT_testForNegativeTouchRecalibration</name>
         <value>0xd812</value>
         <object_component_ref idref="oc-499"/>
      </symbol>
      <symbol id="sm-4f9">
         <name>CAPT_testForMaxCountRecalibration</name>
         <value>0xd798</value>
         <object_component_ref idref="oc-498"/>
      </symbol>
      <symbol id="sm-51f">
         <name>CS_clearAllOscFlagsWithTimeout</name>
         <value>0xd7d8</value>
         <object_component_ref idref="oc-3db"/>
      </symbol>
      <symbol id="sm-520">
         <name>CS_initFLL</name>
         <value>0xca96</value>
         <object_component_ref idref="oc-3da"/>
      </symbol>
      <symbol id="sm-521">
         <name>CS_setExternalClockSource</name>
         <value>0xd8a4</value>
         <object_component_ref idref="oc-3d7"/>
      </symbol>
      <symbol id="sm-522">
         <name>CS_turnOnXT1LFWithTimeout</name>
         <value>0xd4c4</value>
         <object_component_ref idref="oc-3d8"/>
      </symbol>
      <symbol id="sm-523">
         <name>CS_initClockSignal</name>
         <value>0xcc10</value>
         <object_component_ref idref="oc-3d9"/>
      </symbol>
      <symbol id="sm-526">
         <name>FRAMCtl_configureWaitStateControl</name>
         <value>0xd842</value>
         <object_component_ref idref="oc-3d6"/>
      </symbol>
      <symbol id="sm-52d">
         <name>__TI_int41</name>
         <value>0xffda</value>
         <object_component_ref idref="oc-76"/>
      </symbol>
      <symbol id="sm-530">
         <name>__TI_int42</name>
         <value>0xffdc</value>
         <object_component_ref idref="oc-77"/>
      </symbol>
      <symbol id="sm-533">
         <name>__TI_int43</name>
         <value>0xffde</value>
         <object_component_ref idref="oc-78"/>
      </symbol>
      <symbol id="sm-536">
         <name>__TI_int44</name>
         <value>0xffe0</value>
         <object_component_ref idref="oc-79"/>
      </symbol>
      <symbol id="sm-539">
         <name>__TI_int45</name>
         <value>0xffe2</value>
         <object_component_ref idref="oc-7a"/>
      </symbol>
      <symbol id="sm-53c">
         <name>__TI_int47</name>
         <value>0xffe6</value>
         <object_component_ref idref="oc-7c"/>
      </symbol>
      <symbol id="sm-53f">
         <name>__TI_int48</name>
         <value>0xffe8</value>
         <object_component_ref idref="oc-7d"/>
      </symbol>
      <symbol id="sm-542">
         <name>__TI_int49</name>
         <value>0xffea</value>
         <object_component_ref idref="oc-7e"/>
      </symbol>
      <symbol id="sm-545">
         <name>__TI_int50</name>
         <value>0xffec</value>
         <object_component_ref idref="oc-7f"/>
      </symbol>
      <symbol id="sm-548">
         <name>__TI_int51</name>
         <value>0xffee</value>
         <object_component_ref idref="oc-80"/>
      </symbol>
      <symbol id="sm-54b">
         <name>__TI_int52</name>
         <value>0xfff0</value>
         <object_component_ref idref="oc-81"/>
      </symbol>
      <symbol id="sm-54e">
         <name>__TI_int53</name>
         <value>0xfff2</value>
         <object_component_ref idref="oc-82"/>
      </symbol>
      <symbol id="sm-551">
         <name>__TI_int54</name>
         <value>0xfff4</value>
         <object_component_ref idref="oc-83"/>
      </symbol>
      <symbol id="sm-554">
         <name>__TI_int55</name>
         <value>0xfff6</value>
         <object_component_ref idref="oc-84"/>
      </symbol>
      <symbol id="sm-557">
         <name>__TI_int56</name>
         <value>0xfff8</value>
         <object_component_ref idref="oc-85"/>
      </symbol>
      <symbol id="sm-55a">
         <name>__TI_int57</name>
         <value>0xfffa</value>
         <object_component_ref idref="oc-86"/>
      </symbol>
      <symbol id="sm-55d">
         <name>__TI_int58</name>
         <value>0xfffc</value>
         <object_component_ref idref="oc-87"/>
      </symbol>
      <symbol id="sm-565">
         <name>__TI_ISR_TRAP</name>
         <value>0xd8b8</value>
         <object_component_ref idref="oc-28c"/>
      </symbol>
      <symbol id="sm-572">
         <name>__mspabi_mpyi_f5hw</name>
         <value>0xd86c</value>
         <object_component_ref idref="oc-419"/>
      </symbol>
      <symbol id="sm-58e">
         <name>_stack</name>
         <value>0x2f00</value>
         <object_component_ref idref="oc-26a"/>
      </symbol>
      <symbol id="sm-58f">
         <name>_c_int00_noargs</name>
         <value>0xd7f6</value>
         <object_component_ref idref="oc-2a9"/>
      </symbol>
      <symbol id="sm-590">
         <name>_reset_vector</name>
         <value>0xfffe</value>
         <object_component_ref idref="oc-26d"/>
      </symbol>
      <symbol id="sm-5b2">
         <name>__TI_auto_init_nobinit_nopinit_hold_wdt</name>
         <value>0xd13c</value>
         <object_component_ref idref="oc-3b0"/>
      </symbol>
      <symbol id="sm-5c5">
         <name>__TI_zero_init_nomemset</name>
         <value>0xd858</value>
         <object_component_ref idref="oc-297"/>
      </symbol>
      <symbol id="sm-5d2">
         <name>_system_post_cinit</name>
         <value>0xd8d6</value>
         <object_component_ref idref="oc-451"/>
      </symbol>
      <symbol id="sm-5e8">
         <name>__TI_decompress_none</name>
         <value>0xd880</value>
         <object_component_ref idref="oc-6f"/>
      </symbol>
      <symbol id="sm-60b">
         <name>__TI_decompress_lzss</name>
         <value>0xcddc</value>
         <object_component_ref idref="oc-69"/>
      </symbol>
      <symbol id="sm-615">
         <name>C$$EXIT</name>
         <value>0xd8cc</value>
         <object_component_ref idref="oc-38c"/>
      </symbol>
      <symbol id="sm-616">
         <name>abort</name>
         <value>0xd8cc</value>
         <object_component_ref idref="oc-38c"/>
      </symbol>
      <symbol id="sm-626">
         <name>memcpy</name>
         <value>0xd892</value>
         <object_component_ref idref="oc-279"/>
      </symbol>
      <symbol id="sm-634">
         <name>strcmp</name>
         <value>0xd82a</value>
         <object_component_ref idref="oc-511"/>
      </symbol>
   </symbol_table>
   <title>Link successful</title>
</link_info>
